Archive member included to satisfy reference by file (symbol)

/opt/st/stm32cubeide_1.19.0/plugins/com.st.stm32cube.ide.mcu.externaltools.gnu-tools-for-stm32.13.3.rel1.linux64_1.0.0.202410170706/tools/bin/../lib/gcc/arm-none-eabi/13.3.1/../../../../arm-none-eabi/lib/thumb/v8-m.main+fp/hard/libc_nano.a(libc_a-exit.o)
                              /opt/st/stm32cubeide_1.19.0/plugins/com.st.stm32cube.ide.mcu.externaltools.gnu-tools-for-stm32.13.3.rel1.linux64_1.0.0.202410170706/tools/bin/../lib/gcc/arm-none-eabi/13.3.1/../../../../arm-none-eabi/lib/thumb/v8-m.main+fp/hard/crt0.o (exit)
/opt/st/stm32cubeide_1.19.0/plugins/com.st.stm32cube.ide.mcu.externaltools.gnu-tools-for-stm32.13.3.rel1.linux64_1.0.0.202410170706/tools/bin/../lib/gcc/arm-none-eabi/13.3.1/../../../../arm-none-eabi/lib/thumb/v8-m.main+fp/hard/libc_nano.a(libc_a-findfp.o)
                              /opt/st/stm32cubeide_1.19.0/plugins/com.st.stm32cube.ide.mcu.externaltools.gnu-tools-for-stm32.13.3.rel1.linux64_1.0.0.202410170706/tools/bin/../lib/gcc/arm-none-eabi/13.3.1/../../../../arm-none-eabi/lib/thumb/v8-m.main+fp/hard/libc_nano.a(libc_a-exit.o) (__stdio_exit_handler)
/opt/st/stm32cubeide_1.19.0/plugins/com.st.stm32cube.ide.mcu.externaltools.gnu-tools-for-stm32.13.3.rel1.linux64_1.0.0.202410170706/tools/bin/../lib/gcc/arm-none-eabi/13.3.1/../../../../arm-none-eabi/lib/thumb/v8-m.main+fp/hard/libc_nano.a(libc_a-fwalk.o)
                              /opt/st/stm32cubeide_1.19.0/plugins/com.st.stm32cube.ide.mcu.externaltools.gnu-tools-for-stm32.13.3.rel1.linux64_1.0.0.202410170706/tools/bin/../lib/gcc/arm-none-eabi/13.3.1/../../../../arm-none-eabi/lib/thumb/v8-m.main+fp/hard/libc_nano.a(libc_a-findfp.o) (_fwalk_sglue)
/opt/st/stm32cubeide_1.19.0/plugins/com.st.stm32cube.ide.mcu.externaltools.gnu-tools-for-stm32.13.3.rel1.linux64_1.0.0.202410170706/tools/bin/../lib/gcc/arm-none-eabi/13.3.1/../../../../arm-none-eabi/lib/thumb/v8-m.main+fp/hard/libc_nano.a(libc_a-stdio.o)
                              /opt/st/stm32cubeide_1.19.0/plugins/com.st.stm32cube.ide.mcu.externaltools.gnu-tools-for-stm32.13.3.rel1.linux64_1.0.0.202410170706/tools/bin/../lib/gcc/arm-none-eabi/13.3.1/../../../../arm-none-eabi/lib/thumb/v8-m.main+fp/hard/libc_nano.a(libc_a-findfp.o) (__sread)
/opt/st/stm32cubeide_1.19.0/plugins/com.st.stm32cube.ide.mcu.externaltools.gnu-tools-for-stm32.13.3.rel1.linux64_1.0.0.202410170706/tools/bin/../lib/gcc/arm-none-eabi/13.3.1/../../../../arm-none-eabi/lib/thumb/v8-m.main+fp/hard/libc_nano.a(libc_a-memmove.o)
                              ./Drivers/STM32H5xx_HAL_Driver/Src/stm32h5xx_hal_dma_ex.o (memmove)
/opt/st/stm32cubeide_1.19.0/plugins/com.st.stm32cube.ide.mcu.externaltools.gnu-tools-for-stm32.13.3.rel1.linux64_1.0.0.202410170706/tools/bin/../lib/gcc/arm-none-eabi/13.3.1/../../../../arm-none-eabi/lib/thumb/v8-m.main+fp/hard/libc_nano.a(libc_a-memset.o)
                              /opt/st/stm32cubeide_1.19.0/plugins/com.st.stm32cube.ide.mcu.externaltools.gnu-tools-for-stm32.13.3.rel1.linux64_1.0.0.202410170706/tools/bin/../lib/gcc/arm-none-eabi/13.3.1/../../../../arm-none-eabi/lib/thumb/v8-m.main+fp/hard/crt0.o (memset)
/opt/st/stm32cubeide_1.19.0/plugins/com.st.stm32cube.ide.mcu.externaltools.gnu-tools-for-stm32.13.3.rel1.linux64_1.0.0.202410170706/tools/bin/../lib/gcc/arm-none-eabi/13.3.1/../../../../arm-none-eabi/lib/thumb/v8-m.main+fp/hard/libc_nano.a(libc_a-closer.o)
                              /opt/st/stm32cubeide_1.19.0/plugins/com.st.stm32cube.ide.mcu.externaltools.gnu-tools-for-stm32.13.3.rel1.linux64_1.0.0.202410170706/tools/bin/../lib/gcc/arm-none-eabi/13.3.1/../../../../arm-none-eabi/lib/thumb/v8-m.main+fp/hard/libc_nano.a(libc_a-stdio.o) (_close_r)
/opt/st/stm32cubeide_1.19.0/plugins/com.st.stm32cube.ide.mcu.externaltools.gnu-tools-for-stm32.13.3.rel1.linux64_1.0.0.202410170706/tools/bin/../lib/gcc/arm-none-eabi/13.3.1/../../../../arm-none-eabi/lib/thumb/v8-m.main+fp/hard/libc_nano.a(libc_a-reent.o)
                              /opt/st/stm32cubeide_1.19.0/plugins/com.st.stm32cube.ide.mcu.externaltools.gnu-tools-for-stm32.13.3.rel1.linux64_1.0.0.202410170706/tools/bin/../lib/gcc/arm-none-eabi/13.3.1/../../../../arm-none-eabi/lib/thumb/v8-m.main+fp/hard/libc_nano.a(libc_a-closer.o) (errno)
/opt/st/stm32cubeide_1.19.0/plugins/com.st.stm32cube.ide.mcu.externaltools.gnu-tools-for-stm32.13.3.rel1.linux64_1.0.0.202410170706/tools/bin/../lib/gcc/arm-none-eabi/13.3.1/../../../../arm-none-eabi/lib/thumb/v8-m.main+fp/hard/libc_nano.a(libc_a-impure.o)
                              /opt/st/stm32cubeide_1.19.0/plugins/com.st.stm32cube.ide.mcu.externaltools.gnu-tools-for-stm32.13.3.rel1.linux64_1.0.0.202410170706/tools/bin/../lib/gcc/arm-none-eabi/13.3.1/../../../../arm-none-eabi/lib/thumb/v8-m.main+fp/hard/libc_nano.a(libc_a-reent.o) (_impure_ptr)
[...]
Memory Configuration

Name             Origin             Length             Attributes
RAM              0x20000000         0x00008000         xrw
FLASH            0x08000000         0x00006000         xr
*default*        0x00000000         0xffffffff

Linker script and memory map

LOAD /opt/st/stm32cubeide_1.19.0/plugins/com.st.stm32cube.ide.mcu.externaltools.gnu-tools-for-stm32.13.3.rel1.linux64_1.0.0.202410170706/tools/bin/../lib/gcc/arm-none-eabi/13.3.1/thumb/v8-m.main+fp/hard/crti.o
LOAD /opt/st/stm32cubeide_1.19.0/plugins/com.st.stm32cube.ide.mcu.externaltools.gnu-tools-for-stm32.13.3.rel1.linux64_1.0.0.202410170706/tools/bin/../lib/gcc/arm-none-eabi/13.3.1/thumb/v8-m.main+fp/hard/crtbegin.o
LOAD /opt/st/stm32cubeide_1.19.0/plugins/com.st.stm32cube.ide.mcu.externaltools.gnu-tools-for-stm32.13.3.rel1.linux64_1.0.0.202410170706/tools/bin/../lib/gcc/arm-none-eabi/13.3.1/../../../../arm-none-eabi/lib/thumb/v8-m.main+fp/hard/crt0.o
LOAD ./Core/Src/gpdma.o
LOAD ./Core/Src/gpio.o
LOAD ./Core/Src/main.o
LOAD ./Core/Src/stm32h5xx_hal_msp.o
LOAD ./Core/Src/stm32h5xx_it.o
LOAD ./Core/Src/syscalls.o
LOAD ./Core/Src/sysmem.o
LOAD ./Core/Src/system_stm32h5xx.o
LOAD ./Core/Src/usart.o
LOAD ./Core/Startup/startup_stm32h503cbtx.o
LOAD ./Drivers/STM32H5xx_HAL_Driver/Src/stm32h5xx_hal.o
LOAD ./Drivers/STM32H5xx_HAL_Driver/Src/stm32h5xx_hal_cortex.o
LOAD ./Drivers/STM32H5xx_HAL_Driver/Src/stm32h5xx_hal_dma.o
LOAD ./Drivers/STM32H5xx_HAL_Driver/Src/stm32h5xx_hal_dma_ex.o
LOAD ./Drivers/STM32H5xx_HAL_Driver/Src/stm32h5xx_hal_exti.o
LOAD ./Drivers/STM32H5xx_HAL_Driver/Src/stm32h5xx_hal_flash.o
LOAD ./Drivers/STM32H5xx_HAL_Driver/Src/stm32h5xx_hal_flash_ex.o
LOAD ./Drivers/STM32H5xx_HAL_Driver/Src/stm32h5xx_hal_gpio.o
LOAD ./Drivers/STM32H5xx_HAL_Driver/Src/stm32h5xx_hal_pwr.o
LOAD ./Drivers/STM32H5xx_HAL_Driver/Src/stm32h5xx_hal_pwr_ex.o
LOAD ./Drivers/STM32H5xx_HAL_Driver/Src/stm32h5xx_hal_rcc.o
LOAD ./Drivers/STM32H5xx_HAL_Driver/Src/stm32h5xx_hal_rcc_ex.o
LOAD ./Drivers/STM32H5xx_HAL_Driver/Src/stm32h5xx_hal_uart.o
LOAD ./Drivers/STM32H5xx_HAL_Driver/Src/stm32h5xx_hal_uart_ex.o
LOAD ./IAP/src/common.o
LOAD ./IAP/src/iap.o
LOAD ./IAP/src/iap_image.o
LOAD ./IAP/src/protocol.o
LOAD ./IAP/src/stmflash.o
START GROUP
LOAD /opt/st/stm32cubeide_1.19.0/plugins/com.st.stm32cube.ide.mcu.externaltools.gnu-tools-for-stm32.13.3.rel1.linux64_1.0.0.202410170706/tools/bin/../lib/gcc/arm-none-eabi/13.3.1/../../../../arm-none-eabi/lib/thumb/v8-m.main+fp/hard/libc_nano.a
LOAD /opt/st/stm32cubeide_1.19.0/plugins/com.st.stm32cube.ide.mcu.externaltools.gnu-tools-for-stm32.13.3.rel1.linux64_1.0.0.202410170706/tools/bin/../lib/gcc/arm-none-eabi/13.3.1/../../../../arm-none-eabi/lib/thumb/v8-m.main+fp/hard/libm.a
END GROUP
START GROUP
LOAD /opt/st/stm32cubeide_1.19.0/plugins/com.st.stm32cube.ide.mcu.externaltools.gnu-tools-for-stm32.13.3.rel1.linux64_1.0.0.202410170706/tools/bin/../lib/gcc/arm-none-eabi/13.3.1/thumb/v8-m.main+fp/hard/libgcc.a
LOAD /opt/st/stm32cubeide_1.19.0/plugins/com.st.stm32cube.ide.mcu.externaltools.gnu-tools-for-stm32.13.3.rel1.linux64_1.0.0.202410170706/tools/bin/../lib/gcc/arm-none-eabi/13.3.1/../../../../arm-none-eabi/lib/thumb/v8-m.main+fp/hard/libc_nano.a
END GROUP
START GROUP
LOAD /opt/st/stm32cubeide_1.19.0/plugins/com.st.stm32cube.ide.mcu.externaltools.gnu-tools-for-stm32.13.3.rel1.linux64_1.0.0.202410170706/tools/bin/../lib/gcc/arm-none-eabi/13.3.1/thumb/v8-m.main+fp/hard/libgcc.a
LOAD /opt/st/stm32cubeide_1.19.0/plugins/com.st.stm32cube.ide.mcu.externaltools.gnu-tools-for-stm32.13.3.rel1.linux64_1.0.0.202410170706/tools/bin/../lib/gcc/arm-none-eabi/13.3.1/../../../../arm-none-eabi/lib/thumb/v8-m.main+fp/hard/libc_nano.a
LOAD /opt/st/stm32cubeide_1.19.0/plugins/com.st.stm32cube.ide.mcu.externaltools.gnu-tools-for-stm32.13.3.rel1.linux64_1.0.0.202410170706/tools/bin/../lib/gcc/arm-none-eabi/13.3.1/../../../../arm-none-eabi/lib/thumb/v8-m.main+fp/hard/libnosys.a
END GROUP
START GROUP
LOAD /opt/st/stm32cubeide_1.19.0/plugins/com.st.stm32cube.ide.mcu.externaltools.gnu-tools-for-stm32.13.3.rel1.linux64_1.0.0.202410170706/tools/bin/../lib/gcc/arm-none-eabi/13.3.1/thumb/v8-m.main+fp/hard/libgcc.a
LOAD /opt/st/stm32cubeide_1.19.0/plugins/com.st.stm32cube.ide.mcu.externaltools.gnu-tools-for-stm32.13.3.rel1.linux64_1.0.0.202410170706/tools/bin/../lib/gcc/arm-none-eabi/13.3.1/../../../../arm-none-eabi/lib/thumb/v8-m.main+fp/hard/libc_nano.a
LOAD /opt/st/stm32cubeide_1.19.0/plugins/com.st.stm32cube.ide.mcu.externaltools.gnu-tools-for-stm32.13.3.rel1.linux64_1.0.0.202410170706/tools/bin/../lib/gcc/arm-none-eabi/13.3.1/../../../../arm-none-eabi/lib/thumb/v8-m.main+fp/hard/libnosys.a
END GROUP
LOAD /opt/st/stm32cubeide_1.19.0/plugins/com.st.stm32cube.ide.mcu.externaltools.gnu-tools-for-stm32.13.3.rel1.linux64_1.0.0.202410170706/tools/bin/../lib/gcc/arm-none-eabi/13.3.1/thumb/v8-m.main+fp/hard/crtend.o
LOAD /opt/st/stm32cubeide_1.19.0/plugins/com.st.stm32cube.ide.mcu.externaltools.gnu-tools-for-stm32.13.3.rel1.linux64_1.0.0.202410170706/tools/bin/../lib/gcc/arm-none-eabi/13.3.1/thumb/v8-m.main+fp/hard/crtn.o
                0x20008000                        _estack = (ORIGIN (RAM) + LENGTH (RAM))
                0x00000200                        _Min_Heap_Size = 0x200
                0x00000400                        _Min_Stack_Size = 0x400

.isr_vector     0x08000000      0x258
                0x08000000                        . = ALIGN (0x4)
 *(.isr_vector)
 .isr_vector    0x08000000      0x258 ./Core/Startup/startup_stm32h503cbtx.o
                0x08000000                g_pfnVectors
                0x08000258                        . = ALIGN (0x4)

.text           0x08000258     0x5784
                0x08000258                        . = ALIGN (0x4)
 *(.text)
 .text          0x08000258       0x40 /opt/st/stm32cubeide_1.19.0/plugins/com.st.stm32cube.ide.mcu.externaltools.gnu-tools-for-stm32.13.3.rel1.linux64_1.0.0.202410170706/tools/bin/../lib/gcc/arm-none-eabi/13.3.1/thumb/v8-m.main+fp/hard/crtbegin.o
 .text          0x08000298       0x30 /opt/st/stm32cubeide_1.19.0/plugins/com.st.stm32cube.ide.mcu.externaltools.gnu-tools-for-stm32.13.3.rel1.linux64_1.0.0.202410170706/tools/bin/../lib/gcc/arm-none-eabi/13.3.1/thumb/v8-m.main+fp/hard/libgcc.a(_aeabi_uldivmod.o)
                0x08000298                __aeabi_uldivmod
 .text          0x080002c8      0x348 /opt/st/stm32cubeide_1.19.0/plugins/com.st.stm32cube.ide.mcu.externaltools.gnu-tools-for-stm32.13.3.rel1.linux64_1.0.0.202410170706/tools/bin/../lib/gcc/arm-none-eabi/13.3.1/thumb/v8-m.main+fp/hard/libgcc.a(_udivmoddi4.o)
                0x080002c8                __udivmoddi4
 .text          0x08000610        0x4 /opt/st/stm32cubeide_1.19.0/plugins/com.st.stm32cube.ide.mcu.externaltools.gnu-tools-for-stm32.13.3.rel1.linux64_1.0.0.202410170706/tools/bin/../lib/gcc/arm-none-eabi/13.3.1/thumb/v8-m.main+fp/hard/libgcc.a(_dvmd_tls.o)
                0x08000610                __aeabi_ldiv0
                0x08000610                __aeabi_idiv0
 *(.text*)
 .text.MX_GPDMA1_Init
                0x08000614       0x48 ./Core/Src/gpdma.o
                0x08000614                MX_GPDMA1_Init
 .text.MX_GPIO_Init
                0x0800065c       0x3c ./Core/Src/gpio.o
                0x0800065c                MX_GPIO_Init
 .text.SystemClock_Config
                0x08000698       0xac ./Core/Src/main.o
                0x08000698                SystemClock_Config
 .text.startup.main
                0x08000744       0xac ./Core/Src/main.o
                0x08000744                main
 .text.Error_Handler
                0x080007f0        0x4 ./Core/Src/main.o
                0x080007f0                Error_Handler
 .text.HAL_MspInit
                0x080007f4        0x4 ./Core/Src/stm32h5xx_hal_msp.o
                0x080007f4                HAL_MspInit
 .text.NMI_Handler
                0x080007f8       0x90 ./Core/Src/stm32h5xx_it.o
                0x080007f8                NMI_Handler
 .text.HardFault_Handler
                0x08000888       0x10 ./Core/Src/stm32h5xx_it.o
                0x08000888                HardFault_Handler
 .text.MemManage_Handler
                0x08000898        0x4 ./Core/Src/stm32h5xx_it.o
                0x08000898                MemManage_Handler
 .text.BusFault_Handler
                0x0800089c        0x4 ./Core/Src/stm32h5xx_it.o
                0x0800089c                BusFault_Handler
 .text.UsageFault_Handler
                0x080008a0        0x4 ./Core/Src/stm32h5xx_it.o
                0x080008a0                UsageFault_Handler
 .text.SVC_Handler
                0x080008a4        0x4 ./Core/Src/stm32h5xx_it.o
                0x080008a4                SVC_Handler
 .text.DebugMon_Handler
                0x080008a8        0x4 ./Core/Src/stm32h5xx_it.o
                0x080008a8                DebugMon_Handler
 .text.PendSV_Handler
                0x080008ac        0x4 ./Core/Src/stm32h5xx_it.o
                0x080008ac                PendSV_Handler
 .text.SysTick_Handler
                0x080008b0        0x4 ./Core/Src/stm32h5xx_it.o
                0x080008b0                SysTick_Handler
 .text.GPDMA1_Channel0_IRQHandler
                0x080008b4        0xc ./Core/Src/stm32h5xx_it.o
                0x080008b4                GPDMA1_Channel0_IRQHandler
 .text.GPDMA1_Channel1_IRQHandler
                0x080008c0        0xc ./Core/Src/stm32h5xx_it.o
                0x080008c0                GPDMA1_Channel1_IRQHandler
 .text.USART1_IRQHandler
                0x080008cc        0xc ./Core/Src/stm32h5xx_it.o
                0x080008cc                USART1_IRQHandler
 .text.SystemInit
                0x080008d8       0x94 ./Core/Src/system_stm32h5xx.o
                0x080008d8                SystemInit
 .text.MX_USART1_UART_Init
                0x0800096c       0x90 ./Core/Src/usart.o
                0x0800096c                MX_USART1_UART_Init
 .text.HAL_UART_MspInit
                0x080009fc      0x184 ./Core/Src/usart.o
                0x080009fc                HAL_UART_MspInit
 .text.HAL_UART_MspDeInit
                0x08000b80       0x48 ./Core/Src/usart.o
                0x08000b80                HAL_UART_MspDeInit
 .text.HAL_UARTEx_RxEventCallback
                0x08000bc8       0x40 ./Core/Src/usart.o
                0x08000bc8                HAL_UARTEx_RxEventCallback
 .text.Reset_Handler
                0x08000c08       0x50 ./Core/Startup/startup_stm32h503cbtx.o
                0x08000c08                Reset_Handler
 .text.Default_Handler
                0x08000c58        0x2 ./Core/Startup/startup_stm32h503cbtx.o
                0x08000c58                EXTI2_IRQHandler
                0x08000c58                EXTI5_IRQHandler
                0x08000c58                I3C1_ER_IRQHandler
                0x08000c58                GPDMA2_Channel1_IRQHandler
                0x08000c58                EXTI13_IRQHandler
                0x08000c58                TIM1_CC_IRQHandler
                0x08000c58                GPDMA2_Channel3_IRQHandler
                0x08000c58                TAMP_IRQHandler
                0x08000c58                TIM6_IRQHandler
                0x08000c58                EXTI12_IRQHandler
                0x08000c58                USB_DRD_FS_IRQHandler
                0x08000c58                EXTI3_IRQHandler
                0x08000c58                GPDMA1_Channel5_IRQHandler
                0x08000c58                EXTI8_IRQHandler
                0x08000c58                GPDMA2_Channel5_IRQHandler
                0x08000c58                LPTIM2_IRQHandler
                0x08000c58                GPDMA2_Channel2_IRQHandler
                0x08000c58                EXTI0_IRQHandler
                0x08000c58                I2C2_EV_IRQHandler
                0x08000c58                FPU_IRQHandler
                0x08000c58                GPDMA1_Channel3_IRQHandler
                0x08000c58                GPDMA1_Channel7_IRQHandler
                0x08000c58                FDCAN1_IT1_IRQHandler
                0x08000c58                RAMCFG_IRQHandler
                0x08000c58                SPI1_IRQHandler
                0x08000c58                GPDMA1_Channel2_IRQHandler
                0x08000c58                ADC1_IRQHandler
                0x08000c58                I3C2_ER_IRQHandler
                0x08000c58                EXTI15_IRQHandler
                0x08000c58                USART3_IRQHandler
                0x08000c58                RTC_IRQHandler
                0x08000c58                EXTI9_IRQHandler
                0x08000c58                I3C2_EV_IRQHandler
                0x08000c58                I2C1_EV_IRQHandler
                0x08000c58                TIM3_IRQHandler
                0x08000c58                RCC_IRQHandler
                0x08000c58                TIM1_TRG_COM_IRQHandler
                0x08000c58                Default_Handler
                0x08000c58                GPDMA2_Channel4_IRQHandler
                0x08000c58                TIM7_IRQHandler
                0x08000c58                I3C1_EV_IRQHandler
                0x08000c58                PVD_AVD_IRQHandler
                0x08000c58                SPI2_IRQHandler
                0x08000c58                EXTI14_IRQHandler
                0x08000c58                EXTI11_IRQHandler
                0x08000c58                CRS_IRQHandler
                0x08000c58                EXTI4_IRQHandler
                0x08000c58                GPDMA2_Channel0_IRQHandler
                0x08000c58                RNG_IRQHandler
                0x08000c58                GPDMA2_Channel6_IRQHandler
                0x08000c58                TIM1_UP_IRQHandler
                0x08000c58                WWDG_IRQHandler
                0x08000c58                IWDG_IRQHandler
                0x08000c58                LPUART1_IRQHandler
                0x08000c58                FDCAN1_IT0_IRQHandler
                0x08000c58                TIM2_IRQHandler
                0x08000c58                GPDMA1_Channel4_IRQHandler
                0x08000c58                EXTI7_IRQHandler
                0x08000c58                TIM1_BRK_IRQHandler
                0x08000c58                EXTI1_IRQHandler
                0x08000c58                DAC1_IRQHandler
                0x08000c58                DTS_IRQHandler
                0x08000c58                GTZC_IRQHandler
                0x08000c58                USART2_IRQHandler
                0x08000c58                GPDMA1_Channel6_IRQHandler
                0x08000c58                GPDMA2_Channel7_IRQHandler
                0x08000c58                I2C2_ER_IRQHandler
                0x08000c58                FLASH_IRQHandler
                0x08000c58                EXTI10_IRQHandler
                0x08000c58                SPI3_IRQHandler
                0x08000c58                I2C1_ER_IRQHandler
                0x08000c58                EXTI6_IRQHandler
                0x08000c58                COMP1_IRQHandler
                0x08000c58                LPTIM1_IRQHandler
                0x08000c58                ICACHE_IRQHandler
                0x08000c58                HASH_IRQHandler
 *fill*         0x08000c5a        0x2 
 .text.HAL_MspDeInit
                0x08000c5c        0x4 ./Drivers/STM32H5xx_HAL_Driver/Src/stm32h5xx_hal.o
                0x08000c5c                HAL_MspDeInit
 .text.HAL_DeInit
                0x08000c60       0x54 ./Drivers/STM32H5xx_HAL_Driver/Src/stm32h5xx_hal.o
                0x08000c60                HAL_DeInit
 .text.HAL_InitTick
                0x08000cb4       0xa0 ./Drivers/STM32H5xx_HAL_Driver/Src/stm32h5xx_hal.o
                0x08000cb4                HAL_InitTick
 .text.HAL_Init
                0x08000d54       0x4c ./Drivers/STM32H5xx_HAL_Driver/Src/stm32h5xx_hal.o
                0x08000d54                HAL_Init
 .text.HAL_IncTick
                0x08000da0       0x18 ./Drivers/STM32H5xx_HAL_Driver/Src/stm32h5xx_hal.o
                0x08000da0                HAL_IncTick
 .text.HAL_GetTick
                0x08000db8        0xc ./Drivers/STM32H5xx_HAL_Driver/Src/stm32h5xx_hal.o
                0x08000db8                HAL_GetTick
 .text.HAL_Delay
                0x08000dc4       0x24 ./Drivers/STM32H5xx_HAL_Driver/Src/stm32h5xx_hal.o
                0x08000dc4                HAL_Delay
 .text.HAL_NVIC_SetPriorityGrouping
                0x08000de8       0x24 ./Drivers/STM32H5xx_HAL_Driver/Src/stm32h5xx_hal_cortex.o
                0x08000de8                HAL_NVIC_SetPriorityGrouping
 .text.HAL_NVIC_SetPriority
                0x08000e0c       0x78 ./Drivers/STM32H5xx_HAL_Driver/Src/stm32h5xx_hal_cortex.o
                0x08000e0c                HAL_NVIC_SetPriority
 .text.HAL_NVIC_EnableIRQ
                0x08000e84       0x1c ./Drivers/STM32H5xx_HAL_Driver/Src/stm32h5xx_hal_cortex.o
                0x08000e84                HAL_NVIC_EnableIRQ
 .text.HAL_NVIC_DisableIRQ
                0x08000ea0       0x24 ./Drivers/STM32H5xx_HAL_Driver/Src/stm32h5xx_hal_cortex.o
                0x08000ea0                HAL_NVIC_DisableIRQ
 .text.HAL_SYSTICK_Config
                0x08000ec4       0x20 ./Drivers/STM32H5xx_HAL_Driver/Src/stm32h5xx_hal_cortex.o
                0x08000ec4                HAL_SYSTICK_Config
 .text.HAL_SYSTICK_CLKSourceConfig
                0x08000ee4       0x7c ./Drivers/STM32H5xx_HAL_Driver/Src/stm32h5xx_hal_cortex.o
                0x08000ee4                HAL_SYSTICK_CLKSourceConfig
 .text.HAL_SYSTICK_GetCLKSourceConfig
                0x08000f60       0x34 ./Drivers/STM32H5xx_HAL_Driver/Src/stm32h5xx_hal_cortex.o
                0x08000f60                HAL_SYSTICK_GetCLKSourceConfig
 .text.HAL_DMA_Init
                0x08000f94      0x1a4 ./Drivers/STM32H5xx_HAL_Driver/Src/stm32h5xx_hal_dma.o
                0x08000f94                HAL_DMA_Init
 .text.HAL_DMA_DeInit
                0x08001138       0xc0 ./Drivers/STM32H5xx_HAL_Driver/Src/stm32h5xx_hal_dma.o
                0x08001138                HAL_DMA_DeInit
 .text.HAL_DMA_Start_IT
                0x080011f8       0x88 ./Drivers/STM32H5xx_HAL_Driver/Src/stm32h5xx_hal_dma.o
                0x080011f8                HAL_DMA_Start_IT
 .text.HAL_DMA_Abort
                0x08001280       0x9c ./Drivers/STM32H5xx_HAL_Driver/Src/stm32h5xx_hal_dma.o
                0x08001280                HAL_DMA_Abort
 .text.HAL_DMA_Abort_IT
                0x0800131c       0x2c ./Drivers/STM32H5xx_HAL_Driver/Src/stm32h5xx_hal_dma.o
                0x0800131c                HAL_DMA_Abort_IT
 .text.HAL_DMA_IRQHandler
                0x08001348      0x180 ./Drivers/STM32H5xx_HAL_Driver/Src/stm32h5xx_hal_dma.o
                0x08001348                HAL_DMA_IRQHandler
 .text.HAL_DMA_GetError
                0x080014c8        0x4 ./Drivers/STM32H5xx_HAL_Driver/Src/stm32h5xx_hal_dma.o
                0x080014c8                HAL_DMA_GetError
 .text.HAL_DMA_ConfigChannelAttributes
                0x080014cc       0x38 ./Drivers/STM32H5xx_HAL_Driver/Src/stm32h5xx_hal_dma.o
                0x080014cc                HAL_DMA_ConfigChannelAttributes
 .text.HAL_DMAEx_List_Start_IT
                0x08001504       0xc4 ./Drivers/STM32H5xx_HAL_Driver/Src/stm32h5xx_hal_dma_ex.o
                0x08001504                HAL_DMAEx_List_Start_IT
 .text.HAL_FLASH_Program
                0x080015c8      0x104 ./Drivers/STM32H5xx_HAL_Driver/Src/stm32h5xx_hal_flash.o
                0x080015c8                HAL_FLASH_Program
 .text.HAL_FLASH_Unlock
                0x080016cc       0x28 ./Drivers/STM32H5xx_HAL_Driver/Src/stm32h5xx_hal_flash.o
                0x080016cc                HAL_FLASH_Unlock
 .text.HAL_FLASH_Lock
                0x080016f4       0x18 ./Drivers/STM32H5xx_HAL_Driver/Src/stm32h5xx_hal_flash.o
                0x080016f4                HAL_FLASH_Lock
 .text.FLASH_WaitForLastOperation
                0x0800170c       0x64 ./Drivers/STM32H5xx_HAL_Driver/Src/stm32h5xx_hal_flash.o
                0x0800170c                FLASH_WaitForLastOperation
 .text.HAL_FLASHEx_Erase
                0x08001770      0x138 ./Drivers/STM32H5xx_HAL_Driver/Src/stm32h5xx_hal_flash_ex.o
                0x08001770                HAL_FLASHEx_Erase
 .text.HAL_GPIO_Init
                0x080018a8      0x188 ./Drivers/STM32H5xx_HAL_Driver/Src/stm32h5xx_hal_gpio.o
                0x080018a8                HAL_GPIO_Init
 .text.HAL_GPIO_DeInit
                0x08001a30       0xd8 ./Drivers/STM32H5xx_HAL_Driver/Src/stm32h5xx_hal_gpio.o
                0x08001a30                HAL_GPIO_DeInit
 .text.HAL_RCC_GetSysClockFreq.part.0
                0x08001b08      0x128 ./Drivers/STM32H5xx_HAL_Driver/Src/stm32h5xx_hal_rcc.o
 .text.HAL_RCC_OscConfig
                0x08001c30      0x6ac ./Drivers/STM32H5xx_HAL_Driver/Src/stm32h5xx_hal_rcc.o
                0x08001c30                HAL_RCC_OscConfig
 .text.HAL_RCC_ClockConfig
                0x080022dc      0x2ac ./Drivers/STM32H5xx_HAL_Driver/Src/stm32h5xx_hal_rcc.o
                0x080022dc                HAL_RCC_ClockConfig
 .text.HAL_RCC_GetSysClockFreq
                0x08002588       0x5c ./Drivers/STM32H5xx_HAL_Driver/Src/stm32h5xx_hal_rcc.o
                0x08002588                HAL_RCC_GetSysClockFreq
 .text.HAL_RCC_GetHCLKFreq
                0x080025e4       0x7c ./Drivers/STM32H5xx_HAL_Driver/Src/stm32h5xx_hal_rcc.o
                0x080025e4                HAL_RCC_GetHCLKFreq
 .text.HAL_RCC_GetPCLK1Freq
                0x08002660       0x94 ./Drivers/STM32H5xx_HAL_Driver/Src/stm32h5xx_hal_rcc.o
                0x08002660                HAL_RCC_GetPCLK1Freq
 .text.HAL_RCC_GetPCLK2Freq
                0x080026f4       0x94 ./Drivers/STM32H5xx_HAL_Driver/Src/stm32h5xx_hal_rcc.o
                0x080026f4                HAL_RCC_GetPCLK2Freq
 .text.HAL_RCC_GetPCLK3Freq
                0x08002788       0x94 ./Drivers/STM32H5xx_HAL_Driver/Src/stm32h5xx_hal_rcc.o
                0x08002788                HAL_RCC_GetPCLK3Freq
 .text.RCCEx_PLL2_Config
                0x0800281c       0xd4 ./Drivers/STM32H5xx_HAL_Driver/Src/stm32h5xx_hal_rcc_ex.o
 .text.HAL_RCCEx_PeriphCLKConfig
                0x080028f0      0x758 ./Drivers/STM32H5xx_HAL_Driver/Src/stm32h5xx_hal_rcc_ex.o
                0x080028f0                HAL_RCCEx_PeriphCLKConfig
 .text.HAL_RCCEx_GetPLL1ClockFreq
                0x08003048      0x158 ./Drivers/STM32H5xx_HAL_Driver/Src/stm32h5xx_hal_rcc_ex.o
                0x08003048                HAL_RCCEx_GetPLL1ClockFreq
 .text.HAL_RCCEx_GetPLL2ClockFreq
                0x080031a0      0x158 ./Drivers/STM32H5xx_HAL_Driver/Src/stm32h5xx_hal_rcc_ex.o
                0x080031a0                HAL_RCCEx_GetPLL2ClockFreq
 .text.HAL_RCCEx_GetPeriphCLKFreq
                0x080032f8      0x6a4 ./Drivers/STM32H5xx_HAL_Driver/Src/stm32h5xx_hal_rcc_ex.o
                0x080032f8                HAL_RCCEx_GetPeriphCLKFreq
 .text.HAL_UART_Transmit
                0x0800399c      0x130 ./Drivers/STM32H5xx_HAL_Driver/Src/stm32h5xx_hal_uart.o
                0x0800399c                HAL_UART_Transmit
 .text.HAL_UART_Abort
                0x08003acc       0xe8 ./Drivers/STM32H5xx_HAL_Driver/Src/stm32h5xx_hal_uart.o
                0x08003acc                HAL_UART_Abort
 .text.HAL_UART_AbortReceive
                0x08003bb4       0xa8 ./Drivers/STM32H5xx_HAL_Driver/Src/stm32h5xx_hal_uart.o
                0x08003bb4                HAL_UART_AbortReceive
 .text.HAL_UART_TxCpltCallback
                0x08003c5c        0x4 ./Drivers/STM32H5xx_HAL_Driver/Src/stm32h5xx_hal_uart.o
                0x08003c5c                HAL_UART_TxCpltCallback
 .text.HAL_UART_RxCpltCallback
                0x08003c60        0x4 ./Drivers/STM32H5xx_HAL_Driver/Src/stm32h5xx_hal_uart.o
                0x08003c60                HAL_UART_RxCpltCallback
 .text.HAL_UART_RxHalfCpltCallback
                0x08003c64        0x4 ./Drivers/STM32H5xx_HAL_Driver/Src/stm32h5xx_hal_uart.o
                0x08003c64                HAL_UART_RxHalfCpltCallback
 .text.HAL_UART_ErrorCallback
                0x08003c68        0x4 ./Drivers/STM32H5xx_HAL_Driver/Src/stm32h5xx_hal_uart.o
                0x08003c68                HAL_UART_ErrorCallback
 .text.UART_DMAError
                0x08003c6c       0xd4 ./Drivers/STM32H5xx_HAL_Driver/Src/stm32h5xx_hal_uart.o
 .text.UART_DMAAbortOnError
                0x08003d40       0x10 ./Drivers/STM32H5xx_HAL_Driver/Src/stm32h5xx_hal_uart.o
 .text.HAL_UART_AbortReceiveCpltCallback
                0x08003d50        0x4 ./Drivers/STM32H5xx_HAL_Driver/Src/stm32h5xx_hal_uart.o
                0x08003d50                HAL_UART_AbortReceiveCpltCallback
 .text.HAL_UART_AbortReceive_IT
                0x08003d54       0xc4 ./Drivers/STM32H5xx_HAL_Driver/Src/stm32h5xx_hal_uart.o
                0x08003d54                HAL_UART_AbortReceive_IT
 .text.UART_DMARxOnlyAbortCallback
                0x08003e18       0x28 ./Drivers/STM32H5xx_HAL_Driver/Src/stm32h5xx_hal_uart.o
 .text.HAL_UART_IRQHandler
                0x08003e40      0x374 ./Drivers/STM32H5xx_HAL_Driver/Src/stm32h5xx_hal_uart.o
                0x08003e40                HAL_UART_IRQHandler
 .text.UART_DMARxHalfCplt
                0x080041b4       0x3c ./Drivers/STM32H5xx_HAL_Driver/Src/stm32h5xx_hal_uart.o
 .text.UART_DMAReceiveCplt
                0x080041f0       0xa0 ./Drivers/STM32H5xx_HAL_Driver/Src/stm32h5xx_hal_uart.o
 .text.UART_AdvFeatureConfig
                0x08004290       0xb0 ./Drivers/STM32H5xx_HAL_Driver/Src/stm32h5xx_hal_uart.o
                0x08004290                UART_AdvFeatureConfig
 .text.UART_CheckIdleState
                0x08004340      0x258 ./Drivers/STM32H5xx_HAL_Driver/Src/stm32h5xx_hal_uart.o
                0x08004340                UART_CheckIdleState
 .text.HAL_UART_Init
                0x08004598      0x234 ./Drivers/STM32H5xx_HAL_Driver/Src/stm32h5xx_hal_uart.o
                0x08004598                HAL_UART_Init
 .text.UART_Start_Receive_DMA
                0x080047cc       0xe0 ./Drivers/STM32H5xx_HAL_Driver/Src/stm32h5xx_hal_uart.o
                0x080047cc                UART_Start_Receive_DMA
 .text.HAL_UARTEx_WakeupCallback
                0x080048ac        0x4 ./Drivers/STM32H5xx_HAL_Driver/Src/stm32h5xx_hal_uart_ex.o
                0x080048ac                HAL_UARTEx_WakeupCallback
 .text.HAL_UARTEx_RxFifoFullCallback
                0x080048b0        0x4 ./Drivers/STM32H5xx_HAL_Driver/Src/stm32h5xx_hal_uart_ex.o
                0x080048b0                HAL_UARTEx_RxFifoFullCallback
 .text.HAL_UARTEx_TxFifoEmptyCallback
                0x080048b4        0x4 ./Drivers/STM32H5xx_HAL_Driver/Src/stm32h5xx_hal_uart_ex.o
                0x080048b4                HAL_UARTEx_TxFifoEmptyCallback
 .text.HAL_UARTEx_EnableFifoMode
                0x080048b8       0x7c ./Drivers/STM32H5xx_HAL_Driver/Src/stm32h5xx_hal_uart_ex.o
                0x080048b8                HAL_UARTEx_EnableFifoMode
 .text.HAL_UARTEx_SetTxFifoThreshold
                0x08004934       0x84 ./Drivers/STM32H5xx_HAL_Driver/Src/stm32h5xx_hal_uart_ex.o
                0x08004934                HAL_UARTEx_SetTxFifoThreshold
 .text.HAL_UARTEx_SetRxFifoThreshold
                0x080049b8       0x84 ./Drivers/STM32H5xx_HAL_Driver/Src/stm32h5xx_hal_uart_ex.o
                0x080049b8                HAL_UARTEx_SetRxFifoThreshold
 .text.HAL_UARTEx_ReceiveToIdle_DMA
                0x08004a3c       0x48 ./Drivers/STM32H5xx_HAL_Driver/Src/stm32h5xx_hal_uart_ex.o
                0x08004a3c                HAL_UARTEx_ReceiveToIdle_DMA
 .text.IAP_Init
                0x08004a84       0x20 ./IAP/src/iap.o
                0x08004a84                IAP_Init
 .text.IAP_RunApp
                0x08004aa4       0xb4 ./IAP/src/iap.o
                0x08004aa4                IAP_RunApp
 .text.IAP_Update
                0x08004b58      0x23c ./IAP/src/iap.o
                0x08004b58                IAP_Update
 .text.Config_Read
                0x08004d94       0x20 ./IAP/src/iap_image.o
                0x08004d94                Config_Read
 .text.Config_Write
                0x08004db4       0x70 ./IAP/src/iap_image.o
                0x08004db4                Config_Write
 .text.Config_Init
                0x08004e24       0xd8 ./IAP/src/iap_image.o
                0x08004e24                Config_Init
 .text.Calculate_Image_CRC
                0x08004efc       0x10 ./IAP/src/iap_image.o
                0x08004efc                Calculate_Image_CRC
 .text.Erase_Image
                0x08004f0c       0x68 ./IAP/src/iap_image.o
                0x08004f0c                Erase_Image
 .text.crc32_c  0x08004f74       0x34 ./IAP/src/protocol.o
                0x08004f74                crc32_c
 .text.Protocol_IAP_Init
                0x08004fa8       0x70 ./IAP/src/protocol.o
                0x08004fa8                Protocol_IAP_Init
 .text.Protocol_IAP_GetProgress
                0x08005018        0xc ./IAP/src/protocol.o
                0x08005018                Protocol_IAP_GetProgress
 .text.Protocol_IAP_GetCurrentPageIndex
                0x08005024        0xc ./IAP/src/protocol.o
                0x08005024                Protocol_IAP_GetCurrentPageIndex
 .text.parse_byte
                0x08005030      0x580 ./IAP/src/protocol.o
                0x08005030                parse_byte
 .text.Protocol_Receive
                0x080055b0      0x134 ./IAP/src/protocol.o
                0x080055b0                Protocol_Receive
 .text.STMFLASH_Write_NoCheck.part.0
                0x080056e4       0xec ./IAP/src/stmflash.o
 .text.STMFLASH_Write
                0x080057d0      0x180 ./IAP/src/stmflash.o
                0x080057d0                STMFLASH_Write
 .text.memset   0x08005950       0x10 /opt/st/stm32cubeide_1.19.0/plugins/com.st.stm32cube.ide.mcu.externaltools.gnu-tools-for-stm32.13.3.rel1.linux64_1.0.0.202410170706/tools/bin/../lib/gcc/arm-none-eabi/13.3.1/../../../../arm-none-eabi/lib/thumb/v8-m.main+fp/hard/libc_nano.a(libc_a-memset.o)
                0x08005950                memset
 .text.__libc_init_array
                0x08005960       0x48 /opt/st/stm32cubeide_1.19.0/plugins/com.st.stm32cube.ide.mcu.externaltools.gnu-tools-for-stm32.13.3.rel1.linux64_1.0.0.202410170706/tools/bin/../lib/gcc/arm-none-eabi/13.3.1/../../../../arm-none-eabi/lib/thumb/v8-m.main+fp/hard/libc_nano.a(libc_a-init.o)
                0x08005960                __libc_init_array
 .text.memcpy   0x080059a8       0x1a /opt/st/stm32cubeide_1.19.0/plugins/com.st.stm32cube.ide.mcu.externaltools.gnu-tools-for-stm32.13.3.rel1.linux64_1.0.0.202410170706/tools/bin/../lib/gcc/arm-none-eabi/13.3.1/../../../../arm-none-eabi/lib/thumb/v8-m.main+fp/hard/libc_nano.a(libc_a-memcpy-stub.o)
                0x080059a8                memcpy
 *(.glue_7)
 .glue_7        0x080059c2        0x0 linker stubs
 *(.glue_7t)
 .glue_7t       0x080059c2        0x0 linker stubs
 *(.eh_frame)
 *fill*         0x080059c2        0x2 
 .eh_frame      0x080059c4        0x0 /opt/st/stm32cubeide_1.19.0/plugins/com.st.stm32cube.ide.mcu.externaltools.gnu-tools-for-stm32.13.3.rel1.linux64_1.0.0.202410170706/tools/bin/../lib/gcc/arm-none-eabi/13.3.1/thumb/v8-m.main+fp/hard/crtbegin.o
 *(.init)
 .init          0x080059c4        0x4 /opt/st/stm32cubeide_1.19.0/plugins/com.st.stm32cube.ide.mcu.externaltools.gnu-tools-for-stm32.13.3.rel1.linux64_1.0.0.202410170706/tools/bin/../lib/gcc/arm-none-eabi/13.3.1/thumb/v8-m.main+fp/hard/crti.o
                0x080059c4                _init
 .init          0x080059c8        0x8 /opt/st/stm32cubeide_1.19.0/plugins/com.st.stm32cube.ide.mcu.externaltools.gnu-tools-for-stm32.13.3.rel1.linux64_1.0.0.202410170706/tools/bin/../lib/gcc/arm-none-eabi/13.3.1/thumb/v8-m.main+fp/hard/crtn.o
 *(.fini)
 .fini          0x080059d0        0x4 /opt/st/stm32cubeide_1.19.0/plugins/com.st.stm32cube.ide.mcu.externaltools.gnu-tools-for-stm32.13.3.rel1.linux64_1.0.0.202410170706/tools/bin/../lib/gcc/arm-none-eabi/13.3.1/thumb/v8-m.main+fp/hard/crti.o
                0x080059d0                _fini
 .fini          0x080059d4        0x8 /opt/st/stm32cubeide_1.19.0/plugins/com.st.stm32cube.ide.mcu.externaltools.gnu-tools-for-stm32.13.3.rel1.linux64_1.0.0.202410170706/tools/bin/../lib/gcc/arm-none-eabi/13.3.1/thumb/v8-m.main+fp/hard/crtn.o
                0x080059dc                        . = ALIGN (0x4)
                0x080059dc                        _etext = .

.vfp11_veneer   0x080059dc        0x0
 .vfp11_veneer  0x080059dc        0x0 linker stubs

.v4_bx          0x080059dc        0x0
 .v4_bx         0x080059dc        0x0 linker stubs

.iplt           0x080059dc        0x0
 .iplt          0x080059dc        0x0 /opt/st/stm32cubeide_1.19.0/plugins/com.st.stm32cube.ide.mcu.externaltools.gnu-tools-for-stm32.13.3.rel1.linux64_1.0.0.202410170706/tools/bin/../lib/gcc/arm-none-eabi/13.3.1/thumb/v8-m.main+fp/hard/crtbegin.o

.rodata         0x080059dc      0x4e8
                0x080059dc                        . = ALIGN (0x4)
 *(.rodata)
 *(.rodata*)
 .rodata.main.str1.4
                0x080059dc       0xa5 ./Core/Src/main.o
                                 0x26 (size before relaxing)
 *fill*         0x08005a81        0x3 
 .rodata.APBPrescTable
                0x08005a84        0x8 ./Core/Src/system_stm32h5xx.o
                0x08005a84                APBPrescTable
 .rodata.AHBPrescTable
                0x08005a8c       0x10 ./Core/Src/system_stm32h5xx.o
                0x08005a8c                AHBPrescTable
 .rodata.UARTPrescTable
                0x08005a9c       0x18 ./Drivers/STM32H5xx_HAL_Driver/Src/stm32h5xx_hal_uart.o
                0x08005a9c                UARTPrescTable
 .rodata.denominator.0
                0x08005ab4        0x8 ./Drivers/STM32H5xx_HAL_Driver/Src/stm32h5xx_hal_uart_ex.o
 .rodata.numerator.1
                0x08005abc        0x8 ./Drivers/STM32H5xx_HAL_Driver/Src/stm32h5xx_hal_uart_ex.o
 .rodata.IAP_Update.str1.4
                0x08005ac4       0x7d ./IAP/src/iap.o
 .rodata.crc32_table
                0x08005ac4      0x400 ./IAP/src/protocol.o
                0x08005ac4                crc32_table
                0x08005ec4                        . = ALIGN (0x4)

.ARM.extab      0x08005ec4        0x0
                0x08005ec4                        . = ALIGN (0x4)
 *(.ARM.extab* .gnu.linkonce.armextab.*)
                0x08005ec4                        . = ALIGN (0x4)

.ARM            0x08005ec4        0x8
                0x08005ec4                        . = ALIGN (0x4)
                0x08005ec4                        __exidx_start = .
 *(.ARM.exidx*)
 .ARM.exidx     0x08005ec4        0x8 /opt/st/stm32cubeide_1.19.0/plugins/com.st.stm32cube.ide.mcu.externaltools.gnu-tools-for-stm32.13.3.rel1.linux64_1.0.0.202410170706/tools/bin/../lib/gcc/arm-none-eabi/13.3.1/thumb/v8-m.main+fp/hard/libgcc.a(_udivmoddi4.o)
                0x08005ecc                        __exidx_end = .
                0x08005ecc                        . = ALIGN (0x4)

.preinit_array  0x08005ecc        0x0
                0x08005ecc                        . = ALIGN (0x4)
                0x08005ecc                        PROVIDE (__preinit_array_start = .)
 *(.preinit_array*)
                0x08005ecc                        PROVIDE (__preinit_array_end = .)
                0x08005ecc                        . = ALIGN (0x4)

.init_array     0x08005ecc        0x4
                0x08005ecc                        . = ALIGN (0x4)
                0x08005ecc                        PROVIDE (__init_array_start = .)
 *(SORT_BY_NAME(.init_array.*))
 *(.init_array*)
 .init_array    0x08005ecc        0x4 /opt/st/stm32cubeide_1.19.0/plugins/com.st.stm32cube.ide.mcu.externaltools.gnu-tools-for-stm32.13.3.rel1.linux64_1.0.0.202410170706/tools/bin/../lib/gcc/arm-none-eabi/13.3.1/thumb/v8-m.main+fp/hard/crtbegin.o
                0x08005ed0                        PROVIDE (__init_array_end = .)
                0x08005ed0                        . = ALIGN (0x4)

.fini_array     0x08005ed0        0x4
                0x08005ed0                        . = ALIGN (0x4)
                [!provide]                        PROVIDE (__fini_array_start = .)
 *(SORT_BY_NAME(.fini_array.*))
 *(.fini_array*)
 .fini_array    0x08005ed0        0x4 /opt/st/stm32cubeide_1.19.0/plugins/com.st.stm32cube.ide.mcu.externaltools.gnu-tools-for-stm32.13.3.rel1.linux64_1.0.0.202410170706/tools/bin/../lib/gcc/arm-none-eabi/13.3.1/thumb/v8-m.main+fp/hard/crtbegin.o
                [!provide]                        PROVIDE (__fini_array_end = .)
                0x08005ed4                        . = ALIGN (0x4)
                0x08005ed4                        _sidata = LOADADDR (.data)

.rel.dyn        0x08005ed4        0x0
 .rel.iplt      0x08005ed4        0x0 /opt/st/stm32cubeide_1.19.0/plugins/com.st.stm32cube.ide.mcu.externaltools.gnu-tools-for-stm32.13.3.rel1.linux64_1.0.0.202410170706/tools/bin/../lib/gcc/arm-none-eabi/13.3.1/thumb/v8-m.main+fp/hard/crtbegin.o

.data           0x20000000       0x2c load address 0x08005ed4
                0x20000000                        . = ALIGN (0x4)
                0x20000000                        _sdata = .
 *(.data)
 *(.data*)
 .data.SystemCoreClock
                0x20000000        0x4 ./Core/Src/system_stm32h5xx.o
                0x20000000                SystemCoreClock
 .data.uwTickFreq
                0x20000004        0x1 ./Drivers/STM32H5xx_HAL_Driver/Src/stm32h5xx_hal.o
                0x20000004                uwTickFreq
 *fill*         0x20000005        0x3 
 .data.uwTickPrio
                0x20000008        0x4 ./Drivers/STM32H5xx_HAL_Driver/Src/stm32h5xx_hal.o
                0x20000008                uwTickPrio
 .data.pFlash   0x2000000c       0x1c ./Drivers/STM32H5xx_HAL_Driver/Src/stm32h5xx_hal_flash.o
                0x2000000c                pFlash
 .data.g_update_target_addr
                0x20000028        0x4 ./IAP/src/iap.o
                0x20000028                g_update_target_addr
 *(.RamFunc)
 *(.RamFunc*)
                0x2000002c                        . = ALIGN (0x4)
                0x2000002c                        _edata = .

.igot.plt       0x2000002c        0x0 load address 0x08005f00
 .igot.plt      0x2000002c        0x0 /opt/st/stm32cubeide_1.19.0/plugins/com.st.stm32cube.ide.mcu.externaltools.gnu-tools-for-stm32.13.3.rel1.linux64_1.0.0.202410170706/tools/bin/../lib/gcc/arm-none-eabi/13.3.1/thumb/v8-m.main+fp/hard/crtbegin.o
                0x2000002c                        . = ALIGN (0x4)

.bss            0x20000030     0x6280 load address 0x08005f00
                0x20000030                        _sbss = .
                0x20000030                        __bss_start__ = _sbss
 *(.bss)
 .bss           0x20000030       0x1c /opt/st/stm32cubeide_1.19.0/plugins/com.st.stm32cube.ide.mcu.externaltools.gnu-tools-for-stm32.13.3.rel1.linux64_1.0.0.202410170706/tools/bin/../lib/gcc/arm-none-eabi/13.3.1/thumb/v8-m.main+fp/hard/crtbegin.o
 *(.bss*)
 .bss.rx_len    0x2000004c        0x2 ./Core/Src/usart.o
                0x2000004c                rx_len
 .bss.UART1_Complete_flag
                0x2000004e        0x1 ./Core/Src/usart.o
                0x2000004e                UART1_Complete_flag
 .bss.UART1_in_update_mode
                0x2000004f        0x1 ./Core/Src/usart.o
                0x2000004f                UART1_in_update_mode
 .bss.handle_GPDMA1_Channel0
                0x20000050       0x78 ./Core/Src/usart.o
                0x20000050                handle_GPDMA1_Channel0
 .bss.handle_GPDMA1_Channel1
                0x200000c8       0x78 ./Core/Src/usart.o
                0x200000c8                handle_GPDMA1_Channel1
 .bss.huart1    0x20000140       0x94 ./Core/Src/usart.o
                0x20000140                huart1
 .bss.uwTick    0x200001d4        0x4 ./Drivers/STM32H5xx_HAL_Driver/Src/stm32h5xx_hal.o
                0x200001d4                uwTick
 .bss.g_expected_page_count
                0x200001d8        0x2 ./IAP/src/iap.o
                0x200001d8                g_expected_page_count
 *fill*         0x200001da        0x2 
 .bss.g_config  0x200001dc        0x8 ./IAP/src/iap.o
 .bss.JumpAddress
                0x200001e4        0x4 ./IAP/src/iap.o
                0x200001e4                JumpAddress
 .bss.Jump_To_Application
                0x200001e8        0x4 ./IAP/src/iap.o
                0x200001e8                Jump_To_Application
 .bss.escaped_buf
                0x200001ec       0x28 ./IAP/src/protocol.o
                0x200001ec                escaped_buf
 .bss.raw_frame
                0x20000214       0x15 ./IAP/src/protocol.o
                0x20000214                raw_frame
 *fill*         0x20000229        0x3 
 .bss.crc_input_send
                0x2000022c       0x13 ./IAP/src/protocol.o
                0x2000022c                crc_input_send
 *fill*         0x2000023f        0x1 
 .bss.body      0x20000240        0xf ./IAP/src/protocol.o
                0x20000240                body
 *fill*         0x2000024f        0x1 
 .bss.boot_to_FPGA_UL1
                0x20000250        0x8 ./IAP/src/protocol.o
                0x20000250                boot_to_FPGA_UL1
 .bss.crc_bytes
                0x20000258        0x4 ./IAP/src/protocol.o
 .bss.current_page_index
                0x2000025c        0x2 ./IAP/src/protocol.o
 *fill*         0x2000025e        0x2 
 .bss.iap_total_received
                0x20000260        0x4 ./IAP/src/protocol.o
 .bss.iap_buf_idx
                0x20000264        0x2 ./IAP/src/protocol.o
 *fill*         0x20000266        0x2 
 .bss.iap_write_addr
                0x20000268        0x4 ./IAP/src/protocol.o
 .bss.in_frame  0x2000026c        0x1 ./IAP/src/protocol.o
 *fill*         0x2000026d        0x3 
 .bss.frame_pos
                0x20000270        0x4 ./IAP/src/protocol.o
 .bss.rx_buffer
                0x20000274     0x2800 ./IAP/src/protocol.o
                0x20000274                rx_buffer
 .bss.frame_buf
                0x20002a74     0x2800 ./IAP/src/protocol.o
 .bss.recv_crc  0x20005274        0x4 ./IAP/src/protocol.o
 .bss.recv_count
                0x20005278        0x4 ./IAP/src/protocol.o
 .bss.body_offset
                0x2000527c        0x4 ./IAP/src/protocol.o
 .bss.body_len  0x20005280        0x4 ./IAP/src/protocol.o
 .bss.state     0x20005284        0x1 ./IAP/src/protocol.o
 *fill*         0x20005285        0x3 
 .bss.STMFLASH_BUF
                0x20005288     0x1000 ./IAP/src/stmflash.o
                0x20005288                STMFLASH_BUF
 .bss.temp_static
                0x20006288       0x10 ./IAP/src/stmflash.o
 *fill*         0x20006298        0x8 
 .bss.qw_data_static
                0x200062a0       0x10 ./IAP/src/stmflash.o
 *(COMMON)
                0x200062b0                        . = ALIGN (0x4)
                0x200062b0                        _ebss = .
                0x200062b0                        __bss_end__ = _ebss

._user_heap_stack
                0x200062b0      0x600 load address 0x08005f00
                0x200062b0                        . = ALIGN (0x8)
                [!provide]                        PROVIDE (end = .)
                0x200062b0                        PROVIDE (_end = .)
                0x200064b0                        . = (. + _Min_Heap_Size)
 *fill*         0x200062b0      0x200 
                0x200068b0                        . = (. + _Min_Stack_Size)
 *fill*         0x200064b0      0x400 
                0x200068b0                        . = ALIGN (0x8)

/DISCARD/
 libc.a(*)
 libm.a(*)
 libgcc.a(*)

.ARM.attributes
                0x00000000       0x36
 *(.ARM.attributes)
 .ARM.attributes
                0x00000000       0x26 /opt/st/stm32cubeide_1.19.0/plugins/com.st.stm32cube.ide.mcu.externaltools.gnu-tools-for-stm32.13.3.rel1.linux64_1.0.0.202410170706/tools/bin/../lib/gcc/arm-none-eabi/13.3.1/thumb/v8-m.main+fp/hard/crti.o
 .ARM.attributes
                0x00000026       0x38 /opt/st/stm32cubeide_1.19.0/plugins/com.st.stm32cube.ide.mcu.externaltools.gnu-tools-for-stm32.13.3.rel1.linux64_1.0.0.202410170706/tools/bin/../lib/gcc/arm-none-eabi/13.3.1/thumb/v8-m.main+fp/hard/crtbegin.o
 .ARM.attributes
                0x0000005e       0x3a ./Core/Src/gpdma.o
 .ARM.attributes
                0x00000098       0x3a ./Core/Src/gpio.o
 .ARM.attributes
                0x000000d2       0x3a ./Core/Src/main.o
 .ARM.attributes
                0x0000010c       0x3a ./Core/Src/stm32h5xx_hal_msp.o
 .ARM.attributes
                0x00000146       0x3a ./Core/Src/stm32h5xx_it.o
 .ARM.attributes
                0x00000180       0x3a ./Core/Src/system_stm32h5xx.o
 .ARM.attributes
                0x000001ba       0x3a ./Core/Src/usart.o
 .ARM.attributes
                0x000001f4       0x24 ./Core/Startup/startup_stm32h503cbtx.o
 .ARM.attributes
                0x00000218       0x3a ./Drivers/STM32H5xx_HAL_Driver/Src/stm32h5xx_hal.o
 .ARM.attributes
                0x00000252       0x3a ./Drivers/STM32H5xx_HAL_Driver/Src/stm32h5xx_hal_cortex.o
 .ARM.attributes
                0x0000028c       0x3a ./Drivers/STM32H5xx_HAL_Driver/Src/stm32h5xx_hal_dma.o
 .ARM.attributes
                0x000002c6       0x3a ./Drivers/STM32H5xx_HAL_Driver/Src/stm32h5xx_hal_dma_ex.o
 .ARM.attributes
                0x00000300       0x3a ./Drivers/STM32H5xx_HAL_Driver/Src/stm32h5xx_hal_flash.o
 .ARM.attributes
                0x0000033a       0x3a ./Drivers/STM32H5xx_HAL_Driver/Src/stm32h5xx_hal_flash_ex.o
 .ARM.attributes
                0x00000374       0x3a ./Drivers/STM32H5xx_HAL_Driver/Src/stm32h5xx_hal_gpio.o
 .ARM.attributes
                0x000003ae       0x3a ./Drivers/STM32H5xx_HAL_Driver/Src/stm32h5xx_hal_rcc.o
 .ARM.attributes
                0x000003e8       0x3a ./Drivers/STM32H5xx_HAL_Driver/Src/stm32h5xx_hal_rcc_ex.o
 .ARM.attributes
                0x00000422       0x3a ./Drivers/STM32H5xx_HAL_Driver/Src/stm32h5xx_hal_uart.o
 .ARM.attributes
                0x0000045c       0x3a ./Drivers/STM32H5xx_HAL_Driver/Src/stm32h5xx_hal_uart_ex.o
 .ARM.attributes
                0x00000496       0x3a ./IAP/src/iap.o
 .ARM.attributes
                0x000004d0       0x3a ./IAP/src/iap_image.o
 .ARM.attributes
                0x0000050a       0x3a ./IAP/src/protocol.o
 .ARM.attributes
                0x00000544       0x3a ./IAP/src/stmflash.o
 .ARM.attributes
                0x0000057e       0x38 /opt/st/stm32cubeide_1.19.0/plugins/com.st.stm32cube.ide.mcu.externaltools.gnu-tools-for-stm32.13.3.rel1.linux64_1.0.0.202410170706/tools/bin/../lib/gcc/arm-none-eabi/13.3.1/../../../../arm-none-eabi/lib/thumb/v8-m.main+fp/hard/libc_nano.a(libc_a-memset.o)
 .ARM.attributes
                0x000005b6       0x38 /opt/st/stm32cubeide_1.19.0/plugins/com.st.stm32cube.ide.mcu.externaltools.gnu-tools-for-stm32.13.3.rel1.linux64_1.0.0.202410170706/tools/bin/../lib/gcc/arm-none-eabi/13.3.1/../../../../arm-none-eabi/lib/thumb/v8-m.main+fp/hard/libc_nano.a(libc_a-init.o)
 .ARM.attributes
                0x000005ee       0x38 /opt/st/stm32cubeide_1.19.0/plugins/com.st.stm32cube.ide.mcu.externaltools.gnu-tools-for-stm32.13.3.rel1.linux64_1.0.0.202410170706/tools/bin/../lib/gcc/arm-none-eabi/13.3.1/../../../../arm-none-eabi/lib/thumb/v8-m.main+fp/hard/libc_nano.a(libc_a-memcpy-stub.o)
 .ARM.attributes
                0x00000626       0x26 /opt/st/stm32cubeide_1.19.0/plugins/com.st.stm32cube.ide.mcu.externaltools.gnu-tools-for-stm32.13.3.rel1.linux64_1.0.0.202410170706/tools/bin/../lib/gcc/arm-none-eabi/13.3.1/thumb/v8-m.main+fp/hard/libgcc.a(_aeabi_uldivmod.o)
 .ARM.attributes
                0x0000064c       0x38 /opt/st/stm32cubeide_1.19.0/plugins/com.st.stm32cube.ide.mcu.externaltools.gnu-tools-for-stm32.13.3.rel1.linux64_1.0.0.202410170706/tools/bin/../lib/gcc/arm-none-eabi/13.3.1/thumb/v8-m.main+fp/hard/libgcc.a(_udivmoddi4.o)
 .ARM.attributes
                0x00000684       0x26 /opt/st/stm32cubeide_1.19.0/plugins/com.st.stm32cube.ide.mcu.externaltools.gnu-tools-for-stm32.13.3.rel1.linux64_1.0.0.202410170706/tools/bin/../lib/gcc/arm-none-eabi/13.3.1/thumb/v8-m.main+fp/hard/libgcc.a(_dvmd_tls.o)
 .ARM.attributes
                0x000006aa       0x26 /opt/st/stm32cubeide_1.19.0/plugins/com.st.stm32cube.ide.mcu.externaltools.gnu-tools-for-stm32.13.3.rel1.linux64_1.0.0.202410170706/tools/bin/../lib/gcc/arm-none-eabi/13.3.1/thumb/v8-m.main+fp/hard/crtn.o
OUTPUT(bootloader.elf elf32-littlearm)
LOAD linker stubs
LOAD /opt/st/stm32cubeide_1.19.0/plugins/com.st.stm32cube.ide.mcu.externaltools.gnu-tools-for-stm32.13.3.rel1.linux64_1.0.0.202410170706/tools/bin/../lib/gcc/arm-none-eabi/13.3.1/../../../../arm-none-eabi/lib/thumb/v8-m.main+fp/hard/libc.a
LOAD /opt/st/stm32cubeide_1.19.0/plugins/com.st.stm32cube.ide.mcu.externaltools.gnu-tools-for-stm32.13.3.rel1.linux64_1.0.0.202410170706/tools/bin/../lib/gcc/arm-none-eabi/13.3.1/../../../../arm-none-eabi/lib/thumb/v8-m.main+fp/hard/libm.a
LOAD /opt/st/stm32cubeide_1.19.0/plugins/com.st.stm32cube.ide.mcu.externaltools.gnu-tools-for-stm32.13.3.rel1.linux64_1.0.0.202410170706/tools/bin/../lib/gcc/arm-none-eabi/13.3.1/thumb/v8-m.main+fp/hard/libgcc.a

.debug_info     0x00000000    0x1db7f
 .debug_info    0x00000000      0x6b5 ./Core/Src/gpdma.o
 .debug_info    0x000006b5      0x41d ./Core/Src/gpio.o
 .debug_info    0x00000ad2     0x1634 ./Core/Src/main.o
 .debug_info    0x00002106       0x9f ./Core/Src/stm32h5xx_hal_msp.o
 .debug_info    0x000021a5     0x154e ./Core/Src/stm32h5xx_it.o
 .debug_info    0x000036f3      0xc38 ./Core/Src/system_stm32h5xx.o
 .debug_info    0x0000432b     0x1689 ./Core/Src/usart.o
 .debug_info    0x000059b4       0x30 ./Core/Startup/startup_stm32h503cbtx.o
 .debug_info    0x000059e4     0x119f ./Drivers/STM32H5xx_HAL_Driver/Src/stm32h5xx_hal.o
 .debug_info    0x00006b83     0x17a3 ./Drivers/STM32H5xx_HAL_Driver/Src/stm32h5xx_hal_cortex.o
 .debug_info    0x00008326      0xc6f ./Drivers/STM32H5xx_HAL_Driver/Src/stm32h5xx_hal_dma.o
 .debug_info    0x00008f95     0x3663 ./Drivers/STM32H5xx_HAL_Driver/Src/stm32h5xx_hal_dma_ex.o
 .debug_info    0x0000c5f8      0xe2f ./Drivers/STM32H5xx_HAL_Driver/Src/stm32h5xx_hal_flash.o
 .debug_info    0x0000d427     0x1227 ./Drivers/STM32H5xx_HAL_Driver/Src/stm32h5xx_hal_flash_ex.o
 .debug_info    0x0000e64e      0x701 ./Drivers/STM32H5xx_HAL_Driver/Src/stm32h5xx_hal_gpio.o
 .debug_info    0x0000ed4f     0x1557 ./Drivers/STM32H5xx_HAL_Driver/Src/stm32h5xx_hal_rcc.o
 .debug_info    0x000102a6     0x12f2 ./Drivers/STM32H5xx_HAL_Driver/Src/stm32h5xx_hal_rcc_ex.o
 .debug_info    0x00011598     0x6d3d ./Drivers/STM32H5xx_HAL_Driver/Src/stm32h5xx_hal_uart.o
 .debug_info    0x000182d5     0x14ea ./Drivers/STM32H5xx_HAL_Driver/Src/stm32h5xx_hal_uart_ex.o
 .debug_info    0x000197bf     0x16a2 ./IAP/src/iap.o
 .debug_info    0x0001ae61      0xc5b ./IAP/src/iap_image.o
 .debug_info    0x0001babc     0x1732 ./IAP/src/protocol.o
 .debug_info    0x0001d1ee      0x991 ./IAP/src/stmflash.o

.debug_abbrev   0x00000000     0x4036
 .debug_abbrev  0x00000000      0x141 ./Core/Src/gpdma.o
 .debug_abbrev  0x00000141       0xe9 ./Core/Src/gpio.o
 .debug_abbrev  0x0000022a      0x2d6 ./Core/Src/main.o
 .debug_abbrev  0x00000500       0x45 ./Core/Src/stm32h5xx_hal_msp.o
 .debug_abbrev  0x00000545      0x274 ./Core/Src/stm32h5xx_it.o
 .debug_abbrev  0x000007b9      0x143 ./Core/Src/system_stm32h5xx.o
 .debug_abbrev  0x000008fc      0x26f ./Core/Src/usart.o
 .debug_abbrev  0x00000b6b       0x24 ./Core/Startup/startup_stm32h503cbtx.o
 .debug_abbrev  0x00000b8f      0x307 ./Drivers/STM32H5xx_HAL_Driver/Src/stm32h5xx_hal.o
 .debug_abbrev  0x00000e96      0x3b8 ./Drivers/STM32H5xx_HAL_Driver/Src/stm32h5xx_hal_cortex.o
 .debug_abbrev  0x0000124e      0x295 ./Drivers/STM32H5xx_HAL_Driver/Src/stm32h5xx_hal_dma.o
 .debug_abbrev  0x000014e3      0x358 ./Drivers/STM32H5xx_HAL_Driver/Src/stm32h5xx_hal_dma_ex.o
 .debug_abbrev  0x0000183b      0x400 ./Drivers/STM32H5xx_HAL_Driver/Src/stm32h5xx_hal_flash.o
 .debug_abbrev  0x00001c3b      0x3e7 ./Drivers/STM32H5xx_HAL_Driver/Src/stm32h5xx_hal_flash_ex.o
 .debug_abbrev  0x00002022      0x274 ./Drivers/STM32H5xx_HAL_Driver/Src/stm32h5xx_hal_gpio.o
 .debug_abbrev  0x00002296      0x2f7 ./Drivers/STM32H5xx_HAL_Driver/Src/stm32h5xx_hal_rcc.o
 .debug_abbrev  0x0000258d      0x329 ./Drivers/STM32H5xx_HAL_Driver/Src/stm32h5xx_hal_rcc_ex.o
 .debug_abbrev  0x000028b6      0x4ba ./Drivers/STM32H5xx_HAL_Driver/Src/stm32h5xx_hal_uart.o
 .debug_abbrev  0x00002d70      0x362 ./Drivers/STM32H5xx_HAL_Driver/Src/stm32h5xx_hal_uart_ex.o
 .debug_abbrev  0x000030d2      0x4b0 ./IAP/src/iap.o
 .debug_abbrev  0x00003582      0x345 ./IAP/src/iap_image.o
 .debug_abbrev  0x000038c7      0x434 ./IAP/src/protocol.o
 .debug_abbrev  0x00003cfb      0x33b ./IAP/src/stmflash.o

.debug_aranges  0x00000000      0xcf8
 .debug_aranges
                0x00000000       0x20 ./Core/Src/gpdma.o
 .debug_aranges
                0x00000020       0x20 ./Core/Src/gpio.o
 .debug_aranges
                0x00000040       0x30 ./Core/Src/main.o
 .debug_aranges
                0x00000070       0x20 ./Core/Src/stm32h5xx_hal_msp.o
 .debug_aranges
                0x00000090       0x78 ./Core/Src/stm32h5xx_it.o
 .debug_aranges
                0x00000108       0x28 ./Core/Src/system_stm32h5xx.o
 .debug_aranges
                0x00000130       0x38 ./Core/Src/usart.o
 .debug_aranges
                0x00000168       0x28 ./Core/Startup/startup_stm32h503cbtx.o
 .debug_aranges
                0x00000190      0x1a0 ./Drivers/STM32H5xx_HAL_Driver/Src/stm32h5xx_hal.o
 .debug_aranges
                0x00000330       0xc8 ./Drivers/STM32H5xx_HAL_Driver/Src/stm32h5xx_hal_cortex.o
 .debug_aranges
                0x000003f8       0x88 ./Drivers/STM32H5xx_HAL_Driver/Src/stm32h5xx_hal_dma.o
 .debug_aranges
                0x00000480      0x138 ./Drivers/STM32H5xx_HAL_Driver/Src/stm32h5xx_hal_dma_ex.o
 .debug_aranges
                0x000005b8       0x78 ./Drivers/STM32H5xx_HAL_Driver/Src/stm32h5xx_hal_flash.o
 .debug_aranges
                0x00000630       0xa0 ./Drivers/STM32H5xx_HAL_Driver/Src/stm32h5xx_hal_flash_ex.o
 .debug_aranges
                0x000006d0       0x78 ./Drivers/STM32H5xx_HAL_Driver/Src/stm32h5xx_hal_gpio.o
 .debug_aranges
                0x00000748       0xa8 ./Drivers/STM32H5xx_HAL_Driver/Src/stm32h5xx_hal_rcc.o
 .debug_aranges
                0x000007f0       0xe0 ./Drivers/STM32H5xx_HAL_Driver/Src/stm32h5xx_hal_rcc_ex.o
 .debug_aranges
                0x000008d0      0x238 ./Drivers/STM32H5xx_HAL_Driver/Src/stm32h5xx_hal_uart.o
 .debug_aranges
                0x00000b08       0x98 ./Drivers/STM32H5xx_HAL_Driver/Src/stm32h5xx_hal_uart_ex.o
 .debug_aranges
                0x00000ba0       0x50 ./IAP/src/iap.o
 .debug_aranges
                0x00000bf0       0x68 ./IAP/src/iap_image.o
 .debug_aranges
                0x00000c58       0x68 ./IAP/src/protocol.o
 .debug_aranges
                0x00000cc0       0x38 ./IAP/src/stmflash.o

.debug_rnglists
                0x00000000     0x1b87
 .debug_rnglists
                0x00000000       0x28 ./Core/Src/gpdma.o
 .debug_rnglists
                0x00000028       0x1f ./Core/Src/gpio.o
 .debug_rnglists
                0x00000047       0x2d ./Core/Src/main.o
 .debug_rnglists
                0x00000074       0x13 ./Core/Src/stm32h5xx_hal_msp.o
 .debug_rnglists
                0x00000087       0x56 ./Core/Src/stm32h5xx_it.o
 .debug_rnglists
                0x000000dd       0x1b ./Core/Src/system_stm32h5xx.o
 .debug_rnglists
                0x000000f8       0x48 ./Core/Src/usart.o
 .debug_rnglists
                0x00000140       0x19 ./Core/Startup/startup_stm32h503cbtx.o
 .debug_rnglists
                0x00000159      0x134 ./Drivers/STM32H5xx_HAL_Driver/Src/stm32h5xx_hal.o
 .debug_rnglists
                0x0000028d      0x100 ./Drivers/STM32H5xx_HAL_Driver/Src/stm32h5xx_hal_cortex.o
 .debug_rnglists
                0x0000038d       0xa1 ./Drivers/STM32H5xx_HAL_Driver/Src/stm32h5xx_hal_dma.o
 .debug_rnglists
                0x0000042e      0x73c ./Drivers/STM32H5xx_HAL_Driver/Src/stm32h5xx_hal_dma_ex.o
 .debug_rnglists
                0x00000b6a       0xea ./Drivers/STM32H5xx_HAL_Driver/Src/stm32h5xx_hal_flash.o
 .debug_rnglists
                0x00000c54      0x150 ./Drivers/STM32H5xx_HAL_Driver/Src/stm32h5xx_hal_flash_ex.o
 .debug_rnglists
                0x00000da4       0x57 ./Drivers/STM32H5xx_HAL_Driver/Src/stm32h5xx_hal_gpio.o
 .debug_rnglists
                0x00000dfb      0x156 ./Drivers/STM32H5xx_HAL_Driver/Src/stm32h5xx_hal_rcc.o
 .debug_rnglists
                0x00000f51       0xc3 ./Drivers/STM32H5xx_HAL_Driver/Src/stm32h5xx_hal_rcc_ex.o
 .debug_rnglists
                0x00001014      0x649 ./Drivers/STM32H5xx_HAL_Driver/Src/stm32h5xx_hal_uart.o
 .debug_rnglists
                0x0000165d       0xa2 ./Drivers/STM32H5xx_HAL_Driver/Src/stm32h5xx_hal_uart_ex.o
 .debug_rnglists
                0x000016ff       0x94 ./IAP/src/iap.o
 .debug_rnglists
                0x00001793      0x101 ./IAP/src/iap_image.o
 .debug_rnglists
                0x00001894      0x244 ./IAP/src/protocol.o
 .debug_rnglists
                0x00001ad8       0xaf ./IAP/src/stmflash.o

.debug_macro    0x00000000    0x20c1b
 .debug_macro   0x00000000      0x26d ./Core/Src/gpdma.o
 .debug_macro   0x0000026d      0xade ./Core/Src/gpdma.o
 .debug_macro   0x00000d4b      0x1e0 ./Core/Src/gpdma.o
 .debug_macro   0x00000f2b       0x22 ./Core/Src/gpdma.o
 .debug_macro   0x00000f4d       0x5b ./Core/Src/gpdma.o
 .debug_macro   0x00000fa8       0x2a ./Core/Src/gpdma.o
 .debug_macro   0x00000fd2       0x94 ./Core/Src/gpdma.o
 .debug_macro   0x00001066       0x43 ./Core/Src/gpdma.o
 .debug_macro   0x000010a9       0x34 ./Core/Src/gpdma.o
 .debug_macro   0x000010dd      0x190 ./Core/Src/gpdma.o
 .debug_macro   0x0000126d       0x57 ./Core/Src/gpdma.o
 .debug_macro   0x000012c4      0x370 ./Core/Src/gpdma.o
 .debug_macro   0x00001634       0x16 ./Core/Src/gpdma.o
 .debug_macro   0x0000164a       0x4a ./Core/Src/gpdma.o
 .debug_macro   0x00001694       0x34 ./Core/Src/gpdma.o
 .debug_macro   0x000016c8       0x10 ./Core/Src/gpdma.o
 .debug_macro   0x000016d8       0x58 ./Core/Src/gpdma.o
 .debug_macro   0x00001730       0x8e ./Core/Src/gpdma.o
 .debug_macro   0x000017be       0x1c ./Core/Src/gpdma.o
 .debug_macro   0x000017da      0x185 ./Core/Src/gpdma.o
 .debug_macro   0x0000195f      0x19b ./Core/Src/gpdma.o
 .debug_macro   0x00001afa       0x28 ./Core/Src/gpdma.o
 .debug_macro   0x00001b22       0x42 ./Core/Src/gpdma.o
 .debug_macro   0x00001b64      0x103 ./Core/Src/gpdma.o
 .debug_macro   0x00001c67       0x6a ./Core/Src/gpdma.o
 .debug_macro   0x00001cd1      0x1df ./Core/Src/gpdma.o
 .debug_macro   0x00001eb0       0x1c ./Core/Src/gpdma.o
 .debug_macro   0x00001ecc       0x29 ./Core/Src/gpdma.o
 .debug_macro   0x00001ef5       0xfb ./Core/Src/gpdma.o
 .debug_macro   0x00001ff0     0x1685 ./Core/Src/gpdma.o
 .debug_macro   0x00003675       0x5e ./Core/Src/gpdma.o
 .debug_macro   0x000036d3    0x11feb ./Core/Src/gpdma.o
 .debug_macro   0x000156be       0x6d ./Core/Src/gpdma.o
 .debug_macro   0x0001572b     0x388a ./Core/Src/gpdma.o
 .debug_macro   0x00018fb5       0x63 ./Core/Src/gpdma.o
 .debug_macro   0x00019018     0x146a ./Core/Src/gpdma.o
 .debug_macro   0x0001a482      0x75e ./Core/Src/gpdma.o
 .debug_macro   0x0001abe0      0x166 ./Core/Src/gpdma.o
 .debug_macro   0x0001ad46      0x1a6 ./Core/Src/gpdma.o
 .debug_macro   0x0001aeec      0x527 ./Core/Src/gpdma.o
 .debug_macro   0x0001b413      0x40f ./Core/Src/gpdma.o
 .debug_macro   0x0001b822       0xd6 ./Core/Src/gpdma.o
 .debug_macro   0x0001b8f8      0x1cd ./Core/Src/gpdma.o
 .debug_macro   0x0001bac5      0x1c3 ./Core/Src/gpdma.o
 .debug_macro   0x0001bc88      0x4e8 ./Core/Src/gpdma.o
 .debug_macro   0x0001c170       0x58 ./Core/Src/gpdma.o
 .debug_macro   0x0001c1c8      0x272 ./Core/Src/gpdma.o
 .debug_macro   0x0001c43a      0x1a6 ./Core/Src/gpdma.o
 .debug_macro   0x0001c5e0      0x693 ./Core/Src/gpdma.o
 .debug_macro   0x0001cc73       0xa6 ./Core/Src/gpdma.o
 .debug_macro   0x0001cd19      0x20a ./Core/Src/gpdma.o
 .debug_macro   0x0001cf23      0x38f ./Core/Src/gpdma.o
 .debug_macro   0x0001d2b2      0x26d ./Core/Src/gpio.o
 .debug_macro   0x0001d51f      0x319 ./Core/Src/main.o
 .debug_macro   0x0001d838       0x6a ./Core/Src/main.o
 .debug_macro   0x0001d8a2       0x1c ./Core/Src/main.o
 .debug_macro   0x0001d8be       0x3c ./Core/Src/main.o
 .debug_macro   0x0001d8fa       0x10 ./Core/Src/main.o
 .debug_macro   0x0001d90a       0x1c ./Core/Src/main.o
 .debug_macro   0x0001d926       0x16 ./Core/Src/main.o
 .debug_macro   0x0001d93c      0x146 ./Core/Src/main.o
 .debug_macro   0x0001da82       0x16 ./Core/Src/main.o
 .debug_macro   0x0001da98       0x20 ./Core/Src/main.o
 .debug_macro   0x0001dab8       0x3a ./Core/Src/main.o
 .debug_macro   0x0001daf2      0x263 ./Core/Src/stm32h5xx_hal_msp.o
 .debug_macro   0x0001dd55      0x26d ./Core/Src/stm32h5xx_it.o
 .debug_macro   0x0001dfc2      0x260 ./Core/Src/system_stm32h5xx.o
 .debug_macro   0x0001e222      0x274 ./Core/Src/usart.o
 .debug_macro   0x0001e496      0x289 ./Drivers/STM32H5xx_HAL_Driver/Src/stm32h5xx_hal.o
 .debug_macro   0x0001e71f      0x259 ./Drivers/STM32H5xx_HAL_Driver/Src/stm32h5xx_hal_cortex.o
 .debug_macro   0x0001e978      0x25a ./Drivers/STM32H5xx_HAL_Driver/Src/stm32h5xx_hal_dma.o
 .debug_macro   0x0001ebd2      0x25a ./Drivers/STM32H5xx_HAL_Driver/Src/stm32h5xx_hal_dma_ex.o
 .debug_macro   0x0001ee2c      0x259 ./Drivers/STM32H5xx_HAL_Driver/Src/stm32h5xx_hal_flash.o
 .debug_macro   0x0001f085      0x259 ./Drivers/STM32H5xx_HAL_Driver/Src/stm32h5xx_hal_flash_ex.o
 .debug_macro   0x0001f2de      0x28f ./Drivers/STM32H5xx_HAL_Driver/Src/stm32h5xx_hal_gpio.o
 .debug_macro   0x0001f56d      0x29b ./Drivers/STM32H5xx_HAL_Driver/Src/stm32h5xx_hal_rcc.o
 .debug_macro   0x0001f808      0x265 ./Drivers/STM32H5xx_HAL_Driver/Src/stm32h5xx_hal_rcc_ex.o
 .debug_macro   0x0001fa6d      0x284 ./Drivers/STM32H5xx_HAL_Driver/Src/stm32h5xx_hal_uart.o
 .debug_macro   0x0001fcf1      0x265 ./Drivers/STM32H5xx_HAL_Driver/Src/stm32h5xx_hal_uart_ex.o
 .debug_macro   0x0001ff56      0x355 ./IAP/src/iap.o
 .debug_macro   0x000202ab       0x22 ./IAP/src/iap.o
 .debug_macro   0x000202cd      0x2fd ./IAP/src/iap_image.o
 .debug_macro   0x000205ca      0x36a ./IAP/src/protocol.o
 .debug_macro   0x00020934      0x2e7 ./IAP/src/stmflash.o

.debug_line     0x00000000    0x1f6df
 .debug_line    0x00000000      0x7b2 ./Core/Src/gpdma.o
 .debug_line    0x000007b2      0x78e ./Core/Src/gpio.o
 .debug_line    0x00000f40      0xa64 ./Core/Src/main.o
 .debug_line    0x000019a4      0x77a ./Core/Src/stm32h5xx_hal_msp.o
 .debug_line    0x0000211e      0x984 ./Core/Src/stm32h5xx_it.o
 .debug_line    0x00002aa2      0x9c4 ./Core/Src/system_stm32h5xx.o
 .debug_line    0x00003466      0xac9 ./Core/Src/usart.o
 .debug_line    0x00003f2f       0x77 ./Core/Startup/startup_stm32h503cbtx.o
 .debug_line    0x00003fa6      0xe94 ./Drivers/STM32H5xx_HAL_Driver/Src/stm32h5xx_hal.o
 .debug_line    0x00004e3a      0xeb9 ./Drivers/STM32H5xx_HAL_Driver/Src/stm32h5xx_hal_cortex.o
 .debug_line    0x00005cf3     0x1543 ./Drivers/STM32H5xx_HAL_Driver/Src/stm32h5xx_hal_dma.o
 .debug_line    0x00007236     0x4edb ./Drivers/STM32H5xx_HAL_Driver/Src/stm32h5xx_hal_dma_ex.o
 .debug_line    0x0000c111     0x1041 ./Drivers/STM32H5xx_HAL_Driver/Src/stm32h5xx_hal_flash.o
 .debug_line    0x0000d152     0x1463 ./Drivers/STM32H5xx_HAL_Driver/Src/stm32h5xx_hal_flash_ex.o
 .debug_line    0x0000e5b5      0xcdd ./Drivers/STM32H5xx_HAL_Driver/Src/stm32h5xx_hal_gpio.o
 .debug_line    0x0000f292     0x1d1c ./Drivers/STM32H5xx_HAL_Driver/Src/stm32h5xx_hal_rcc.o
 .debug_line    0x00010fae     0x222f ./Drivers/STM32H5xx_HAL_Driver/Src/stm32h5xx_hal_rcc_ex.o
 .debug_line    0x000131dd     0x6f6a ./Drivers/STM32H5xx_HAL_Driver/Src/stm32h5xx_hal_uart.o
 .debug_line    0x0001a147     0x1274 ./Drivers/STM32H5xx_HAL_Driver/Src/stm32h5xx_hal_uart_ex.o
 .debug_line    0x0001b3bb      0xdb1 ./IAP/src/iap.o
 .debug_line    0x0001c16c      0xe70 ./IAP/src/iap_image.o
 .debug_line    0x0001cfdc     0x1961 ./IAP/src/protocol.o
 .debug_line    0x0001e93d      0xda2 ./IAP/src/stmflash.o

.debug_str      0x00000000    0xc3729
 .debug_str     0x00000000    0xc3729 ./Core/Src/gpdma.o
                              0xbdeb6 (size before relaxing)
 .debug_str     0x000c3729    0xbd9d3 ./Core/Src/gpio.o
 .debug_str     0x000c3729    0xbed8f ./Core/Src/main.o
 .debug_str     0x000c3729    0xbd78c ./Core/Src/stm32h5xx_hal_msp.o
 .debug_str     0x000c3729    0xbe3c4 ./Core/Src/stm32h5xx_it.o
 .debug_str     0x000c3729    0xbdc96 ./Core/Src/system_stm32h5xx.o
 .debug_str     0x000c3729    0xbe9c5 ./Core/Src/usart.o
 .debug_str     0x000c3729       0x79 ./Core/Startup/startup_stm32h503cbtx.o
 .debug_str     0x000c3729    0xbe809 ./Drivers/STM32H5xx_HAL_Driver/Src/stm32h5xx_hal.o
 .debug_str     0x000c3729    0xbe573 ./Drivers/STM32H5xx_HAL_Driver/Src/stm32h5xx_hal_cortex.o
 .debug_str     0x000c3729    0xbdec9 ./Drivers/STM32H5xx_HAL_Driver/Src/stm32h5xx_hal_dma.o
 .debug_str     0x000c3729    0xbe593 ./Drivers/STM32H5xx_HAL_Driver/Src/stm32h5xx_hal_dma_ex.o
 .debug_str     0x000c3729    0xbdcc1 ./Drivers/STM32H5xx_HAL_Driver/Src/stm32h5xx_hal_flash.o
 .debug_str     0x000c3729    0xbe079 ./Drivers/STM32H5xx_HAL_Driver/Src/stm32h5xx_hal_flash_ex.o
 .debug_str     0x000c3729    0xbdb74 ./Drivers/STM32H5xx_HAL_Driver/Src/stm32h5xx_hal_gpio.o
 .debug_str     0x000c3729    0xbe1d6 ./Drivers/STM32H5xx_HAL_Driver/Src/stm32h5xx_hal_rcc.o
 .debug_str     0x000c3729    0xbe32d ./Drivers/STM32H5xx_HAL_Driver/Src/stm32h5xx_hal_rcc_ex.o
 .debug_str     0x000c3729    0xbe86a ./Drivers/STM32H5xx_HAL_Driver/Src/stm32h5xx_hal_uart.o
 .debug_str     0x000c3729    0xbe22a ./Drivers/STM32H5xx_HAL_Driver/Src/stm32h5xx_hal_uart_ex.o
 .debug_str     0x000c3729    0xbedf3 ./IAP/src/iap.o
 .debug_str     0x000c3729    0xbe3f1 ./IAP/src/iap_image.o
 .debug_str     0x000c3729    0xbec79 ./IAP/src/protocol.o
 .debug_str     0x000c3729    0xbe4fd ./IAP/src/stmflash.o

.comment        0x00000000       0x43
 .comment       0x00000000       0x43 ./Core/Src/gpdma.o
                                 0x44 (size before relaxing)
 .comment       0x00000043       0x44 ./Core/Src/gpio.o
 .comment       0x00000043       0x44 ./Core/Src/main.o
 .comment       0x00000043       0x44 ./Core/Src/stm32h5xx_hal_msp.o
 .comment       0x00000043       0x44 ./Core/Src/stm32h5xx_it.o
 .comment       0x00000043       0x44 ./Core/Src/system_stm32h5xx.o
 .comment       0x00000043       0x44 ./Core/Src/usart.o
 .comment       0x00000043       0x44 ./Drivers/STM32H5xx_HAL_Driver/Src/stm32h5xx_hal.o
 .comment       0x00000043       0x44 ./Drivers/STM32H5xx_HAL_Driver/Src/stm32h5xx_hal_cortex.o
 .comment       0x00000043       0x44 ./Drivers/STM32H5xx_HAL_Driver/Src/stm32h5xx_hal_dma.o
 .comment       0x00000043       0x44 ./Drivers/STM32H5xx_HAL_Driver/Src/stm32h5xx_hal_dma_ex.o
 .comment       0x00000043       0x44 ./Drivers/STM32H5xx_HAL_Driver/Src/stm32h5xx_hal_flash.o
 .comment       0x00000043       0x44 ./Drivers/STM32H5xx_HAL_Driver/Src/stm32h5xx_hal_flash_ex.o
 .comment       0x00000043       0x44 ./Drivers/STM32H5xx_HAL_Driver/Src/stm32h5xx_hal_gpio.o
 .comment       0x00000043       0x44 ./Drivers/STM32H5xx_HAL_Driver/Src/stm32h5xx_hal_rcc.o
 .comment       0x00000043       0x44 ./Drivers/STM32H5xx_HAL_Driver/Src/stm32h5xx_hal_rcc_ex.o
 .comment       0x00000043       0x44 ./Drivers/STM32H5xx_HAL_Driver/Src/stm32h5xx_hal_uart.o
 .comment       0x00000043       0x44 ./Drivers/STM32H5xx_HAL_Driver/Src/stm32h5xx_hal_uart_ex.o
 .comment       0x00000043       0x44 ./IAP/src/iap.o
 .comment       0x00000043       0x44 ./IAP/src/iap_image.o
 .comment       0x00000043       0x44 ./IAP/src/protocol.o
 .comment       0x00000043       0x44 ./IAP/src/stmflash.o

.debug_frame    0x00000000     0x26a0
 .debug_frame   0x00000000       0x30 ./Core/Src/gpdma.o
 .debug_frame   0x00000030       0x28 ./Core/Src/gpio.o
 .debug_frame   0x00000058       0x60 ./Core/Src/main.o
 .debug_frame   0x000000b8       0x20 ./Core/Src/stm32h5xx_hal_msp.o
 .debug_frame   0x000000d8       0xd4 ./Core/Src/stm32h5xx_it.o
 .debug_frame   0x000001ac       0x58 ./Core/Src/system_stm32h5xx.o
 .debug_frame   0x00000204       0x94 ./Core/Src/usart.o
 .debug_frame   0x00000298      0x358 ./Drivers/STM32H5xx_HAL_Driver/Src/stm32h5xx_hal.o
 .debug_frame   0x000005f0      0x198 ./Drivers/STM32H5xx_HAL_Driver/Src/stm32h5xx_hal_cortex.o
 .debug_frame   0x00000788      0x180 ./Drivers/STM32H5xx_HAL_Driver/Src/stm32h5xx_hal_dma.o
 .debug_frame   0x00000908      0x6c8 ./Drivers/STM32H5xx_HAL_Driver/Src/stm32h5xx_hal_dma_ex.o
 .debug_frame   0x00000fd0      0x11c ./Drivers/STM32H5xx_HAL_Driver/Src/stm32h5xx_hal_flash.o
 .debug_frame   0x000010ec      0x1a8 ./Drivers/STM32H5xx_HAL_Driver/Src/stm32h5xx_hal_flash_ex.o
 .debug_frame   0x00001294      0x120 ./Drivers/STM32H5xx_HAL_Driver/Src/stm32h5xx_hal_gpio.o
 .debug_frame   0x000013b4      0x214 ./Drivers/STM32H5xx_HAL_Driver/Src/stm32h5xx_hal_rcc.o
 .debug_frame   0x000015c8      0x2bc ./Drivers/STM32H5xx_HAL_Driver/Src/stm32h5xx_hal_rcc_ex.o
 .debug_frame   0x00001884      0x730 ./Drivers/STM32H5xx_HAL_Driver/Src/stm32h5xx_hal_uart.o
 .debug_frame   0x00001fb4      0x1cc ./Drivers/STM32H5xx_HAL_Driver/Src/stm32h5xx_hal_uart_ex.o
 .debug_frame   0x00002180       0xc8 ./IAP/src/iap.o
 .debug_frame   0x00002248      0x140 ./IAP/src/iap_image.o
 .debug_frame   0x00002388      0x16c ./IAP/src/protocol.o
 .debug_frame   0x000024f4       0xd4 ./IAP/src/stmflash.o
 .debug_frame   0x000025c8       0x20 /opt/st/stm32cubeide_1.19.0/plugins/com.st.stm32cube.ide.mcu.externaltools.gnu-tools-for-stm32.13.3.rel1.linux64_1.0.0.202410170706/tools/bin/../lib/gcc/arm-none-eabi/13.3.1/../../../../arm-none-eabi/lib/thumb/v8-m.main+fp/hard/libc_nano.a(libc_a-memset.o)
 .debug_frame   0x000025e8       0x2c /opt/st/stm32cubeide_1.19.0/plugins/com.st.stm32cube.ide.mcu.externaltools.gnu-tools-for-stm32.13.3.rel1.linux64_1.0.0.202410170706/tools/bin/../lib/gcc/arm-none-eabi/13.3.1/../../../../arm-none-eabi/lib/thumb/v8-m.main+fp/hard/libc_nano.a(libc_a-init.o)
 .debug_frame   0x00002614       0x28 /opt/st/stm32cubeide_1.19.0/plugins/com.st.stm32cube.ide.mcu.externaltools.gnu-tools-for-stm32.13.3.rel1.linux64_1.0.0.202410170706/tools/bin/../lib/gcc/arm-none-eabi/13.3.1/../../../../arm-none-eabi/lib/thumb/v8-m.main+fp/hard/libc_nano.a(libc_a-memcpy-stub.o)
 .debug_frame   0x0000263c       0x2c /opt/st/stm32cubeide_1.19.0/plugins/com.st.stm32cube.ide.mcu.externaltools.gnu-tools-for-stm32.13.3.rel1.linux64_1.0.0.202410170706/tools/bin/../lib/gcc/arm-none-eabi/13.3.1/thumb/v8-m.main+fp/hard/libgcc.a(_aeabi_uldivmod.o)
 .debug_frame   0x00002668       0x38 /opt/st/stm32cubeide_1.19.0/plugins/com.st.stm32cube.ide.mcu.externaltools.gnu-tools-for-stm32.13.3.rel1.linux64_1.0.0.202410170706/tools/bin/../lib/gcc/arm-none-eabi/13.3.1/thumb/v8-m.main+fp/hard/libgcc.a(_udivmoddi4.o)

.debug_loclists
                0x00000000     0xe896
 .debug_loclists
                0x00000000       0xef ./Core/Src/system_stm32h5xx.o
 .debug_loclists
                0x000000ef       0x7f ./Core/Src/usart.o
 .debug_loclists
                0x0000016e      0x1d6 ./Drivers/STM32H5xx_HAL_Driver/Src/stm32h5xx_hal.o
 .debug_loclists
                0x00000344      0x5d0 ./Drivers/STM32H5xx_HAL_Driver/Src/stm32h5xx_hal_cortex.o
 .debug_loclists
                0x00000914      0x6f8 ./Drivers/STM32H5xx_HAL_Driver/Src/stm32h5xx_hal_dma.o
 .debug_loclists
                0x0000100c     0x4033 ./Drivers/STM32H5xx_HAL_Driver/Src/stm32h5xx_hal_dma_ex.o
 .debug_loclists
                0x0000503f      0x6dd ./Drivers/STM32H5xx_HAL_Driver/Src/stm32h5xx_hal_flash.o
 .debug_loclists
                0x0000571c      0x78f ./Drivers/STM32H5xx_HAL_Driver/Src/stm32h5xx_hal_flash_ex.o
 .debug_loclists
                0x00005eab      0x291 ./Drivers/STM32H5xx_HAL_Driver/Src/stm32h5xx_hal_gpio.o
 .debug_loclists
                0x0000613c      0x671 ./Drivers/STM32H5xx_HAL_Driver/Src/stm32h5xx_hal_rcc.o
 .debug_loclists
                0x000067ad      0xc83 ./Drivers/STM32H5xx_HAL_Driver/Src/stm32h5xx_hal_rcc_ex.o
 .debug_loclists
                0x00007430     0x4736 ./Drivers/STM32H5xx_HAL_Driver/Src/stm32h5xx_hal_uart.o
 .debug_loclists
                0x0000bb66      0x9da ./Drivers/STM32H5xx_HAL_Driver/Src/stm32h5xx_hal_uart_ex.o
 .debug_loclists
                0x0000c540      0x1e3 ./IAP/src/iap.o
 .debug_loclists
                0x0000c723      0x7eb ./IAP/src/iap_image.o
 .debug_loclists
                0x0000cf0e     0x1400 ./IAP/src/protocol.o
 .debug_loclists
                0x0000e30e      0x588 ./IAP/src/stmflash.o

.debug_line_str
                0x00000000       0x5d
 .debug_line_str
                0x00000000       0x5d ./Core/Startup/startup_stm32h503cbtx.o
