Archive member included to satisfy reference by file (symbol)

/opt/st/stm32cubeide_1.19.0/plugins/com.st.stm32cube.ide.mcu.externaltools.gnu-tools-for-stm32.13.3.rel1.linux64_1.0.0.202410170706/tools/bin/../lib/gcc/arm-none-eabi/13.3.1/../../../../arm-none-eabi/lib/thumb/v8-m.main+fp/hard/libc_nano.a(libc_a-exit.o)
                              /opt/st/stm32cubeide_1.19.0/plugins/com.st.stm32cube.ide.mcu.externaltools.gnu-tools-for-stm32.13.3.rel1.linux64_1.0.0.202410170706/tools/bin/../lib/gcc/arm-none-eabi/13.3.1/../../../../arm-none-eabi/lib/thumb/v8-m.main+fp/hard/crt0.o (exit)
/opt/st/stm32cubeide_1.19.0/plugins/com.st.stm32cube.ide.mcu.externaltools.gnu-tools-for-stm32.13.3.rel1.linux64_1.0.0.202410170706/tools/bin/../lib/gcc/arm-none-eabi/13.3.1/../../../../arm-none-eabi/lib/thumb/v8-m.main+fp/hard/libc_nano.a(libc_a-findfp.o)
                              /opt/st/stm32cubeide_1.19.0/plugins/com.st.stm32cube.ide.mcu.externaltools.gnu-tools-for-stm32.13.3.rel1.linux64_1.0.0.202410170706/tools/bin/../lib/gcc/arm-none-eabi/13.3.1/../../../../arm-none-eabi/lib/thumb/v8-m.main+fp/hard/libc_nano.a(libc_a-exit.o) (__stdio_exit_handler)
/opt/st/stm32cubeide_1.19.0/plugins/com.st.stm32cube.ide.mcu.externaltools.gnu-tools-for-stm32.13.3.rel1.linux64_1.0.0.202410170706/tools/bin/../lib/gcc/arm-none-eabi/13.3.1/../../../../arm-none-eabi/lib/thumb/v8-m.main+fp/hard/libc_nano.a(libc_a-fwalk.o)
                              /opt/st/stm32cubeide_1.19.0/plugins/com.st.stm32cube.ide.mcu.externaltools.gnu-tools-for-stm32.13.3.rel1.linux64_1.0.0.202410170706/tools/bin/../lib/gcc/arm-none-eabi/13.3.1/../../../../arm-none-eabi/lib/thumb/v8-m.main+fp/hard/libc_nano.a(libc_a-findfp.o) (_fwalk_sglue)
/opt/st/stm32cubeide_1.19.0/plugins/com.st.stm32cube.ide.mcu.externaltools.gnu-tools-for-stm32.13.3.rel1.linux64_1.0.0.202410170706/tools/bin/../lib/gcc/arm-none-eabi/13.3.1/../../../../arm-none-eabi/lib/thumb/v8-m.main+fp/hard/libc_nano.a(libc_a-stdio.o)
                              /opt/st/stm32cubeide_1.19.0/plugins/com.st.stm32cube.ide.mcu.externaltools.gnu-tools-for-stm32.13.3.rel1.linux64_1.0.0.202410170706/tools/bin/../lib/gcc/arm-none-eabi/13.3.1/../../../../arm-none-eabi/lib/thumb/v8-m.main+fp/hard/libc_nano.a(libc_a-findfp.o) (__sread)
/opt/st/stm32cubeide_1.19.0/plugins/com.st.stm32cube.ide.mcu.externaltools.gnu-tools-for-stm32.13.3.rel1.linux64_1.0.0.202410170706/tools/bin/../lib/gcc/arm-none-eabi/13.3.1/../../../../arm-none-eabi/lib/thumb/v8-m.main+fp/hard/libc_nano.a(libc_a-memset.o)
                              /opt/st/stm32cubeide_1.19.0/plugins/com.st.stm32cube.ide.mcu.externaltools.gnu-tools-for-stm32.13.3.rel1.linux64_1.0.0.202410170706/tools/bin/../lib/gcc/arm-none-eabi/13.3.1/../../../../arm-none-eabi/lib/thumb/v8-m.main+fp/hard/crt0.o (memset)
/opt/st/stm32cubeide_1.19.0/plugins/com.st.stm32cube.ide.mcu.externaltools.gnu-tools-for-stm32.13.3.rel1.linux64_1.0.0.202410170706/tools/bin/../lib/gcc/arm-none-eabi/13.3.1/../../../../arm-none-eabi/lib/thumb/v8-m.main+fp/hard/libc_nano.a(libc_a-closer.o)
                              /opt/st/stm32cubeide_1.19.0/plugins/com.st.stm32cube.ide.mcu.externaltools.gnu-tools-for-stm32.13.3.rel1.linux64_1.0.0.202410170706/tools/bin/../lib/gcc/arm-none-eabi/13.3.1/../../../../arm-none-eabi/lib/thumb/v8-m.main+fp/hard/libc_nano.a(libc_a-stdio.o) (_close_r)
/opt/st/stm32cubeide_1.19.0/plugins/com.st.stm32cube.ide.mcu.externaltools.gnu-tools-for-stm32.13.3.rel1.linux64_1.0.0.202410170706/tools/bin/../lib/gcc/arm-none-eabi/13.3.1/../../../../arm-none-eabi/lib/thumb/v8-m.main+fp/hard/libc_nano.a(libc_a-reent.o)
                              /opt/st/stm32cubeide_1.19.0/plugins/com.st.stm32cube.ide.mcu.externaltools.gnu-tools-for-stm32.13.3.rel1.linux64_1.0.0.202410170706/tools/bin/../lib/gcc/arm-none-eabi/13.3.1/../../../../arm-none-eabi/lib/thumb/v8-m.main+fp/hard/libc_nano.a(libc_a-closer.o) (errno)
/opt/st/stm32cubeide_1.19.0/plugins/com.st.stm32cube.ide.mcu.externaltools.gnu-tools-for-stm32.13.3.rel1.linux64_1.0.0.202410170706/tools/bin/../lib/gcc/arm-none-eabi/13.3.1/../../../../arm-none-eabi/lib/thumb/v8-m.main+fp/hard/libc_nano.a(libc_a-impure.o)
                              /opt/st/stm32cubeide_1.19.0/plugins/com.st.stm32cube.ide.mcu.externaltools.gnu-tools-for-stm32.13.3.rel1.linux64_1.0.0.202410170706/tools/bin/../lib/gcc/arm-none-eabi/13.3.1/../../../../arm-none-eabi/lib/thumb/v8-m.main+fp/hard/libc_nano.a(libc_a-reent.o) (_impure_ptr)
/opt/st/stm32cubeide_1.19.0/plugins/com.st.stm32cube.ide.mcu.externaltools.gnu-tools-for-stm32.13.3.rel1.linux64_1.0.0.202410170706/tools/bin/../lib/gcc/arm-none-eabi/13.3.1/../../../../arm-none-eabi/lib/thumb/v8-m.main+fp/hard/libc_nano.a(libc_a-lseekr.o)
[...]
Memory Configuration

Name             Origin             Length             Attributes
RAM              0x20000000         0x00008000         xrw
FLASH            0x08000000         0x00008000         xr
*default*        0x00000000         0xffffffff

Linker script and memory map

LOAD /opt/st/stm32cubeide_1.19.0/plugins/com.st.stm32cube.ide.mcu.externaltools.gnu-tools-for-stm32.13.3.rel1.linux64_1.0.0.202410170706/tools/bin/../lib/gcc/arm-none-eabi/13.3.1/thumb/v8-m.main+fp/hard/crti.o
LOAD /opt/st/stm32cubeide_1.19.0/plugins/com.st.stm32cube.ide.mcu.externaltools.gnu-tools-for-stm32.13.3.rel1.linux64_1.0.0.202410170706/tools/bin/../lib/gcc/arm-none-eabi/13.3.1/thumb/v8-m.main+fp/hard/crtbegin.o
LOAD /opt/st/stm32cubeide_1.19.0/plugins/com.st.stm32cube.ide.mcu.externaltools.gnu-tools-for-stm32.13.3.rel1.linux64_1.0.0.202410170706/tools/bin/../lib/gcc/arm-none-eabi/13.3.1/../../../../arm-none-eabi/lib/thumb/v8-m.main+fp/hard/crt0.o
LOAD ./Core/Src/gpio.o
LOAD ./Core/Src/main.o
LOAD ./Core/Src/stm32h5xx_hal_msp.o
LOAD ./Core/Src/stm32h5xx_it.o
LOAD ./Core/Src/syscalls.o
LOAD ./Core/Src/sysmem.o
LOAD ./Core/Src/system_stm32h5xx.o
LOAD ./Core/Src/usart.o
LOAD ./Core/Startup/startup_stm32h503cbtx.o
LOAD ./Drivers/STM32H5xx_HAL_Driver/Src/stm32h5xx_hal.o
LOAD ./Drivers/STM32H5xx_HAL_Driver/Src/stm32h5xx_hal_cortex.o
LOAD ./Drivers/STM32H5xx_HAL_Driver/Src/stm32h5xx_hal_dma.o
LOAD ./Drivers/STM32H5xx_HAL_Driver/Src/stm32h5xx_hal_dma_ex.o
LOAD ./Drivers/STM32H5xx_HAL_Driver/Src/stm32h5xx_hal_exti.o
LOAD ./Drivers/STM32H5xx_HAL_Driver/Src/stm32h5xx_hal_flash.o
LOAD ./Drivers/STM32H5xx_HAL_Driver/Src/stm32h5xx_hal_flash_ex.o
LOAD ./Drivers/STM32H5xx_HAL_Driver/Src/stm32h5xx_hal_gpio.o
LOAD ./Drivers/STM32H5xx_HAL_Driver/Src/stm32h5xx_hal_pwr.o
LOAD ./Drivers/STM32H5xx_HAL_Driver/Src/stm32h5xx_hal_pwr_ex.o
LOAD ./Drivers/STM32H5xx_HAL_Driver/Src/stm32h5xx_hal_rcc.o
LOAD ./Drivers/STM32H5xx_HAL_Driver/Src/stm32h5xx_hal_rcc_ex.o
LOAD ./Drivers/STM32H5xx_HAL_Driver/Src/stm32h5xx_hal_uart.o
LOAD ./Drivers/STM32H5xx_HAL_Driver/Src/stm32h5xx_hal_uart_ex.o
LOAD ./IAP/src/common.o
LOAD ./IAP/src/iap.o
LOAD ./IAP/src/stmflash.o
LOAD ./IAP/src/ymodem.o
START GROUP
LOAD /opt/st/stm32cubeide_1.19.0/plugins/com.st.stm32cube.ide.mcu.externaltools.gnu-tools-for-stm32.13.3.rel1.linux64_1.0.0.202410170706/tools/bin/../lib/gcc/arm-none-eabi/13.3.1/../../../../arm-none-eabi/lib/thumb/v8-m.main+fp/hard/libc_nano.a
LOAD /opt/st/stm32cubeide_1.19.0/plugins/com.st.stm32cube.ide.mcu.externaltools.gnu-tools-for-stm32.13.3.rel1.linux64_1.0.0.202410170706/tools/bin/../lib/gcc/arm-none-eabi/13.3.1/../../../../arm-none-eabi/lib/thumb/v8-m.main+fp/hard/libm.a
END GROUP
START GROUP
LOAD /opt/st/stm32cubeide_1.19.0/plugins/com.st.stm32cube.ide.mcu.externaltools.gnu-tools-for-stm32.13.3.rel1.linux64_1.0.0.202410170706/tools/bin/../lib/gcc/arm-none-eabi/13.3.1/thumb/v8-m.main+fp/hard/libgcc.a
LOAD /opt/st/stm32cubeide_1.19.0/plugins/com.st.stm32cube.ide.mcu.externaltools.gnu-tools-for-stm32.13.3.rel1.linux64_1.0.0.202410170706/tools/bin/../lib/gcc/arm-none-eabi/13.3.1/../../../../arm-none-eabi/lib/thumb/v8-m.main+fp/hard/libc_nano.a
END GROUP
START GROUP
LOAD /opt/st/stm32cubeide_1.19.0/plugins/com.st.stm32cube.ide.mcu.externaltools.gnu-tools-for-stm32.13.3.rel1.linux64_1.0.0.202410170706/tools/bin/../lib/gcc/arm-none-eabi/13.3.1/thumb/v8-m.main+fp/hard/libgcc.a
LOAD /opt/st/stm32cubeide_1.19.0/plugins/com.st.stm32cube.ide.mcu.externaltools.gnu-tools-for-stm32.13.3.rel1.linux64_1.0.0.202410170706/tools/bin/../lib/gcc/arm-none-eabi/13.3.1/../../../../arm-none-eabi/lib/thumb/v8-m.main+fp/hard/libc_nano.a
LOAD /opt/st/stm32cubeide_1.19.0/plugins/com.st.stm32cube.ide.mcu.externaltools.gnu-tools-for-stm32.13.3.rel1.linux64_1.0.0.202410170706/tools/bin/../lib/gcc/arm-none-eabi/13.3.1/../../../../arm-none-eabi/lib/thumb/v8-m.main+fp/hard/libnosys.a
END GROUP
START GROUP
LOAD /opt/st/stm32cubeide_1.19.0/plugins/com.st.stm32cube.ide.mcu.externaltools.gnu-tools-for-stm32.13.3.rel1.linux64_1.0.0.202410170706/tools/bin/../lib/gcc/arm-none-eabi/13.3.1/thumb/v8-m.main+fp/hard/libgcc.a
LOAD /opt/st/stm32cubeide_1.19.0/plugins/com.st.stm32cube.ide.mcu.externaltools.gnu-tools-for-stm32.13.3.rel1.linux64_1.0.0.202410170706/tools/bin/../lib/gcc/arm-none-eabi/13.3.1/../../../../arm-none-eabi/lib/thumb/v8-m.main+fp/hard/libc_nano.a
LOAD /opt/st/stm32cubeide_1.19.0/plugins/com.st.stm32cube.ide.mcu.externaltools.gnu-tools-for-stm32.13.3.rel1.linux64_1.0.0.202410170706/tools/bin/../lib/gcc/arm-none-eabi/13.3.1/../../../../arm-none-eabi/lib/thumb/v8-m.main+fp/hard/libnosys.a
END GROUP
LOAD /opt/st/stm32cubeide_1.19.0/plugins/com.st.stm32cube.ide.mcu.externaltools.gnu-tools-for-stm32.13.3.rel1.linux64_1.0.0.202410170706/tools/bin/../lib/gcc/arm-none-eabi/13.3.1/thumb/v8-m.main+fp/hard/crtend.o
LOAD /opt/st/stm32cubeide_1.19.0/plugins/com.st.stm32cube.ide.mcu.externaltools.gnu-tools-for-stm32.13.3.rel1.linux64_1.0.0.202410170706/tools/bin/../lib/gcc/arm-none-eabi/13.3.1/thumb/v8-m.main+fp/hard/crtn.o
                0x20008000                        _estack = (ORIGIN (RAM) + LENGTH (RAM))
                0x00000200                        _Min_Heap_Size = 0x200
                0x00000400                        _Min_Stack_Size = 0x400

.isr_vector     0x08000000      0x258
                0x08000000                        . = ALIGN (0x4)
 *(.isr_vector)
 .isr_vector    0x08000000      0x258 ./Core/Startup/startup_stm32h503cbtx.o
                0x08000000                g_pfnVectors
                0x08000258                        . = ALIGN (0x4)

.text           0x08000258     0x78d4
                0x08000258                        . = ALIGN (0x4)
 *(.text)
 .text          0x08000258       0x40 /opt/st/stm32cubeide_1.19.0/plugins/com.st.stm32cube.ide.mcu.externaltools.gnu-tools-for-stm32.13.3.rel1.linux64_1.0.0.202410170706/tools/bin/../lib/gcc/arm-none-eabi/13.3.1/thumb/v8-m.main+fp/hard/crtbegin.o
 .text          0x08000298       0x14 /opt/st/stm32cubeide_1.19.0/plugins/com.st.stm32cube.ide.mcu.externaltools.gnu-tools-for-stm32.13.3.rel1.linux64_1.0.0.202410170706/tools/bin/../lib/gcc/arm-none-eabi/13.3.1/../../../../arm-none-eabi/lib/thumb/v8-m.main+fp/hard/libc_nano.a(libc_a-strcmp.o)
                0x08000298                strcmp
 .text          0x080002ac       0x10 /opt/st/stm32cubeide_1.19.0/plugins/com.st.stm32cube.ide.mcu.externaltools.gnu-tools-for-stm32.13.3.rel1.linux64_1.0.0.202410170706/tools/bin/../lib/gcc/arm-none-eabi/13.3.1/../../../../arm-none-eabi/lib/thumb/v8-m.main+fp/hard/libc_nano.a(libc_a-strlen.o)
                0x080002ac                strlen
 .text          0x080002bc       0x30 /opt/st/stm32cubeide_1.19.0/plugins/com.st.stm32cube.ide.mcu.externaltools.gnu-tools-for-stm32.13.3.rel1.linux64_1.0.0.202410170706/tools/bin/../lib/gcc/arm-none-eabi/13.3.1/thumb/v8-m.main+fp/hard/libgcc.a(_aeabi_uldivmod.o)
                0x080002bc                __aeabi_uldivmod
 .text          0x080002ec      0x348 /opt/st/stm32cubeide_1.19.0/plugins/com.st.stm32cube.ide.mcu.externaltools.gnu-tools-for-stm32.13.3.rel1.linux64_1.0.0.202410170706/tools/bin/../lib/gcc/arm-none-eabi/13.3.1/thumb/v8-m.main+fp/hard/libgcc.a(_udivmoddi4.o)
                0x080002ec                __udivmoddi4
 .text          0x08000634        0x4 /opt/st/stm32cubeide_1.19.0/plugins/com.st.stm32cube.ide.mcu.externaltools.gnu-tools-for-stm32.13.3.rel1.linux64_1.0.0.202410170706/tools/bin/../lib/gcc/arm-none-eabi/13.3.1/thumb/v8-m.main+fp/hard/libgcc.a(_dvmd_tls.o)
                0x08000634                __aeabi_ldiv0
                0x08000634                __aeabi_idiv0
 *(.text*)
 .text.MX_GPIO_Init
                0x08000638       0x54 ./Core/Src/gpio.o
                0x08000638                MX_GPIO_Init
 .text.main     0x0800068c       0xb0 ./Core/Src/main.o
                0x0800068c                main
 .text.SystemClock_Config
                0x0800073c       0xec ./Core/Src/main.o
                0x0800073c                SystemClock_Config
 .text.Error_Handler
                0x08000828        0xc ./Core/Src/main.o
                0x08000828                Error_Handler
 .text.HAL_MspInit
                0x08000834        0xe ./Core/Src/stm32h5xx_hal_msp.o
                0x08000834                HAL_MspInit
 .text.NMI_Handler
                0x08000842        0x8 ./Core/Src/stm32h5xx_it.o
                0x08000842                NMI_Handler
 .text.HardFault_Handler
                0x0800084a        0x8 ./Core/Src/stm32h5xx_it.o
                0x0800084a                HardFault_Handler
 .text.MemManage_Handler
                0x08000852        0x8 ./Core/Src/stm32h5xx_it.o
                0x08000852                MemManage_Handler
 .text.BusFault_Handler
                0x0800085a        0x8 ./Core/Src/stm32h5xx_it.o
                0x0800085a                BusFault_Handler
 .text.UsageFault_Handler
                0x08000862        0x8 ./Core/Src/stm32h5xx_it.o
                0x08000862                UsageFault_Handler
 .text.SVC_Handler
                0x0800086a        0xe ./Core/Src/stm32h5xx_it.o
                0x0800086a                SVC_Handler
 .text.DebugMon_Handler
                0x08000878        0xe ./Core/Src/stm32h5xx_it.o
                0x08000878                DebugMon_Handler
 .text.PendSV_Handler
                0x08000886        0xe ./Core/Src/stm32h5xx_it.o
                0x08000886                PendSV_Handler
 .text.SysTick_Handler
                0x08000894        0xc ./Core/Src/stm32h5xx_it.o
                0x08000894                SysTick_Handler
 .text.USART1_IRQHandler
                0x080008a0       0x14 ./Core/Src/stm32h5xx_it.o
                0x080008a0                USART1_IRQHandler
 .text.SystemInit
                0x080008b4       0xe4 ./Core/Src/system_stm32h5xx.o
                0x080008b4                SystemInit
 .text.MX_USART1_UART_Init
                0x08000998       0x98 ./Core/Src/usart.o
                0x08000998                MX_USART1_UART_Init
 .text.HAL_UART_MspInit
                0x08000a30      0x108 ./Core/Src/usart.o
                0x08000a30                HAL_UART_MspInit
 .text.HAL_UARTEx_RxEventCallback
                0x08000b38       0x54 ./Core/Src/usart.o
                0x08000b38                HAL_UARTEx_RxEventCallback
 .text.Reset_Handler
                0x08000b8c       0x50 ./Core/Startup/startup_stm32h503cbtx.o
                0x08000b8c                Reset_Handler
 .text.Default_Handler
                0x08000bdc        0x2 ./Core/Startup/startup_stm32h503cbtx.o
                0x08000bdc                EXTI2_IRQHandler
                0x08000bdc                EXTI5_IRQHandler
                0x08000bdc                I3C1_ER_IRQHandler
                0x08000bdc                GPDMA2_Channel1_IRQHandler
                0x08000bdc                EXTI13_IRQHandler
                0x08000bdc                TIM1_CC_IRQHandler
                0x08000bdc                GPDMA2_Channel3_IRQHandler
                0x08000bdc                TAMP_IRQHandler
                0x08000bdc                TIM6_IRQHandler
                0x08000bdc                EXTI12_IRQHandler
                0x08000bdc                USB_DRD_FS_IRQHandler
                0x08000bdc                EXTI3_IRQHandler
                0x08000bdc                GPDMA1_Channel5_IRQHandler
                0x08000bdc                EXTI8_IRQHandler
                0x08000bdc                GPDMA2_Channel5_IRQHandler
                0x08000bdc                LPTIM2_IRQHandler
                0x08000bdc                GPDMA2_Channel2_IRQHandler
                0x08000bdc                EXTI0_IRQHandler
                0x08000bdc                I2C2_EV_IRQHandler
                0x08000bdc                FPU_IRQHandler
                0x08000bdc                GPDMA1_Channel3_IRQHandler
                0x08000bdc                GPDMA1_Channel7_IRQHandler
                0x08000bdc                FDCAN1_IT1_IRQHandler
                0x08000bdc                RAMCFG_IRQHandler
                0x08000bdc                SPI1_IRQHandler
                0x08000bdc                GPDMA1_Channel2_IRQHandler
                0x08000bdc                ADC1_IRQHandler
                0x08000bdc                I3C2_ER_IRQHandler
                0x08000bdc                EXTI15_IRQHandler
                0x08000bdc                USART3_IRQHandler
                0x08000bdc                RTC_IRQHandler
                0x08000bdc                EXTI9_IRQHandler
                0x08000bdc                I3C2_EV_IRQHandler
                0x08000bdc                I2C1_EV_IRQHandler
                0x08000bdc                GPDMA1_Channel1_IRQHandler
                0x08000bdc                TIM3_IRQHandler
                0x08000bdc                RCC_IRQHandler
                0x08000bdc                TIM1_TRG_COM_IRQHandler
                0x08000bdc                Default_Handler
                0x08000bdc                GPDMA2_Channel4_IRQHandler
                0x08000bdc                TIM7_IRQHandler
                0x08000bdc                GPDMA1_Channel0_IRQHandler
                0x08000bdc                I3C1_EV_IRQHandler
                0x08000bdc                PVD_AVD_IRQHandler
                0x08000bdc                SPI2_IRQHandler
                0x08000bdc                EXTI14_IRQHandler
                0x08000bdc                EXTI11_IRQHandler
                0x08000bdc                CRS_IRQHandler
                0x08000bdc                EXTI4_IRQHandler
                0x08000bdc                GPDMA2_Channel0_IRQHandler
                0x08000bdc                RNG_IRQHandler
                0x08000bdc                GPDMA2_Channel6_IRQHandler
                0x08000bdc                TIM1_UP_IRQHandler
                0x08000bdc                WWDG_IRQHandler
                0x08000bdc                IWDG_IRQHandler
                0x08000bdc                LPUART1_IRQHandler
                0x08000bdc                FDCAN1_IT0_IRQHandler
                0x08000bdc                TIM2_IRQHandler
                0x08000bdc                GPDMA1_Channel4_IRQHandler
                0x08000bdc                EXTI7_IRQHandler
                0x08000bdc                TIM1_BRK_IRQHandler
                0x08000bdc                EXTI1_IRQHandler
                0x08000bdc                DAC1_IRQHandler
                0x08000bdc                DTS_IRQHandler
                0x08000bdc                GTZC_IRQHandler
                0x08000bdc                USART2_IRQHandler
                0x08000bdc                GPDMA1_Channel6_IRQHandler
                0x08000bdc                GPDMA2_Channel7_IRQHandler
                0x08000bdc                I2C2_ER_IRQHandler
                0x08000bdc                FLASH_IRQHandler
                0x08000bdc                EXTI10_IRQHandler
                0x08000bdc                SPI3_IRQHandler
                0x08000bdc                I2C1_ER_IRQHandler
                0x08000bdc                EXTI6_IRQHandler
                0x08000bdc                COMP1_IRQHandler
                0x08000bdc                LPTIM1_IRQHandler
                0x08000bdc                ICACHE_IRQHandler
                0x08000bdc                HASH_IRQHandler
 *fill*         0x08000bde        0x2 
 .text.HAL_Init
                0x08000be0       0x50 ./Drivers/STM32H5xx_HAL_Driver/Src/stm32h5xx_hal.o
                0x08000be0                HAL_Init
 .text.HAL_InitTick
                0x08000c30       0xec ./Drivers/STM32H5xx_HAL_Driver/Src/stm32h5xx_hal.o
                0x08000c30                HAL_InitTick
 .text.HAL_IncTick
                0x08000d1c       0x28 ./Drivers/STM32H5xx_HAL_Driver/Src/stm32h5xx_hal.o
                0x08000d1c                HAL_IncTick
 .text.HAL_GetTick
                0x08000d44       0x18 ./Drivers/STM32H5xx_HAL_Driver/Src/stm32h5xx_hal.o
                0x08000d44                HAL_GetTick
 .text.__NVIC_SetPriorityGrouping
                0x08000d5c       0x48 ./Drivers/STM32H5xx_HAL_Driver/Src/stm32h5xx_hal_cortex.o
 .text.__NVIC_GetPriorityGrouping
                0x08000da4       0x1c ./Drivers/STM32H5xx_HAL_Driver/Src/stm32h5xx_hal_cortex.o
 .text.__NVIC_EnableIRQ
                0x08000dc0       0x3c ./Drivers/STM32H5xx_HAL_Driver/Src/stm32h5xx_hal_cortex.o
 .text.__NVIC_SetPriority
                0x08000dfc       0x54 ./Drivers/STM32H5xx_HAL_Driver/Src/stm32h5xx_hal_cortex.o
 .text.NVIC_EncodePriority
                0x08000e50       0x66 ./Drivers/STM32H5xx_HAL_Driver/Src/stm32h5xx_hal_cortex.o
 .text.HAL_NVIC_SetPriorityGrouping
                0x08000eb6       0x16 ./Drivers/STM32H5xx_HAL_Driver/Src/stm32h5xx_hal_cortex.o
                0x08000eb6                HAL_NVIC_SetPriorityGrouping
 .text.HAL_NVIC_SetPriority
                0x08000ecc       0x34 ./Drivers/STM32H5xx_HAL_Driver/Src/stm32h5xx_hal_cortex.o
                0x08000ecc                HAL_NVIC_SetPriority
 .text.HAL_NVIC_EnableIRQ
                0x08000f00       0x1c ./Drivers/STM32H5xx_HAL_Driver/Src/stm32h5xx_hal_cortex.o
                0x08000f00                HAL_NVIC_EnableIRQ
 .text.HAL_SYSTICK_Config
                0x08000f1c       0x44 ./Drivers/STM32H5xx_HAL_Driver/Src/stm32h5xx_hal_cortex.o
                0x08000f1c                HAL_SYSTICK_Config
 .text.HAL_SYSTICK_CLKSourceConfig
                0x08000f60       0xb0 ./Drivers/STM32H5xx_HAL_Driver/Src/stm32h5xx_hal_cortex.o
                0x08000f60                HAL_SYSTICK_CLKSourceConfig
 .text.HAL_SYSTICK_GetCLKSourceConfig
                0x08001010       0x6c ./Drivers/STM32H5xx_HAL_Driver/Src/stm32h5xx_hal_cortex.o
                0x08001010                HAL_SYSTICK_GetCLKSourceConfig
 .text.HAL_DMA_Abort
                0x0800107c       0xf8 ./Drivers/STM32H5xx_HAL_Driver/Src/stm32h5xx_hal_dma.o
                0x0800107c                HAL_DMA_Abort
 .text.HAL_DMA_Abort_IT
                0x08001174       0x52 ./Drivers/STM32H5xx_HAL_Driver/Src/stm32h5xx_hal_dma.o
                0x08001174                HAL_DMA_Abort_IT
 *fill*         0x080011c6        0x2 
 .text.HAL_FLASH_Program
                0x080011c8       0x7c ./Drivers/STM32H5xx_HAL_Driver/Src/stm32h5xx_hal_flash.o
                0x080011c8                HAL_FLASH_Program
 .text.HAL_FLASH_Unlock
                0x08001244       0x4c ./Drivers/STM32H5xx_HAL_Driver/Src/stm32h5xx_hal_flash.o
                0x08001244                HAL_FLASH_Unlock
 .text.HAL_FLASH_Lock
                0x08001290       0x38 ./Drivers/STM32H5xx_HAL_Driver/Src/stm32h5xx_hal_flash.o
                0x08001290                HAL_FLASH_Lock
 .text.FLASH_WaitForLastOperation
                0x080012c8       0x9c ./Drivers/STM32H5xx_HAL_Driver/Src/stm32h5xx_hal_flash.o
                0x080012c8                FLASH_WaitForLastOperation
 .text.FLASH_Program_QuadWord
                0x08001364       0x78 ./Drivers/STM32H5xx_HAL_Driver/Src/stm32h5xx_hal_flash.o
 .text.FLASH_Program_HalfWord
                0x080013dc       0x34 ./Drivers/STM32H5xx_HAL_Driver/Src/stm32h5xx_hal_flash.o
                0x080013dc                FLASH_Program_HalfWord
 .text.HAL_FLASHEx_Erase
                0x08001410       0xe0 ./Drivers/STM32H5xx_HAL_Driver/Src/stm32h5xx_hal_flash_ex.o
                0x08001410                HAL_FLASHEx_Erase
 .text.FLASH_MassErase
                0x080014f0       0x70 ./Drivers/STM32H5xx_HAL_Driver/Src/stm32h5xx_hal_flash_ex.o
 .text.FLASH_Erase_Sector
                0x08001560       0x70 ./Drivers/STM32H5xx_HAL_Driver/Src/stm32h5xx_hal_flash_ex.o
                0x08001560                FLASH_Erase_Sector
 .text.HAL_GPIO_Init
                0x080015d0      0x2bc ./Drivers/STM32H5xx_HAL_Driver/Src/stm32h5xx_hal_gpio.o
                0x080015d0                HAL_GPIO_Init
 .text.HAL_RCC_OscConfig
                0x0800188c      0x870 ./Drivers/STM32H5xx_HAL_Driver/Src/stm32h5xx_hal_rcc.o
                0x0800188c                HAL_RCC_OscConfig
 .text.HAL_RCC_ClockConfig
                0x080020fc      0x370 ./Drivers/STM32H5xx_HAL_Driver/Src/stm32h5xx_hal_rcc.o
                0x080020fc                HAL_RCC_ClockConfig
 .text.HAL_RCC_GetSysClockFreq
                0x0800246c      0x258 ./Drivers/STM32H5xx_HAL_Driver/Src/stm32h5xx_hal_rcc.o
                0x0800246c                HAL_RCC_GetSysClockFreq
 .text.HAL_RCC_GetHCLKFreq
                0x080026c4       0x38 ./Drivers/STM32H5xx_HAL_Driver/Src/stm32h5xx_hal_rcc.o
                0x080026c4                HAL_RCC_GetHCLKFreq
 .text.HAL_RCC_GetPCLK1Freq
                0x080026fc       0x2c ./Drivers/STM32H5xx_HAL_Driver/Src/stm32h5xx_hal_rcc.o
                0x080026fc                HAL_RCC_GetPCLK1Freq
 .text.HAL_RCC_GetPCLK2Freq
                0x08002728       0x2c ./Drivers/STM32H5xx_HAL_Driver/Src/stm32h5xx_hal_rcc.o
                0x08002728                HAL_RCC_GetPCLK2Freq
 .text.HAL_RCC_GetPCLK3Freq
                0x08002754       0x2c ./Drivers/STM32H5xx_HAL_Driver/Src/stm32h5xx_hal_rcc.o
                0x08002754                HAL_RCC_GetPCLK3Freq
 .text.HAL_RCCEx_PeriphCLKConfig
                0x08002780      0xc48 ./Drivers/STM32H5xx_HAL_Driver/Src/stm32h5xx_hal_rcc_ex.o
                0x08002780                HAL_RCCEx_PeriphCLKConfig
 .text.HAL_RCCEx_GetPLL1ClockFreq
                0x080033c8      0x2d8 ./Drivers/STM32H5xx_HAL_Driver/Src/stm32h5xx_hal_rcc_ex.o
                0x080033c8                HAL_RCCEx_GetPLL1ClockFreq
 .text.HAL_RCCEx_GetPLL2ClockFreq
                0x080036a0      0x2d8 ./Drivers/STM32H5xx_HAL_Driver/Src/stm32h5xx_hal_rcc_ex.o
                0x080036a0                HAL_RCCEx_GetPLL2ClockFreq
 .text.HAL_RCCEx_GetPeriphCLKFreq
                0x08003978      0xe7c ./Drivers/STM32H5xx_HAL_Driver/Src/stm32h5xx_hal_rcc_ex.o
                0x08003978                HAL_RCCEx_GetPeriphCLKFreq
 .text.RCCEx_PLL2_Config
                0x080047f4      0x130 ./Drivers/STM32H5xx_HAL_Driver/Src/stm32h5xx_hal_rcc_ex.o
 .text.HAL_UART_Init
                0x08004924       0xa0 ./Drivers/STM32H5xx_HAL_Driver/Src/stm32h5xx_hal_uart.o
                0x08004924                HAL_UART_Init
 .text.HAL_UART_Transmit
                0x080049c4      0x13c ./Drivers/STM32H5xx_HAL_Driver/Src/stm32h5xx_hal_uart.o
                0x080049c4                HAL_UART_Transmit
 .text.HAL_UART_IRQHandler
                0x08004b00      0x5dc ./Drivers/STM32H5xx_HAL_Driver/Src/stm32h5xx_hal_uart.o
                0x08004b00                HAL_UART_IRQHandler
 .text.HAL_UART_TxCpltCallback
                0x080050dc       0x14 ./Drivers/STM32H5xx_HAL_Driver/Src/stm32h5xx_hal_uart.o
                0x080050dc                HAL_UART_TxCpltCallback
 .text.HAL_UART_RxCpltCallback
                0x080050f0       0x14 ./Drivers/STM32H5xx_HAL_Driver/Src/stm32h5xx_hal_uart.o
                0x080050f0                HAL_UART_RxCpltCallback
 .text.HAL_UART_ErrorCallback
                0x08005104       0x14 ./Drivers/STM32H5xx_HAL_Driver/Src/stm32h5xx_hal_uart.o
                0x08005104                HAL_UART_ErrorCallback
 .text.UART_SetConfig
                0x08005118      0x2fc ./Drivers/STM32H5xx_HAL_Driver/Src/stm32h5xx_hal_uart.o
                0x08005118                UART_SetConfig
 .text.UART_AdvFeatureConfig
                0x08005414      0x144 ./Drivers/STM32H5xx_HAL_Driver/Src/stm32h5xx_hal_uart.o
                0x08005414                UART_AdvFeatureConfig
 .text.UART_CheckIdleState
                0x08005558      0x154 ./Drivers/STM32H5xx_HAL_Driver/Src/stm32h5xx_hal_uart.o
                0x08005558                UART_CheckIdleState
 .text.UART_WaitOnFlagUntilTimeout
                0x080056ac       0xda ./Drivers/STM32H5xx_HAL_Driver/Src/stm32h5xx_hal_uart.o
                0x080056ac                UART_WaitOnFlagUntilTimeout
 *fill*         0x08005786        0x2 
 .text.UART_Start_Receive_IT
                0x08005788      0x244 ./Drivers/STM32H5xx_HAL_Driver/Src/stm32h5xx_hal_uart.o
                0x08005788                UART_Start_Receive_IT
 .text.UART_EndRxTransfer
                0x080059cc       0xcc ./Drivers/STM32H5xx_HAL_Driver/Src/stm32h5xx_hal_uart.o
 .text.UART_DMAAbortOnError
                0x08005a98       0x24 ./Drivers/STM32H5xx_HAL_Driver/Src/stm32h5xx_hal_uart.o
 .text.UART_EndTransmit_IT
                0x08005abc       0x56 ./Drivers/STM32H5xx_HAL_Driver/Src/stm32h5xx_hal_uart.o
 *fill*         0x08005b12        0x2 
 .text.UART_RxISR_8BIT
                0x08005b14      0x1b8 ./Drivers/STM32H5xx_HAL_Driver/Src/stm32h5xx_hal_uart.o
 .text.UART_RxISR_16BIT
                0x08005ccc      0x1b8 ./Drivers/STM32H5xx_HAL_Driver/Src/stm32h5xx_hal_uart.o
 .text.UART_RxISR_8BIT_FIFOEN
                0x08005e84      0x364 ./Drivers/STM32H5xx_HAL_Driver/Src/stm32h5xx_hal_uart.o
 .text.UART_RxISR_16BIT_FIFOEN
                0x080061e8      0x36c ./Drivers/STM32H5xx_HAL_Driver/Src/stm32h5xx_hal_uart.o
 .text.HAL_UARTEx_WakeupCallback
                0x08006554       0x14 ./Drivers/STM32H5xx_HAL_Driver/Src/stm32h5xx_hal_uart_ex.o
                0x08006554                HAL_UARTEx_WakeupCallback
 .text.HAL_UARTEx_RxFifoFullCallback
                0x08006568       0x14 ./Drivers/STM32H5xx_HAL_Driver/Src/stm32h5xx_hal_uart_ex.o
                0x08006568                HAL_UARTEx_RxFifoFullCallback
 .text.HAL_UARTEx_TxFifoEmptyCallback
                0x0800657c       0x14 ./Drivers/STM32H5xx_HAL_Driver/Src/stm32h5xx_hal_uart_ex.o
                0x0800657c                HAL_UARTEx_TxFifoEmptyCallback
 .text.HAL_UARTEx_DisableFifoMode
                0x08006590       0x72 ./Drivers/STM32H5xx_HAL_Driver/Src/stm32h5xx_hal_uart_ex.o
                0x08006590                HAL_UARTEx_DisableFifoMode
 .text.HAL_UARTEx_SetTxFifoThreshold
                0x08006602       0x7c ./Drivers/STM32H5xx_HAL_Driver/Src/stm32h5xx_hal_uart_ex.o
                0x08006602                HAL_UARTEx_SetTxFifoThreshold
 .text.HAL_UARTEx_SetRxFifoThreshold
                0x0800667e       0x7c ./Drivers/STM32H5xx_HAL_Driver/Src/stm32h5xx_hal_uart_ex.o
                0x0800667e                HAL_UARTEx_SetRxFifoThreshold
 .text.HAL_UARTEx_ReceiveToIdle_IT
                0x080066fa       0xbe ./Drivers/STM32H5xx_HAL_Driver/Src/stm32h5xx_hal_uart_ex.o
                0x080066fa                HAL_UARTEx_ReceiveToIdle_IT
 .text.HAL_UARTEx_GetRxEventType
                0x080067b8       0x18 ./Drivers/STM32H5xx_HAL_Driver/Src/stm32h5xx_hal_uart_ex.o
                0x080067b8                HAL_UARTEx_GetRxEventType
 .text.UARTEx_SetNbDataToProcess
                0x080067d0       0x9c ./Drivers/STM32H5xx_HAL_Driver/Src/stm32h5xx_hal_uart_ex.o
 .text.Int2Str  0x0800686c       0xac ./IAP/src/common.o
                0x0800686c                Int2Str
 .text.Str2Int  0x08006918      0x1fe ./IAP/src/common.o
                0x08006918                Str2Int
 *fill*         0x08006b16        0x2 
 .text.SerialKeyPressed
                0x08006b18       0x44 ./IAP/src/common.o
                0x08006b18                SerialKeyPressed
 .text.SerialPutChar
                0x08006b5c       0x24 ./IAP/src/common.o
                0x08006b5c                SerialPutChar
 .text.Serial_PutString
                0x08006b80       0x2c ./IAP/src/common.o
                0x08006b80                Serial_PutString
 .text.FLASH_PagesMask
                0x08006bac       0x38 ./IAP/src/common.o
                0x08006bac                FLASH_PagesMask
 .text.EraseSomePages
                0x08006be4       0xbc ./IAP/src/common.o
                0x08006be4                EraseSomePages
 .text.FLASH_DisableWriteProtectionPages
                0x08006ca0       0x14 ./IAP/src/iap.o
 .text.IAP_WriteFlag
                0x08006cb4       0x24 ./IAP/src/iap.o
                0x08006cb4                IAP_WriteFlag
 .text.IAP_ReadFlag
                0x08006cd8       0x14 ./IAP/src/iap.o
                0x08006cd8                IAP_ReadFlag
 .text.IAP_UART_Init
                0x08006cec        0xe ./IAP/src/iap.o
                0x08006cec                IAP_UART_Init
 .text.IAP_Init
                0x08006cfa        0xc ./IAP/src/iap.o
                0x08006cfa                IAP_Init
 *fill*         0x08006d06        0x2 
 .text.IAP_RunApp
                0x08006d08       0x74 ./IAP/src/iap.o
                0x08006d08                IAP_RunApp
 .text.IAP_Main_Menu
                0x08006d7c      0x164 ./IAP/src/iap.o
                0x08006d7c                IAP_Main_Menu
 .text.IAP_Update
                0x08006ee0       0xcc ./IAP/src/iap.o
                0x08006ee0                IAP_Update
 .text.IAP_Erase
                0x08006fac       0x58 ./IAP/src/iap.o
                0x08006fac                IAP_Erase
 .text.STMFLASH_ReadHalfWord
                0x08007004       0x18 ./IAP/src/stmflash.o
                0x08007004                STMFLASH_ReadHalfWord
 .text.STMFLASH_Write_NoCheck
                0x0800701c      0x1c8 ./IAP/src/stmflash.o
 .text.STMFLASH_Write
                0x080071e4      0x1b4 ./IAP/src/stmflash.o
                0x080071e4                STMFLASH_Write
 .text.STMFLASH_Read
                0x08007398       0x44 ./IAP/src/stmflash.o
                0x08007398                STMFLASH_Read
 .text.Receive_Byte
                0x080073dc       0x32 ./IAP/src/ymodem.o
 .text.Send_Byte
                0x0800740e       0x1c ./IAP/src/ymodem.o
 *fill*         0x0800742a        0x2 
 .text.Receive_Packet
                0x0800742c      0x2c0 ./IAP/src/ymodem.o
 .text.Ymodem_Receive
                0x080076ec      0x3b4 ./IAP/src/ymodem.o
                0x080076ec                Ymodem_Receive
 .text.memset   0x08007aa0       0x10 /opt/st/stm32cubeide_1.19.0/plugins/com.st.stm32cube.ide.mcu.externaltools.gnu-tools-for-stm32.13.3.rel1.linux64_1.0.0.202410170706/tools/bin/../lib/gcc/arm-none-eabi/13.3.1/../../../../arm-none-eabi/lib/thumb/v8-m.main+fp/hard/libc_nano.a(libc_a-memset.o)
                0x08007aa0                memset
 .text.__libc_init_array
                0x08007ab0       0x48 /opt/st/stm32cubeide_1.19.0/plugins/com.st.stm32cube.ide.mcu.externaltools.gnu-tools-for-stm32.13.3.rel1.linux64_1.0.0.202410170706/tools/bin/../lib/gcc/arm-none-eabi/13.3.1/../../../../arm-none-eabi/lib/thumb/v8-m.main+fp/hard/libc_nano.a(libc_a-init.o)
                0x08007ab0                __libc_init_array
 .text.memcpy   0x08007af8       0x1a /opt/st/stm32cubeide_1.19.0/plugins/com.st.stm32cube.ide.mcu.externaltools.gnu-tools-for-stm32.13.3.rel1.linux64_1.0.0.202410170706/tools/bin/../lib/gcc/arm-none-eabi/13.3.1/../../../../arm-none-eabi/lib/thumb/v8-m.main+fp/hard/libc_nano.a(libc_a-memcpy-stub.o)
                0x08007af8                memcpy
 *(.glue_7)
 .glue_7        0x08007b12        0x0 linker stubs
 *(.glue_7t)
 .glue_7t       0x08007b12        0x0 linker stubs
 *(.eh_frame)
 *fill*         0x08007b12        0x2 
 .eh_frame      0x08007b14        0x0 /opt/st/stm32cubeide_1.19.0/plugins/com.st.stm32cube.ide.mcu.externaltools.gnu-tools-for-stm32.13.3.rel1.linux64_1.0.0.202410170706/tools/bin/../lib/gcc/arm-none-eabi/13.3.1/thumb/v8-m.main+fp/hard/crtbegin.o
 *(.init)
 .init          0x08007b14        0x4 /opt/st/stm32cubeide_1.19.0/plugins/com.st.stm32cube.ide.mcu.externaltools.gnu-tools-for-stm32.13.3.rel1.linux64_1.0.0.202410170706/tools/bin/../lib/gcc/arm-none-eabi/13.3.1/thumb/v8-m.main+fp/hard/crti.o
                0x08007b14                _init
 .init          0x08007b18        0x8 /opt/st/stm32cubeide_1.19.0/plugins/com.st.stm32cube.ide.mcu.externaltools.gnu-tools-for-stm32.13.3.rel1.linux64_1.0.0.202410170706/tools/bin/../lib/gcc/arm-none-eabi/13.3.1/thumb/v8-m.main+fp/hard/crtn.o
 *(.fini)
 .fini          0x08007b20        0x4 /opt/st/stm32cubeide_1.19.0/plugins/com.st.stm32cube.ide.mcu.externaltools.gnu-tools-for-stm32.13.3.rel1.linux64_1.0.0.202410170706/tools/bin/../lib/gcc/arm-none-eabi/13.3.1/thumb/v8-m.main+fp/hard/crti.o
                0x08007b20                _fini
 .fini          0x08007b24        0x8 /opt/st/stm32cubeide_1.19.0/plugins/com.st.stm32cube.ide.mcu.externaltools.gnu-tools-for-stm32.13.3.rel1.linux64_1.0.0.202410170706/tools/bin/../lib/gcc/arm-none-eabi/13.3.1/thumb/v8-m.main+fp/hard/crtn.o
                0x08007b2c                        . = ALIGN (0x4)
                0x08007b2c                        _etext = .

.vfp11_veneer   0x08007b2c        0x0
 .vfp11_veneer  0x08007b2c        0x0 linker stubs

.v4_bx          0x08007b2c        0x0
 .v4_bx         0x08007b2c        0x0 linker stubs

.iplt           0x08007b2c        0x0
 .iplt          0x08007b2c        0x0 /opt/st/stm32cubeide_1.19.0/plugins/com.st.stm32cube.ide.mcu.externaltools.gnu-tools-for-stm32.13.3.rel1.linux64_1.0.0.202410170706/tools/bin/../lib/gcc/arm-none-eabi/13.3.1/thumb/v8-m.main+fp/hard/crtbegin.o

.rodata         0x08007b2c      0x300
                0x08007b2c                        . = ALIGN (0x4)
 *(.rodata)
 .rodata        0x08007b2c       0x46 ./IAP/src/common.o
 *fill*         0x08007b72        0x2 
 .rodata        0x08007b74      0x266 ./IAP/src/iap.o
 *fill*         0x08007dda        0x2 
 .rodata        0x08007ddc       0x10 ./IAP/src/stmflash.o
 *(.rodata*)
 .rodata.AHBPrescTable
                0x08007dec       0x10 ./Core/Src/system_stm32h5xx.o
                0x08007dec                AHBPrescTable
 .rodata.APBPrescTable
                0x08007dfc        0x8 ./Core/Src/system_stm32h5xx.o
                0x08007dfc                APBPrescTable
 .rodata.UARTPrescTable
                0x08007e04       0x18 ./Drivers/STM32H5xx_HAL_Driver/Src/stm32h5xx_hal_uart.o
                0x08007e04                UARTPrescTable
 .rodata.numerator.1
                0x08007e1c        0x8 ./Drivers/STM32H5xx_HAL_Driver/Src/stm32h5xx_hal_uart_ex.o
 .rodata.denominator.0
                0x08007e24        0x8 ./Drivers/STM32H5xx_HAL_Driver/Src/stm32h5xx_hal_uart_ex.o
                0x08007e2c                        . = ALIGN (0x4)

.ARM.extab      0x08007e2c        0x0
                0x08007e2c                        . = ALIGN (0x4)
 *(.ARM.extab* .gnu.linkonce.armextab.*)
                0x08007e2c                        . = ALIGN (0x4)

.ARM            0x08007e2c        0x8
                0x08007e2c                        . = ALIGN (0x4)
                0x08007e2c                        __exidx_start = .
 *(.ARM.exidx*)
 .ARM.exidx     0x08007e2c        0x8 /opt/st/stm32cubeide_1.19.0/plugins/com.st.stm32cube.ide.mcu.externaltools.gnu-tools-for-stm32.13.3.rel1.linux64_1.0.0.202410170706/tools/bin/../lib/gcc/arm-none-eabi/13.3.1/../../../../arm-none-eabi/lib/thumb/v8-m.main+fp/hard/libc_nano.a(libc_a-strcmp.o)
 .ARM.exidx     0x08007e34        0x0 /opt/st/stm32cubeide_1.19.0/plugins/com.st.stm32cube.ide.mcu.externaltools.gnu-tools-for-stm32.13.3.rel1.linux64_1.0.0.202410170706/tools/bin/../lib/gcc/arm-none-eabi/13.3.1/../../../../arm-none-eabi/lib/thumb/v8-m.main+fp/hard/libc_nano.a(libc_a-strlen.o)
                                  0x8 (size before relaxing)
 .ARM.exidx     0x08007e34        0x0 /opt/st/stm32cubeide_1.19.0/plugins/com.st.stm32cube.ide.mcu.externaltools.gnu-tools-for-stm32.13.3.rel1.linux64_1.0.0.202410170706/tools/bin/../lib/gcc/arm-none-eabi/13.3.1/thumb/v8-m.main+fp/hard/libgcc.a(_udivmoddi4.o)
                                  0x8 (size before relaxing)
                0x08007e34                        __exidx_end = .
                0x08007e34                        . = ALIGN (0x4)

.preinit_array  0x08007e34        0x0
                0x08007e34                        . = ALIGN (0x4)
                0x08007e34                        PROVIDE (__preinit_array_start = .)
 *(.preinit_array*)
                0x08007e34                        PROVIDE (__preinit_array_end = .)
                0x08007e34                        . = ALIGN (0x4)

.init_array     0x08007e34        0x4
                0x08007e34                        . = ALIGN (0x4)
                0x08007e34                        PROVIDE (__init_array_start = .)
 *(SORT_BY_NAME(.init_array.*))
 *(.init_array*)
 .init_array    0x08007e34        0x4 /opt/st/stm32cubeide_1.19.0/plugins/com.st.stm32cube.ide.mcu.externaltools.gnu-tools-for-stm32.13.3.rel1.linux64_1.0.0.202410170706/tools/bin/../lib/gcc/arm-none-eabi/13.3.1/thumb/v8-m.main+fp/hard/crtbegin.o
                0x08007e38                        PROVIDE (__init_array_end = .)
                0x08007e38                        . = ALIGN (0x4)

.fini_array     0x08007e38        0x4
                0x08007e38                        . = ALIGN (0x4)
                [!provide]                        PROVIDE (__fini_array_start = .)
 *(SORT_BY_NAME(.fini_array.*))
 *(.fini_array*)
 .fini_array    0x08007e38        0x4 /opt/st/stm32cubeide_1.19.0/plugins/com.st.stm32cube.ide.mcu.externaltools.gnu-tools-for-stm32.13.3.rel1.linux64_1.0.0.202410170706/tools/bin/../lib/gcc/arm-none-eabi/13.3.1/thumb/v8-m.main+fp/hard/crtbegin.o
                [!provide]                        PROVIDE (__fini_array_end = .)
                0x08007e3c                        . = ALIGN (0x4)
                0x08007e3c                        _sidata = LOADADDR (.data)

.rel.dyn        0x08007e3c        0x0
 .rel.iplt      0x08007e3c        0x0 /opt/st/stm32cubeide_1.19.0/plugins/com.st.stm32cube.ide.mcu.externaltools.gnu-tools-for-stm32.13.3.rel1.linux64_1.0.0.202410170706/tools/bin/../lib/gcc/arm-none-eabi/13.3.1/thumb/v8-m.main+fp/hard/crtbegin.o

.data           0x20000000       0x2c load address 0x08007e3c
                0x20000000                        . = ALIGN (0x4)
                0x20000000                        _sdata = .
 *(.data)
 *(.data*)
 .data.SystemCoreClock
                0x20000000        0x4 ./Core/Src/system_stm32h5xx.o
                0x20000000                SystemCoreClock
 .data.uwTickPrio
                0x20000004        0x4 ./Drivers/STM32H5xx_HAL_Driver/Src/stm32h5xx_hal.o
                0x20000004                uwTickPrio
 .data.uwTickFreq
                0x20000008        0x1 ./Drivers/STM32H5xx_HAL_Driver/Src/stm32h5xx_hal.o
                0x20000008                uwTickFreq
 *fill*         0x20000009        0x3 
 .data.pFlash   0x2000000c       0x1c ./Drivers/STM32H5xx_HAL_Driver/Src/stm32h5xx_hal_flash.o
                0x2000000c                pFlash
 .data.FlashDestination
                0x20000028        0x4 ./IAP/src/ymodem.o
                0x20000028                FlashDestination
 *(.RamFunc)
 *(.RamFunc*)
                0x2000002c                        . = ALIGN (0x4)
                0x2000002c                        _edata = .

.igot.plt       0x2000002c        0x0 load address 0x08007e68
 .igot.plt      0x2000002c        0x0 /opt/st/stm32cubeide_1.19.0/plugins/com.st.stm32cube.ide.mcu.externaltools.gnu-tools-for-stm32.13.3.rel1.linux64_1.0.0.202410170706/tools/bin/../lib/gcc/arm-none-eabi/13.3.1/thumb/v8-m.main+fp/hard/crtbegin.o
                0x2000002c                        . = ALIGN (0x4)

.bss            0x2000002c     0x2650 load address 0x08007e68
                0x2000002c                        _sbss = .
                0x2000002c                        __bss_start__ = _sbss
 *(.bss)
 .bss           0x2000002c       0x1c /opt/st/stm32cubeide_1.19.0/plugins/com.st.stm32cube.ide.mcu.externaltools.gnu-tools-for-stm32.13.3.rel1.linux64_1.0.0.202410170706/tools/bin/../lib/gcc/arm-none-eabi/13.3.1/thumb/v8-m.main+fp/hard/crtbegin.o
 *(.bss*)
 .bss.huart1    0x20000048       0x94 ./Core/Src/usart.o
                0x20000048                huart1
 .bss.UART1_flag
                0x200000dc        0x1 ./Core/Src/usart.o
                0x200000dc                UART1_flag
 *fill*         0x200000dd        0x3 
 .bss.uwTick    0x200000e0        0x4 ./Drivers/STM32H5xx_HAL_Driver/Src/stm32h5xx_hal.o
                0x200000e0                uwTick
 .bss.Jump_To_Application
                0x200000e4        0x4 ./IAP/src/iap.o
                0x200000e4                Jump_To_Application
 .bss.JumpAddress
                0x200000e8        0x4 ./IAP/src/iap.o
                0x200000e8                JumpAddress
 .bss.BlockNbr  0x200000ec        0x4 ./IAP/src/iap.o
                0x200000ec                BlockNbr
 .bss.UserMemoryMask
                0x200000f0        0x4 ./IAP/src/iap.o
                0x200000f0                UserMemoryMask
 .bss.FlashProtection
                0x200000f4        0x4 ./IAP/src/iap.o
                0x200000f4                FlashProtection
 .bss.tab_1024  0x200000f8      0x400 ./IAP/src/iap.o
                0x200000f8                tab_1024
 .bss.cmdStr    0x200004f8       0x80 ./IAP/src/iap.o
                0x200004f8                cmdStr
 .bss.STMFLASH_BUF
                0x20000578     0x2000 ./IAP/src/stmflash.o
                0x20000578                STMFLASH_BUF
 .bss.file_name
                0x20002578      0x100 ./IAP/src/ymodem.o
                0x20002578                file_name
 .bss.RamSource
                0x20002678        0x4 ./IAP/src/ymodem.o
                0x20002678                RamSource
 *(COMMON)
                0x2000267c                        . = ALIGN (0x4)
                0x2000267c                        _ebss = .
                0x2000267c                        __bss_end__ = _ebss

._user_heap_stack
                0x2000267c      0x604 load address 0x08007e68
                0x20002680                        . = ALIGN (0x8)
 *fill*         0x2000267c        0x4 
                [!provide]                        PROVIDE (end = .)
                0x20002680                        PROVIDE (_end = .)
                0x20002880                        . = (. + _Min_Heap_Size)
 *fill*         0x20002680      0x200 
                0x20002c80                        . = (. + _Min_Stack_Size)
 *fill*         0x20002880      0x400 
                0x20002c80                        . = ALIGN (0x8)

/DISCARD/
 libc.a(*)
 libm.a(*)
 libgcc.a(*)

.ARM.attributes
                0x00000000       0x36
 *(.ARM.attributes)
 .ARM.attributes
                0x00000000       0x26 /opt/st/stm32cubeide_1.19.0/plugins/com.st.stm32cube.ide.mcu.externaltools.gnu-tools-for-stm32.13.3.rel1.linux64_1.0.0.202410170706/tools/bin/../lib/gcc/arm-none-eabi/13.3.1/thumb/v8-m.main+fp/hard/crti.o
 .ARM.attributes
                0x00000026       0x38 /opt/st/stm32cubeide_1.19.0/plugins/com.st.stm32cube.ide.mcu.externaltools.gnu-tools-for-stm32.13.3.rel1.linux64_1.0.0.202410170706/tools/bin/../lib/gcc/arm-none-eabi/13.3.1/thumb/v8-m.main+fp/hard/crtbegin.o
 .ARM.attributes
                0x0000005e       0x3a ./Core/Src/gpio.o
 .ARM.attributes
                0x00000098       0x3a ./Core/Src/main.o
 .ARM.attributes
                0x000000d2       0x3a ./Core/Src/stm32h5xx_hal_msp.o
 .ARM.attributes
                0x0000010c       0x3a ./Core/Src/stm32h5xx_it.o
 .ARM.attributes
                0x00000146       0x3a ./Core/Src/system_stm32h5xx.o
 .ARM.attributes
                0x00000180       0x3a ./Core/Src/usart.o
 .ARM.attributes
                0x000001ba       0x24 ./Core/Startup/startup_stm32h503cbtx.o
 .ARM.attributes
                0x000001de       0x3a ./Drivers/STM32H5xx_HAL_Driver/Src/stm32h5xx_hal.o
 .ARM.attributes
                0x00000218       0x3a ./Drivers/STM32H5xx_HAL_Driver/Src/stm32h5xx_hal_cortex.o
 .ARM.attributes
                0x00000252       0x3a ./Drivers/STM32H5xx_HAL_Driver/Src/stm32h5xx_hal_dma.o
 .ARM.attributes
                0x0000028c       0x3a ./Drivers/STM32H5xx_HAL_Driver/Src/stm32h5xx_hal_flash.o
 .ARM.attributes
                0x000002c6       0x3a ./Drivers/STM32H5xx_HAL_Driver/Src/stm32h5xx_hal_flash_ex.o
 .ARM.attributes
                0x00000300       0x3a ./Drivers/STM32H5xx_HAL_Driver/Src/stm32h5xx_hal_gpio.o
 .ARM.attributes
                0x0000033a       0x3a ./Drivers/STM32H5xx_HAL_Driver/Src/stm32h5xx_hal_rcc.o
 .ARM.attributes
                0x00000374       0x3a ./Drivers/STM32H5xx_HAL_Driver/Src/stm32h5xx_hal_rcc_ex.o
 .ARM.attributes
                0x000003ae       0x3a ./Drivers/STM32H5xx_HAL_Driver/Src/stm32h5xx_hal_uart.o
 .ARM.attributes
                0x000003e8       0x3a ./Drivers/STM32H5xx_HAL_Driver/Src/stm32h5xx_hal_uart_ex.o
 .ARM.attributes
                0x00000422       0x3a ./IAP/src/common.o
 .ARM.attributes
                0x0000045c       0x3a ./IAP/src/iap.o
 .ARM.attributes
                0x00000496       0x3a ./IAP/src/stmflash.o
 .ARM.attributes
                0x000004d0       0x3a ./IAP/src/ymodem.o
 .ARM.attributes
                0x0000050a       0x38 /opt/st/stm32cubeide_1.19.0/plugins/com.st.stm32cube.ide.mcu.externaltools.gnu-tools-for-stm32.13.3.rel1.linux64_1.0.0.202410170706/tools/bin/../lib/gcc/arm-none-eabi/13.3.1/../../../../arm-none-eabi/lib/thumb/v8-m.main+fp/hard/libc_nano.a(libc_a-memset.o)
 .ARM.attributes
                0x00000542       0x38 /opt/st/stm32cubeide_1.19.0/plugins/com.st.stm32cube.ide.mcu.externaltools.gnu-tools-for-stm32.13.3.rel1.linux64_1.0.0.202410170706/tools/bin/../lib/gcc/arm-none-eabi/13.3.1/../../../../arm-none-eabi/lib/thumb/v8-m.main+fp/hard/libc_nano.a(libc_a-init.o)
 .ARM.attributes
                0x0000057a       0x24 /opt/st/stm32cubeide_1.19.0/plugins/com.st.stm32cube.ide.mcu.externaltools.gnu-tools-for-stm32.13.3.rel1.linux64_1.0.0.202410170706/tools/bin/../lib/gcc/arm-none-eabi/13.3.1/../../../../arm-none-eabi/lib/thumb/v8-m.main+fp/hard/libc_nano.a(libc_a-strcmp.o)
 .ARM.attributes
                0x0000059e       0x38 /opt/st/stm32cubeide_1.19.0/plugins/com.st.stm32cube.ide.mcu.externaltools.gnu-tools-for-stm32.13.3.rel1.linux64_1.0.0.202410170706/tools/bin/../lib/gcc/arm-none-eabi/13.3.1/../../../../arm-none-eabi/lib/thumb/v8-m.main+fp/hard/libc_nano.a(libc_a-memcpy-stub.o)
 .ARM.attributes
                0x000005d6       0x24 /opt/st/stm32cubeide_1.19.0/plugins/com.st.stm32cube.ide.mcu.externaltools.gnu-tools-for-stm32.13.3.rel1.linux64_1.0.0.202410170706/tools/bin/../lib/gcc/arm-none-eabi/13.3.1/../../../../arm-none-eabi/lib/thumb/v8-m.main+fp/hard/libc_nano.a(libc_a-strlen.o)
 .ARM.attributes
                0x000005fa       0x26 /opt/st/stm32cubeide_1.19.0/plugins/com.st.stm32cube.ide.mcu.externaltools.gnu-tools-for-stm32.13.3.rel1.linux64_1.0.0.202410170706/tools/bin/../lib/gcc/arm-none-eabi/13.3.1/thumb/v8-m.main+fp/hard/libgcc.a(_aeabi_uldivmod.o)
 .ARM.attributes
                0x00000620       0x38 /opt/st/stm32cubeide_1.19.0/plugins/com.st.stm32cube.ide.mcu.externaltools.gnu-tools-for-stm32.13.3.rel1.linux64_1.0.0.202410170706/tools/bin/../lib/gcc/arm-none-eabi/13.3.1/thumb/v8-m.main+fp/hard/libgcc.a(_udivmoddi4.o)
 .ARM.attributes
                0x00000658       0x26 /opt/st/stm32cubeide_1.19.0/plugins/com.st.stm32cube.ide.mcu.externaltools.gnu-tools-for-stm32.13.3.rel1.linux64_1.0.0.202410170706/tools/bin/../lib/gcc/arm-none-eabi/13.3.1/thumb/v8-m.main+fp/hard/libgcc.a(_dvmd_tls.o)
 .ARM.attributes
                0x0000067e       0x26 /opt/st/stm32cubeide_1.19.0/plugins/com.st.stm32cube.ide.mcu.externaltools.gnu-tools-for-stm32.13.3.rel1.linux64_1.0.0.202410170706/tools/bin/../lib/gcc/arm-none-eabi/13.3.1/thumb/v8-m.main+fp/hard/crtn.o
OUTPUT(bootloader.elf elf32-littlearm)
LOAD linker stubs
LOAD /opt/st/stm32cubeide_1.19.0/plugins/com.st.stm32cube.ide.mcu.externaltools.gnu-tools-for-stm32.13.3.rel1.linux64_1.0.0.202410170706/tools/bin/../lib/gcc/arm-none-eabi/13.3.1/../../../../arm-none-eabi/lib/thumb/v8-m.main+fp/hard/libc.a
LOAD /opt/st/stm32cubeide_1.19.0/plugins/com.st.stm32cube.ide.mcu.externaltools.gnu-tools-for-stm32.13.3.rel1.linux64_1.0.0.202410170706/tools/bin/../lib/gcc/arm-none-eabi/13.3.1/../../../../arm-none-eabi/lib/thumb/v8-m.main+fp/hard/libm.a
LOAD /opt/st/stm32cubeide_1.19.0/plugins/com.st.stm32cube.ide.mcu.externaltools.gnu-tools-for-stm32.13.3.rel1.linux64_1.0.0.202410170706/tools/bin/../lib/gcc/arm-none-eabi/13.3.1/thumb/v8-m.main+fp/hard/libgcc.a

.debug_info     0x00000000    0x11cb8
 .debug_info    0x00000000      0x421 ./Core/Src/gpio.o
 .debug_info    0x00000421      0x7e9 ./Core/Src/main.o
 .debug_info    0x00000c0a       0x9f ./Core/Src/stm32h5xx_hal_msp.o
 .debug_info    0x00000ca9      0x95d ./Core/Src/stm32h5xx_it.o
 .debug_info    0x00001606      0xc0b ./Core/Src/system_stm32h5xx.o
 .debug_info    0x00002211     0x1424 ./Core/Src/usart.o
 .debug_info    0x00003635       0x30 ./Core/Startup/startup_stm32h503cbtx.o
 .debug_info    0x00003665     0x1069 ./Drivers/STM32H5xx_HAL_Driver/Src/stm32h5xx_hal.o
 .debug_info    0x000046ce     0x1522 ./Drivers/STM32H5xx_HAL_Driver/Src/stm32h5xx_hal_cortex.o
 .debug_info    0x00005bf0      0xa85 ./Drivers/STM32H5xx_HAL_Driver/Src/stm32h5xx_hal_dma.o
 .debug_info    0x00006675      0x8d2 ./Drivers/STM32H5xx_HAL_Driver/Src/stm32h5xx_hal_flash.o
 .debug_info    0x00006f47      0xd98 ./Drivers/STM32H5xx_HAL_Driver/Src/stm32h5xx_hal_flash_ex.o
 .debug_info    0x00007cdf      0x6aa ./Drivers/STM32H5xx_HAL_Driver/Src/stm32h5xx_hal_gpio.o
 .debug_info    0x00008389      0xfdf ./Drivers/STM32H5xx_HAL_Driver/Src/stm32h5xx_hal_rcc.o
 .debug_info    0x00009368      0xf52 ./Drivers/STM32H5xx_HAL_Driver/Src/stm32h5xx_hal_rcc_ex.o
 .debug_info    0x0000a2ba     0x4066 ./Drivers/STM32H5xx_HAL_Driver/Src/stm32h5xx_hal_uart.o
 .debug_info    0x0000e320     0x10ec ./Drivers/STM32H5xx_HAL_Driver/Src/stm32h5xx_hal_uart_ex.o
 .debug_info    0x0000f40c      0xd4b ./IAP/src/common.o
 .debug_info    0x00010157      0xc8a ./IAP/src/iap.o
 .debug_info    0x00010de1      0x6c3 ./IAP/src/stmflash.o
 .debug_info    0x000114a4      0x814 ./IAP/src/ymodem.o

.debug_abbrev   0x00000000     0x2c91
 .debug_abbrev  0x00000000       0xeb ./Core/Src/gpio.o
 .debug_abbrev  0x000000eb      0x20d ./Core/Src/main.o
 .debug_abbrev  0x000002f8       0x45 ./Core/Src/stm32h5xx_hal_msp.o
 .debug_abbrev  0x0000033d      0x184 ./Core/Src/stm32h5xx_it.o
 .debug_abbrev  0x000004c1      0x13a ./Core/Src/system_stm32h5xx.o
 .debug_abbrev  0x000005fb      0x248 ./Core/Src/usart.o
 .debug_abbrev  0x00000843       0x24 ./Core/Startup/startup_stm32h503cbtx.o
 .debug_abbrev  0x00000867      0x2ac ./Drivers/STM32H5xx_HAL_Driver/Src/stm32h5xx_hal.o
 .debug_abbrev  0x00000b13      0x311 ./Drivers/STM32H5xx_HAL_Driver/Src/stm32h5xx_hal_cortex.o
 .debug_abbrev  0x00000e24      0x1ff ./Drivers/STM32H5xx_HAL_Driver/Src/stm32h5xx_hal_dma.o
 .debug_abbrev  0x00001023      0x30f ./Drivers/STM32H5xx_HAL_Driver/Src/stm32h5xx_hal_flash.o
 .debug_abbrev  0x00001332      0x2bc ./Drivers/STM32H5xx_HAL_Driver/Src/stm32h5xx_hal_flash_ex.o
 .debug_abbrev  0x000015ee      0x1db ./Drivers/STM32H5xx_HAL_Driver/Src/stm32h5xx_hal_gpio.o
 .debug_abbrev  0x000017c9      0x28e ./Drivers/STM32H5xx_HAL_Driver/Src/stm32h5xx_hal_rcc.o
 .debug_abbrev  0x00001a57      0x25c ./Drivers/STM32H5xx_HAL_Driver/Src/stm32h5xx_hal_rcc_ex.o
 .debug_abbrev  0x00001cb3      0x305 ./Drivers/STM32H5xx_HAL_Driver/Src/stm32h5xx_hal_uart.o
 .debug_abbrev  0x00001fb8      0x2d4 ./Drivers/STM32H5xx_HAL_Driver/Src/stm32h5xx_hal_uart_ex.o
 .debug_abbrev  0x0000228c      0x2eb ./IAP/src/common.o
 .debug_abbrev  0x00002577      0x298 ./IAP/src/iap.o
 .debug_abbrev  0x0000280f      0x1f1 ./IAP/src/stmflash.o
 .debug_abbrev  0x00002a00      0x291 ./IAP/src/ymodem.o

.debug_aranges  0x00000000      0xcf8
 .debug_aranges
                0x00000000       0x20 ./Core/Src/gpio.o
 .debug_aranges
                0x00000020       0x30 ./Core/Src/main.o
 .debug_aranges
                0x00000050       0x20 ./Core/Src/stm32h5xx_hal_msp.o
 .debug_aranges
                0x00000070       0x68 ./Core/Src/stm32h5xx_it.o
 .debug_aranges
                0x000000d8       0x28 ./Core/Src/system_stm32h5xx.o
 .debug_aranges
                0x00000100       0x38 ./Core/Src/usart.o
 .debug_aranges
                0x00000138       0x28 ./Core/Startup/startup_stm32h503cbtx.o
 .debug_aranges
                0x00000160      0x1a0 ./Drivers/STM32H5xx_HAL_Driver/Src/stm32h5xx_hal.o
 .debug_aranges
                0x00000300      0x140 ./Drivers/STM32H5xx_HAL_Driver/Src/stm32h5xx_hal_cortex.o
 .debug_aranges
                0x00000440       0x98 ./Drivers/STM32H5xx_HAL_Driver/Src/stm32h5xx_hal_dma.o
 .debug_aranges
                0x000004d8       0x88 ./Drivers/STM32H5xx_HAL_Driver/Src/stm32h5xx_hal_flash.o
 .debug_aranges
                0x00000560      0x118 ./Drivers/STM32H5xx_HAL_Driver/Src/stm32h5xx_hal_flash_ex.o
 .debug_aranges
                0x00000678       0x78 ./Drivers/STM32H5xx_HAL_Driver/Src/stm32h5xx_hal_gpio.o
 .debug_aranges
                0x000006f0       0xa0 ./Drivers/STM32H5xx_HAL_Driver/Src/stm32h5xx_hal_rcc.o
 .debug_aranges
                0x00000790       0xe8 ./Drivers/STM32H5xx_HAL_Driver/Src/stm32h5xx_hal_rcc_ex.o
 .debug_aranges
                0x00000878      0x248 ./Drivers/STM32H5xx_HAL_Driver/Src/stm32h5xx_hal_uart.o
 .debug_aranges
                0x00000ac0       0xa8 ./Drivers/STM32H5xx_HAL_Driver/Src/stm32h5xx_hal_uart_ex.o
 .debug_aranges
                0x00000b68       0x78 ./IAP/src/common.o
 .debug_aranges
                0x00000be0       0x68 ./IAP/src/iap.o
 .debug_aranges
                0x00000c48       0x38 ./IAP/src/stmflash.o
 .debug_aranges
                0x00000c80       0x78 ./IAP/src/ymodem.o

.debug_rnglists
                0x00000000      0x9da
 .debug_rnglists
                0x00000000       0x13 ./Core/Src/gpio.o
 .debug_rnglists
                0x00000013       0x21 ./Core/Src/main.o
 .debug_rnglists
                0x00000034       0x13 ./Core/Src/stm32h5xx_hal_msp.o
 .debug_rnglists
                0x00000047       0x49 ./Core/Src/stm32h5xx_it.o
 .debug_rnglists
                0x00000090       0x1b ./Core/Src/system_stm32h5xx.o
 .debug_rnglists
                0x000000ab       0x27 ./Core/Src/usart.o
 .debug_rnglists
                0x000000d2       0x19 ./Core/Startup/startup_stm32h503cbtx.o
 .debug_rnglists
                0x000000eb      0x134 ./Drivers/STM32H5xx_HAL_Driver/Src/stm32h5xx_hal.o
 .debug_rnglists
                0x0000021f       0xec ./Drivers/STM32H5xx_HAL_Driver/Src/stm32h5xx_hal_cortex.o
 .debug_rnglists
                0x0000030b       0x77 ./Drivers/STM32H5xx_HAL_Driver/Src/stm32h5xx_hal_dma.o
 .debug_rnglists
                0x00000382       0x63 ./Drivers/STM32H5xx_HAL_Driver/Src/stm32h5xx_hal_flash.o
 .debug_rnglists
                0x000003e5       0xd4 ./Drivers/STM32H5xx_HAL_Driver/Src/stm32h5xx_hal_flash_ex.o
 .debug_rnglists
                0x000004b9       0x57 ./Drivers/STM32H5xx_HAL_Driver/Src/stm32h5xx_hal_gpio.o
 .debug_rnglists
                0x00000510       0x79 ./Drivers/STM32H5xx_HAL_Driver/Src/stm32h5xx_hal_rcc.o
 .debug_rnglists
                0x00000589       0xb4 ./Drivers/STM32H5xx_HAL_Driver/Src/stm32h5xx_hal_rcc_ex.o
 .debug_rnglists
                0x0000063d      0x1f9 ./Drivers/STM32H5xx_HAL_Driver/Src/stm32h5xx_hal_uart.o
 .debug_rnglists
                0x00000836       0x7f ./Drivers/STM32H5xx_HAL_Driver/Src/stm32h5xx_hal_uart_ex.o
 .debug_rnglists
                0x000008b5       0x59 ./IAP/src/common.o
 .debug_rnglists
                0x0000090e       0x4b ./IAP/src/iap.o
 .debug_rnglists
                0x00000959       0x27 ./IAP/src/stmflash.o
 .debug_rnglists
                0x00000980       0x5a ./IAP/src/ymodem.o

.debug_macro    0x00000000    0x20ba6
 .debug_macro   0x00000000      0x26d ./Core/Src/gpio.o
 .debug_macro   0x0000026d      0xade ./Core/Src/gpio.o
 .debug_macro   0x00000d4b      0x1e0 ./Core/Src/gpio.o
 .debug_macro   0x00000f2b       0x22 ./Core/Src/gpio.o
 .debug_macro   0x00000f4d       0x5b ./Core/Src/gpio.o
 .debug_macro   0x00000fa8       0x2a ./Core/Src/gpio.o
 .debug_macro   0x00000fd2       0x94 ./Core/Src/gpio.o
 .debug_macro   0x00001066       0x43 ./Core/Src/gpio.o
 .debug_macro   0x000010a9       0x34 ./Core/Src/gpio.o
 .debug_macro   0x000010dd      0x190 ./Core/Src/gpio.o
 .debug_macro   0x0000126d       0x57 ./Core/Src/gpio.o
 .debug_macro   0x000012c4      0x370 ./Core/Src/gpio.o
 .debug_macro   0x00001634       0x16 ./Core/Src/gpio.o
 .debug_macro   0x0000164a       0x4a ./Core/Src/gpio.o
 .debug_macro   0x00001694       0x34 ./Core/Src/gpio.o
 .debug_macro   0x000016c8       0x10 ./Core/Src/gpio.o
 .debug_macro   0x000016d8       0x58 ./Core/Src/gpio.o
 .debug_macro   0x00001730       0x8e ./Core/Src/gpio.o
 .debug_macro   0x000017be       0x1c ./Core/Src/gpio.o
 .debug_macro   0x000017da      0x185 ./Core/Src/gpio.o
 .debug_macro   0x0000195f      0x19b ./Core/Src/gpio.o
 .debug_macro   0x00001afa       0x28 ./Core/Src/gpio.o
 .debug_macro   0x00001b22       0x42 ./Core/Src/gpio.o
 .debug_macro   0x00001b64      0x103 ./Core/Src/gpio.o
 .debug_macro   0x00001c67       0x6a ./Core/Src/gpio.o
 .debug_macro   0x00001cd1      0x1df ./Core/Src/gpio.o
 .debug_macro   0x00001eb0       0x1c ./Core/Src/gpio.o
 .debug_macro   0x00001ecc       0x29 ./Core/Src/gpio.o
 .debug_macro   0x00001ef5       0xfb ./Core/Src/gpio.o
 .debug_macro   0x00001ff0     0x1685 ./Core/Src/gpio.o
 .debug_macro   0x00003675       0x5e ./Core/Src/gpio.o
 .debug_macro   0x000036d3    0x11feb ./Core/Src/gpio.o
 .debug_macro   0x000156be       0x6d ./Core/Src/gpio.o
 .debug_macro   0x0001572b     0x388a ./Core/Src/gpio.o
 .debug_macro   0x00018fb5       0x63 ./Core/Src/gpio.o
 .debug_macro   0x00019018     0x146a ./Core/Src/gpio.o
 .debug_macro   0x0001a482      0x75e ./Core/Src/gpio.o
 .debug_macro   0x0001abe0      0x166 ./Core/Src/gpio.o
 .debug_macro   0x0001ad46      0x1a6 ./Core/Src/gpio.o
 .debug_macro   0x0001aeec      0x527 ./Core/Src/gpio.o
 .debug_macro   0x0001b413      0x40f ./Core/Src/gpio.o
 .debug_macro   0x0001b822       0xd6 ./Core/Src/gpio.o
 .debug_macro   0x0001b8f8      0x1cd ./Core/Src/gpio.o
 .debug_macro   0x0001bac5      0x1c3 ./Core/Src/gpio.o
 .debug_macro   0x0001bc88      0x4e8 ./Core/Src/gpio.o
 .debug_macro   0x0001c170       0x58 ./Core/Src/gpio.o
 .debug_macro   0x0001c1c8      0x272 ./Core/Src/gpio.o
 .debug_macro   0x0001c43a      0x1a6 ./Core/Src/gpio.o
 .debug_macro   0x0001c5e0      0x693 ./Core/Src/gpio.o
 .debug_macro   0x0001cc73       0xa6 ./Core/Src/gpio.o
 .debug_macro   0x0001cd19      0x20a ./Core/Src/gpio.o
 .debug_macro   0x0001cf23      0x38f ./Core/Src/gpio.o
 .debug_macro   0x0001d2b2      0x305 ./Core/Src/main.o
 .debug_macro   0x0001d5b7       0x94 ./Core/Src/main.o
 .debug_macro   0x0001d64b       0x1c ./Core/Src/main.o
 .debug_macro   0x0001d667       0x3c ./Core/Src/main.o
 .debug_macro   0x0001d6a3       0x10 ./Core/Src/main.o
 .debug_macro   0x0001d6b3       0x1c ./Core/Src/main.o
 .debug_macro   0x0001d6cf       0x16 ./Core/Src/main.o
 .debug_macro   0x0001d6e5      0x146 ./Core/Src/main.o
 .debug_macro   0x0001d82b       0x16 ./Core/Src/main.o
 .debug_macro   0x0001d841       0x20 ./Core/Src/main.o
 .debug_macro   0x0001d861       0x6a ./Core/Src/main.o
 .debug_macro   0x0001d8cb      0x263 ./Core/Src/stm32h5xx_hal_msp.o
 .debug_macro   0x0001db2e      0x26d ./Core/Src/stm32h5xx_it.o
 .debug_macro   0x0001dd9b      0x260 ./Core/Src/system_stm32h5xx.o
 .debug_macro   0x0001dffb      0x26d ./Core/Src/usart.o
 .debug_macro   0x0001e268      0x289 ./Drivers/STM32H5xx_HAL_Driver/Src/stm32h5xx_hal.o
 .debug_macro   0x0001e4f1      0x259 ./Drivers/STM32H5xx_HAL_Driver/Src/stm32h5xx_hal_cortex.o
 .debug_macro   0x0001e74a      0x25a ./Drivers/STM32H5xx_HAL_Driver/Src/stm32h5xx_hal_dma.o
 .debug_macro   0x0001e9a4      0x259 ./Drivers/STM32H5xx_HAL_Driver/Src/stm32h5xx_hal_flash.o
 .debug_macro   0x0001ebfd      0x259 ./Drivers/STM32H5xx_HAL_Driver/Src/stm32h5xx_hal_flash_ex.o
 .debug_macro   0x0001ee56      0x28f ./Drivers/STM32H5xx_HAL_Driver/Src/stm32h5xx_hal_gpio.o
 .debug_macro   0x0001f0e5      0x29b ./Drivers/STM32H5xx_HAL_Driver/Src/stm32h5xx_hal_rcc.o
 .debug_macro   0x0001f380      0x265 ./Drivers/STM32H5xx_HAL_Driver/Src/stm32h5xx_hal_rcc_ex.o
 .debug_macro   0x0001f5e5      0x284 ./Drivers/STM32H5xx_HAL_Driver/Src/stm32h5xx_hal_uart.o
 .debug_macro   0x0001f869      0x265 ./Drivers/STM32H5xx_HAL_Driver/Src/stm32h5xx_hal_uart_ex.o
 .debug_macro   0x0001face      0x319 ./IAP/src/common.o
 .debug_macro   0x0001fde7       0x16 ./IAP/src/common.o
 .debug_macro   0x0001fdfd       0x9e ./IAP/src/common.o
 .debug_macro   0x0001fe9b      0x112 ./IAP/src/common.o
 .debug_macro   0x0001ffad       0x16 ./IAP/src/common.o
 .debug_macro   0x0001ffc3      0x300 ./IAP/src/iap.o
 .debug_macro   0x000202c3       0x8e ./IAP/src/iap.o
 .debug_macro   0x00020351       0x51 ./IAP/src/iap.o
 .debug_macro   0x000203a2       0x61 ./IAP/src/iap.o
 .debug_macro   0x00020403       0xe2 ./IAP/src/iap.o
 .debug_macro   0x000204e5      0x2e7 ./IAP/src/stmflash.o
 .debug_macro   0x000207cc      0x2fe ./IAP/src/ymodem.o
 .debug_macro   0x00020aca       0xdc ./IAP/src/ymodem.o

.debug_line     0x00000000    0x12175
 .debug_line    0x00000000      0x77b ./Core/Src/gpio.o
 .debug_line    0x0000077b      0x909 ./Core/Src/main.o
 .debug_line    0x00001084      0x77a ./Core/Src/stm32h5xx_hal_msp.o
 .debug_line    0x000017fe      0x845 ./Core/Src/stm32h5xx_it.o
 .debug_line    0x00002043      0x8f2 ./Core/Src/system_stm32h5xx.o
 .debug_line    0x00002935      0x876 ./Core/Src/usart.o
 .debug_line    0x000031ab       0x77 ./Core/Startup/startup_stm32h503cbtx.o
 .debug_line    0x00003222      0xd53 ./Drivers/STM32H5xx_HAL_Driver/Src/stm32h5xx_hal.o
 .debug_line    0x00003f75      0xdd1 ./Drivers/STM32H5xx_HAL_Driver/Src/stm32h5xx_hal_cortex.o
 .debug_line    0x00004d46     0x107d ./Drivers/STM32H5xx_HAL_Driver/Src/stm32h5xx_hal_dma.o
 .debug_line    0x00005dc3      0xab0 ./Drivers/STM32H5xx_HAL_Driver/Src/stm32h5xx_hal_flash.o
 .debug_line    0x00006873      0xfb2 ./Drivers/STM32H5xx_HAL_Driver/Src/stm32h5xx_hal_flash_ex.o
 .debug_line    0x00007825      0xb8b ./Drivers/STM32H5xx_HAL_Driver/Src/stm32h5xx_hal_gpio.o
 .debug_line    0x000083b0     0x12f2 ./Drivers/STM32H5xx_HAL_Driver/Src/stm32h5xx_hal_rcc.o
 .debug_line    0x000096a2     0x1b1b ./Drivers/STM32H5xx_HAL_Driver/Src/stm32h5xx_hal_rcc_ex.o
 .debug_line    0x0000b1bd     0x3362 ./Drivers/STM32H5xx_HAL_Driver/Src/stm32h5xx_hal_uart.o
 .debug_line    0x0000e51f      0xcf4 ./Drivers/STM32H5xx_HAL_Driver/Src/stm32h5xx_hal_uart_ex.o
 .debug_line    0x0000f213      0xc68 ./IAP/src/common.o
 .debug_line    0x0000fe7b      0xa18 ./IAP/src/iap.o
 .debug_line    0x00010893      0xa0c ./IAP/src/stmflash.o
 .debug_line    0x0001129f      0xed6 ./IAP/src/ymodem.o

.debug_str      0x00000000    0xc2f86
 .debug_str     0x00000000    0xc2f86 ./Core/Src/gpio.o
                              0xbd9c6 (size before relaxing)
 .debug_str     0x000c2f86    0xbe7dd ./Core/Src/main.o
 .debug_str     0x000c2f86    0xbd77f ./Core/Src/stm32h5xx_hal_msp.o
 .debug_str     0x000c2f86    0xbde90 ./Core/Src/stm32h5xx_it.o
 .debug_str     0x000c2f86    0xbdc89 ./Core/Src/system_stm32h5xx.o
 .debug_str     0x000c2f86    0xbe943 ./Core/Src/usart.o
 .debug_str     0x000c2f86       0x6c ./Core/Startup/startup_stm32h503cbtx.o
 .debug_str     0x000c2f86    0xbe7fc ./Drivers/STM32H5xx_HAL_Driver/Src/stm32h5xx_hal.o
 .debug_str     0x000c2f86    0xbe566 ./Drivers/STM32H5xx_HAL_Driver/Src/stm32h5xx_hal_cortex.o
 .debug_str     0x000c2f86    0xbdebc ./Drivers/STM32H5xx_HAL_Driver/Src/stm32h5xx_hal_dma.o
 .debug_str     0x000c2f86    0xbdcb4 ./Drivers/STM32H5xx_HAL_Driver/Src/stm32h5xx_hal_flash.o
 .debug_str     0x000c2f86    0xbe06c ./Drivers/STM32H5xx_HAL_Driver/Src/stm32h5xx_hal_flash_ex.o
 .debug_str     0x000c2f86    0xbdb67 ./Drivers/STM32H5xx_HAL_Driver/Src/stm32h5xx_hal_gpio.o
 .debug_str     0x000c2f86    0xbe1c9 ./Drivers/STM32H5xx_HAL_Driver/Src/stm32h5xx_hal_rcc.o
 .debug_str     0x000c2f86    0xbe320 ./Drivers/STM32H5xx_HAL_Driver/Src/stm32h5xx_hal_rcc_ex.o
 .debug_str     0x000c2f86    0xbe84c ./Drivers/STM32H5xx_HAL_Driver/Src/stm32h5xx_hal_uart.o
 .debug_str     0x000c2f86    0xbe21d ./Drivers/STM32H5xx_HAL_Driver/Src/stm32h5xx_hal_uart_ex.o
 .debug_str     0x000c2f86    0xbec2a ./IAP/src/common.o
 .debug_str     0x000c2f86    0xbee0e ./IAP/src/iap.o
 .debug_str     0x000c2f86    0xbe697 ./IAP/src/stmflash.o
 .debug_str     0x000c2f86    0xbe8a3 ./IAP/src/ymodem.o

.comment        0x00000000       0x43
 .comment       0x00000000       0x43 ./Core/Src/gpio.o
                                 0x44 (size before relaxing)
 .comment       0x00000043       0x44 ./Core/Src/main.o
 .comment       0x00000043       0x44 ./Core/Src/stm32h5xx_hal_msp.o
 .comment       0x00000043       0x44 ./Core/Src/stm32h5xx_it.o
 .comment       0x00000043       0x44 ./Core/Src/system_stm32h5xx.o
 .comment       0x00000043       0x44 ./Core/Src/usart.o
 .comment       0x00000043       0x44 ./Drivers/STM32H5xx_HAL_Driver/Src/stm32h5xx_hal.o
 .comment       0x00000043       0x44 ./Drivers/STM32H5xx_HAL_Driver/Src/stm32h5xx_hal_cortex.o
 .comment       0x00000043       0x44 ./Drivers/STM32H5xx_HAL_Driver/Src/stm32h5xx_hal_dma.o
 .comment       0x00000043       0x44 ./Drivers/STM32H5xx_HAL_Driver/Src/stm32h5xx_hal_flash.o
 .comment       0x00000043       0x44 ./Drivers/STM32H5xx_HAL_Driver/Src/stm32h5xx_hal_flash_ex.o
 .comment       0x00000043       0x44 ./Drivers/STM32H5xx_HAL_Driver/Src/stm32h5xx_hal_gpio.o
 .comment       0x00000043       0x44 ./Drivers/STM32H5xx_HAL_Driver/Src/stm32h5xx_hal_rcc.o
 .comment       0x00000043       0x44 ./Drivers/STM32H5xx_HAL_Driver/Src/stm32h5xx_hal_rcc_ex.o
 .comment       0x00000043       0x44 ./Drivers/STM32H5xx_HAL_Driver/Src/stm32h5xx_hal_uart.o
 .comment       0x00000043       0x44 ./Drivers/STM32H5xx_HAL_Driver/Src/stm32h5xx_hal_uart_ex.o
 .comment       0x00000043       0x44 ./IAP/src/common.o
 .comment       0x00000043       0x44 ./IAP/src/iap.o
 .comment       0x00000043       0x44 ./IAP/src/stmflash.o
 .comment       0x00000043       0x44 ./IAP/src/ymodem.o

.debug_frame    0x00000000     0x3424
 .debug_frame   0x00000000       0x38 ./Core/Src/gpio.o
 .debug_frame   0x00000038       0x68 ./Core/Src/main.o
 .debug_frame   0x000000a0       0x30 ./Core/Src/stm32h5xx_hal_msp.o
 .debug_frame   0x000000d0      0x120 ./Core/Src/stm32h5xx_it.o
 .debug_frame   0x000001f0       0x60 ./Core/Src/system_stm32h5xx.o
 .debug_frame   0x00000250       0x9c ./Core/Src/usart.o
 .debug_frame   0x000002ec      0x66c ./Drivers/STM32H5xx_HAL_Driver/Src/stm32h5xx_hal.o
 .debug_frame   0x00000958      0x560 ./Drivers/STM32H5xx_HAL_Driver/Src/stm32h5xx_hal_cortex.o
 .debug_frame   0x00000eb8      0x278 ./Drivers/STM32H5xx_HAL_Driver/Src/stm32h5xx_hal_dma.o
 .debug_frame   0x00001130      0x214 ./Drivers/STM32H5xx_HAL_Driver/Src/stm32h5xx_hal_flash.o
 .debug_frame   0x00001344      0x4b8 ./Drivers/STM32H5xx_HAL_Driver/Src/stm32h5xx_hal_flash_ex.o
 .debug_frame   0x000017fc      0x1ec ./Drivers/STM32H5xx_HAL_Driver/Src/stm32h5xx_hal_gpio.o
 .debug_frame   0x000019e8      0x264 ./Drivers/STM32H5xx_HAL_Driver/Src/stm32h5xx_hal_rcc.o
 .debug_frame   0x00001c4c      0x3d8 ./Drivers/STM32H5xx_HAL_Driver/Src/stm32h5xx_hal_rcc_ex.o
 .debug_frame   0x00002024      0xa84 ./Drivers/STM32H5xx_HAL_Driver/Src/stm32h5xx_hal_uart.o
 .debug_frame   0x00002aa8      0x2c4 ./Drivers/STM32H5xx_HAL_Driver/Src/stm32h5xx_hal_uart_ex.o
 .debug_frame   0x00002d6c      0x1d8 ./IAP/src/common.o
 .debug_frame   0x00002f44      0x154 ./IAP/src/iap.o
 .debug_frame   0x00003098       0xb8 ./IAP/src/stmflash.o
 .debug_frame   0x00003150      0x1dc ./IAP/src/ymodem.o
 .debug_frame   0x0000332c       0x20 /opt/st/stm32cubeide_1.19.0/plugins/com.st.stm32cube.ide.mcu.externaltools.gnu-tools-for-stm32.13.3.rel1.linux64_1.0.0.202410170706/tools/bin/../lib/gcc/arm-none-eabi/13.3.1/../../../../arm-none-eabi/lib/thumb/v8-m.main+fp/hard/libc_nano.a(libc_a-memset.o)
 .debug_frame   0x0000334c       0x2c /opt/st/stm32cubeide_1.19.0/plugins/com.st.stm32cube.ide.mcu.externaltools.gnu-tools-for-stm32.13.3.rel1.linux64_1.0.0.202410170706/tools/bin/../lib/gcc/arm-none-eabi/13.3.1/../../../../arm-none-eabi/lib/thumb/v8-m.main+fp/hard/libc_nano.a(libc_a-init.o)
 .debug_frame   0x00003378       0x20 /opt/st/stm32cubeide_1.19.0/plugins/com.st.stm32cube.ide.mcu.externaltools.gnu-tools-for-stm32.13.3.rel1.linux64_1.0.0.202410170706/tools/bin/../lib/gcc/arm-none-eabi/13.3.1/../../../../arm-none-eabi/lib/thumb/v8-m.main+fp/hard/libc_nano.a(libc_a-strcmp.o)
 .debug_frame   0x00003398       0x28 /opt/st/stm32cubeide_1.19.0/plugins/com.st.stm32cube.ide.mcu.externaltools.gnu-tools-for-stm32.13.3.rel1.linux64_1.0.0.202410170706/tools/bin/../lib/gcc/arm-none-eabi/13.3.1/../../../../arm-none-eabi/lib/thumb/v8-m.main+fp/hard/libc_nano.a(libc_a-memcpy-stub.o)
 .debug_frame   0x000033c0       0x2c /opt/st/stm32cubeide_1.19.0/plugins/com.st.stm32cube.ide.mcu.externaltools.gnu-tools-for-stm32.13.3.rel1.linux64_1.0.0.202410170706/tools/bin/../lib/gcc/arm-none-eabi/13.3.1/thumb/v8-m.main+fp/hard/libgcc.a(_aeabi_uldivmod.o)
 .debug_frame   0x000033ec       0x38 /opt/st/stm32cubeide_1.19.0/plugins/com.st.stm32cube.ide.mcu.externaltools.gnu-tools-for-stm32.13.3.rel1.linux64_1.0.0.202410170706/tools/bin/../lib/gcc/arm-none-eabi/13.3.1/thumb/v8-m.main+fp/hard/libgcc.a(_udivmoddi4.o)

.debug_line_str
                0x00000000       0x50
 .debug_line_str
                0x00000000       0x50 ./Core/Startup/startup_stm32h503cbtx.o
