../Core/Src/stm32h5xx_it.c:73:6:NMI_Handler	8	static,ignoring_inline_asm
../Core/Src/stm32h5xx_it.c:133:6:HardFault_Handler	0	static
../Core/Src/stm32h5xx_it.c:151:6:MemManage_Handler	0	static
../Core/Src/stm32h5xx_it.c:166:6:BusFault_Handler	0	static
../Core/Src/stm32h5xx_it.c:181:6:UsageFault_Handler	0	static
../Core/Src/stm32h5xx_it.c:196:6:SVC_Handler	0	static
../Core/Src/stm32h5xx_it.c:209:6:DebugMon_Handler	0	static
../Core/Src/stm32h5xx_it.c:222:6:PendSV_Handler	0	static
../Core/Src/stm32h5xx_it.c:235:6:SysTick_Handler	0	static
../Core/Src/stm32h5xx_it.c:256:6:GPDMA1_Channel0_IRQHandler	0	static
../Core/Src/stm32h5xx_it.c:270:6:GPDMA1_Channel1_IRQHandler	0	static
../Core/Src/stm32h5xx_it.c:284:6:GPDMA1_Channel2_IRQHandler	0	static
../Core/Src/stm32h5xx_it.c:298:6:SPI1_IRQHandler	0	static
../Core/Src/stm32h5xx_it.c:312:6:USART1_IRQHandler	0	static
