../Core/Src/stm32h5xx_it.c:71:6:NMI_Handler	8	static,ignoring_inline_asm
../Core/Src/stm32h5xx_it.c:131:6:HardFault_Handler	0	static
../Core/Src/stm32h5xx_it.c:149:6:MemManage_Handler	0	static
../Core/Src/stm32h5xx_it.c:164:6:BusFault_Handler	0	static
../Core/Src/stm32h5xx_it.c:179:6:UsageFault_Handler	0	static
../Core/Src/stm32h5xx_it.c:194:6:SVC_Handler	0	static
../Core/Src/stm32h5xx_it.c:207:6:DebugMon_Handler	0	static
../Core/Src/stm32h5xx_it.c:220:6:PendSV_Handler	0	static
../Core/Src/stm32h5xx_it.c:233:6:SysTick_Handler	0	static
../Core/Src/stm32h5xx_it.c:254:6:GPDMA1_Channel0_IRQHandler	0	static
../Core/Src/stm32h5xx_it.c:268:6:GPDMA1_Channel1_IRQHandler	0	static
../Core/Src/stm32h5xx_it.c:282:6:USART1_IRQHandler	0	static
