../Drivers/CMSIS/Include/core_cm33.h:2711:34:__NVIC_SystemReset	4	static,ignoring_inline_asm
../Core/Src/stm32h5xx_it.c:69:6:NMI_Handler	16	static
../Core/Src/stm32h5xx_it.c:129:6:HardFault_Handler	24	static
../Core/Src/stm32h5xx_it.c:147:6:MemManage_Handler	4	static
../Core/Src/stm32h5xx_it.c:162:6:BusFault_Handler	4	static
../Core/Src/stm32h5xx_it.c:177:6:UsageFault_Handler	4	static
../Core/Src/stm32h5xx_it.c:192:6:SVC_Handler	4	static
../Core/Src/stm32h5xx_it.c:205:6:DebugMon_Handler	4	static
../Core/Src/stm32h5xx_it.c:218:6:PendSV_Handler	4	static
../Core/Src/stm32h5xx_it.c:231:6:SysTick_Handler	8	static
../Core/Src/stm32h5xx_it.c:252:6:USART1_IRQHandler	8	static
