Archive member included to satisfy reference by file (symbol)

/opt/st/stm32cubeide_1.19.0/plugins/com.st.stm32cube.ide.mcu.externaltools.gnu-tools-for-stm32.13.3.rel1.linux64_1.0.0.202410170706/tools/bin/../lib/gcc/arm-none-eabi/13.3.1/../../../../arm-none-eabi/lib/thumb/v8-m.main+fp/hard/libc_nano.a(libc_a-exit.o)
                              /opt/st/stm32cubeide_1.19.0/plugins/com.st.stm32cube.ide.mcu.externaltools.gnu-tools-for-stm32.13.3.rel1.linux64_1.0.0.202410170706/tools/bin/../lib/gcc/arm-none-eabi/13.3.1/../../../../arm-none-eabi/lib/thumb/v8-m.main+fp/hard/crt0.o (exit)
/opt/st/stm32cubeide_1.19.0/plugins/com.st.stm32cube.ide.mcu.externaltools.gnu-tools-for-stm32.13.3.rel1.linux64_1.0.0.202410170706/tools/bin/../lib/gcc/arm-none-eabi/13.3.1/../../../../arm-none-eabi/lib/thumb/v8-m.main+fp/hard/libc_nano.a(libc_a-findfp.o)
                              /opt/st/stm32cubeide_1.19.0/plugins/com.st.stm32cube.ide.mcu.externaltools.gnu-tools-for-stm32.13.3.rel1.linux64_1.0.0.202410170706/tools/bin/../lib/gcc/arm-none-eabi/13.3.1/../../../../arm-none-eabi/lib/thumb/v8-m.main+fp/hard/libc_nano.a(libc_a-exit.o) (__stdio_exit_handler)
/opt/st/stm32cubeide_1.19.0/plugins/com.st.stm32cube.ide.mcu.externaltools.gnu-tools-for-stm32.13.3.rel1.linux64_1.0.0.202410170706/tools/bin/../lib/gcc/arm-none-eabi/13.3.1/../../../../arm-none-eabi/lib/thumb/v8-m.main+fp/hard/libc_nano.a(libc_a-fwalk.o)
                              /opt/st/stm32cubeide_1.19.0/plugins/com.st.stm32cube.ide.mcu.externaltools.gnu-tools-for-stm32.13.3.rel1.linux64_1.0.0.202410170706/tools/bin/../lib/gcc/arm-none-eabi/13.3.1/../../../../arm-none-eabi/lib/thumb/v8-m.main+fp/hard/libc_nano.a(libc_a-findfp.o) (_fwalk_sglue)
/opt/st/stm32cubeide_1.19.0/plugins/com.st.stm32cube.ide.mcu.externaltools.gnu-tools-for-stm32.13.3.rel1.linux64_1.0.0.202410170706/tools/bin/../lib/gcc/arm-none-eabi/13.3.1/../../../../arm-none-eabi/lib/thumb/v8-m.main+fp/hard/libc_nano.a(libc_a-stdio.o)
                              /opt/st/stm32cubeide_1.19.0/plugins/com.st.stm32cube.ide.mcu.externaltools.gnu-tools-for-stm32.13.3.rel1.linux64_1.0.0.202410170706/tools/bin/../lib/gcc/arm-none-eabi/13.3.1/../../../../arm-none-eabi/lib/thumb/v8-m.main+fp/hard/libc_nano.a(libc_a-findfp.o) (__sread)
/opt/st/stm32cubeide_1.19.0/plugins/com.st.stm32cube.ide.mcu.externaltools.gnu-tools-for-stm32.13.3.rel1.linux64_1.0.0.202410170706/tools/bin/../lib/gcc/arm-none-eabi/13.3.1/../../../../arm-none-eabi/lib/thumb/v8-m.main+fp/hard/libc_nano.a(libc_a-memset.o)
                              /opt/st/stm32cubeide_1.19.0/plugins/com.st.stm32cube.ide.mcu.externaltools.gnu-tools-for-stm32.13.3.rel1.linux64_1.0.0.202410170706/tools/bin/../lib/gcc/arm-none-eabi/13.3.1/../../../../arm-none-eabi/lib/thumb/v8-m.main+fp/hard/crt0.o (memset)
/opt/st/stm32cubeide_1.19.0/plugins/com.st.stm32cube.ide.mcu.externaltools.gnu-tools-for-stm32.13.3.rel1.linux64_1.0.0.202410170706/tools/bin/../lib/gcc/arm-none-eabi/13.3.1/../../../../arm-none-eabi/lib/thumb/v8-m.main+fp/hard/libc_nano.a(libc_a-closer.o)
                              /opt/st/stm32cubeide_1.19.0/plugins/com.st.stm32cube.ide.mcu.externaltools.gnu-tools-for-stm32.13.3.rel1.linux64_1.0.0.202410170706/tools/bin/../lib/gcc/arm-none-eabi/13.3.1/../../../../arm-none-eabi/lib/thumb/v8-m.main+fp/hard/libc_nano.a(libc_a-stdio.o) (_close_r)
/opt/st/stm32cubeide_1.19.0/plugins/com.st.stm32cube.ide.mcu.externaltools.gnu-tools-for-stm32.13.3.rel1.linux64_1.0.0.202410170706/tools/bin/../lib/gcc/arm-none-eabi/13.3.1/../../../../arm-none-eabi/lib/thumb/v8-m.main+fp/hard/libc_nano.a(libc_a-reent.o)
                              /opt/st/stm32cubeide_1.19.0/plugins/com.st.stm32cube.ide.mcu.externaltools.gnu-tools-for-stm32.13.3.rel1.linux64_1.0.0.202410170706/tools/bin/../lib/gcc/arm-none-eabi/13.3.1/../../../../arm-none-eabi/lib/thumb/v8-m.main+fp/hard/libc_nano.a(libc_a-closer.o) (errno)
/opt/st/stm32cubeide_1.19.0/plugins/com.st.stm32cube.ide.mcu.externaltools.gnu-tools-for-stm32.13.3.rel1.linux64_1.0.0.202410170706/tools/bin/../lib/gcc/arm-none-eabi/13.3.1/../../../../arm-none-eabi/lib/thumb/v8-m.main+fp/hard/libc_nano.a(libc_a-impure.o)
                              /opt/st/stm32cubeide_1.19.0/plugins/com.st.stm32cube.ide.mcu.externaltools.gnu-tools-for-stm32.13.3.rel1.linux64_1.0.0.202410170706/tools/bin/../lib/gcc/arm-none-eabi/13.3.1/../../../../arm-none-eabi/lib/thumb/v8-m.main+fp/hard/libc_nano.a(libc_a-reent.o) (_impure_ptr)
/opt/st/stm32cubeide_1.19.0/plugins/com.st.stm32cube.ide.mcu.externaltools.gnu-tools-for-stm32.13.3.rel1.linux64_1.0.0.202410170706/tools/bin/../lib/gcc/arm-none-eabi/13.3.1/../../../../arm-none-eabi/lib/thumb/v8-m.main+fp/hard/libc_nano.a(libc_a-lseekr.o)
[...]
Memory Configuration

Name             Origin             Length             Attributes
RAM              0x20000000         0x00008000         xrw
FLASH            0x08000000         0x0000c000         xr
*default*        0x00000000         0xffffffff

Linker script and memory map

LOAD /opt/st/stm32cubeide_1.19.0/plugins/com.st.stm32cube.ide.mcu.externaltools.gnu-tools-for-stm32.13.3.rel1.linux64_1.0.0.202410170706/tools/bin/../lib/gcc/arm-none-eabi/13.3.1/thumb/v8-m.main+fp/hard/crti.o
LOAD /opt/st/stm32cubeide_1.19.0/plugins/com.st.stm32cube.ide.mcu.externaltools.gnu-tools-for-stm32.13.3.rel1.linux64_1.0.0.202410170706/tools/bin/../lib/gcc/arm-none-eabi/13.3.1/thumb/v8-m.main+fp/hard/crtbegin.o
LOAD /opt/st/stm32cubeide_1.19.0/plugins/com.st.stm32cube.ide.mcu.externaltools.gnu-tools-for-stm32.13.3.rel1.linux64_1.0.0.202410170706/tools/bin/../lib/gcc/arm-none-eabi/13.3.1/../../../../arm-none-eabi/lib/thumb/v8-m.main+fp/hard/crt0.o
LOAD ./Core/Src/gpdma.o
LOAD ./Core/Src/gpio.o
LOAD ./Core/Src/main.o
LOAD ./Core/Src/spi.o
LOAD ./Core/Src/stm32h5xx_hal_msp.o
LOAD ./Core/Src/stm32h5xx_it.o
LOAD ./Core/Src/syscalls.o
LOAD ./Core/Src/sysmem.o
LOAD ./Core/Src/system_stm32h5xx.o
LOAD ./Core/Src/usart.o
LOAD ./Core/Startup/startup_stm32h503cbtx.o
LOAD ./Drivers/STM32H5xx_HAL_Driver/Src/stm32h5xx_hal.o
LOAD ./Drivers/STM32H5xx_HAL_Driver/Src/stm32h5xx_hal_cortex.o
LOAD ./Drivers/STM32H5xx_HAL_Driver/Src/stm32h5xx_hal_dma.o
LOAD ./Drivers/STM32H5xx_HAL_Driver/Src/stm32h5xx_hal_dma_ex.o
LOAD ./Drivers/STM32H5xx_HAL_Driver/Src/stm32h5xx_hal_exti.o
LOAD ./Drivers/STM32H5xx_HAL_Driver/Src/stm32h5xx_hal_flash.o
LOAD ./Drivers/STM32H5xx_HAL_Driver/Src/stm32h5xx_hal_flash_ex.o
LOAD ./Drivers/STM32H5xx_HAL_Driver/Src/stm32h5xx_hal_gpio.o
LOAD ./Drivers/STM32H5xx_HAL_Driver/Src/stm32h5xx_hal_pwr.o
LOAD ./Drivers/STM32H5xx_HAL_Driver/Src/stm32h5xx_hal_pwr_ex.o
LOAD ./Drivers/STM32H5xx_HAL_Driver/Src/stm32h5xx_hal_rcc.o
LOAD ./Drivers/STM32H5xx_HAL_Driver/Src/stm32h5xx_hal_rcc_ex.o
LOAD ./Drivers/STM32H5xx_HAL_Driver/Src/stm32h5xx_hal_spi.o
LOAD ./Drivers/STM32H5xx_HAL_Driver/Src/stm32h5xx_hal_spi_ex.o
LOAD ./Drivers/STM32H5xx_HAL_Driver/Src/stm32h5xx_hal_uart.o
LOAD ./Drivers/STM32H5xx_HAL_Driver/Src/stm32h5xx_hal_uart_ex.o
LOAD ./HARDWARE/LCD/Src/lcd_boot.o
LOAD ./HARDWARE/LCD/Src/lcd_init.o
LOAD ./HARDWARE/LCD/Src/lcdfont.o
LOAD ./HARDWARE/LCD/Src/spi_func.o
LOAD ./IAP/src/common.o
LOAD ./IAP/src/iap.o
LOAD ./IAP/src/iap_image.o
LOAD ./IAP/src/protocol.o
LOAD ./IAP/src/stmflash.o
START GROUP
LOAD /opt/st/stm32cubeide_1.19.0/plugins/com.st.stm32cube.ide.mcu.externaltools.gnu-tools-for-stm32.13.3.rel1.linux64_1.0.0.202410170706/tools/bin/../lib/gcc/arm-none-eabi/13.3.1/../../../../arm-none-eabi/lib/thumb/v8-m.main+fp/hard/libc_nano.a
LOAD /opt/st/stm32cubeide_1.19.0/plugins/com.st.stm32cube.ide.mcu.externaltools.gnu-tools-for-stm32.13.3.rel1.linux64_1.0.0.202410170706/tools/bin/../lib/gcc/arm-none-eabi/13.3.1/../../../../arm-none-eabi/lib/thumb/v8-m.main+fp/hard/libm.a
END GROUP
START GROUP
LOAD /opt/st/stm32cubeide_1.19.0/plugins/com.st.stm32cube.ide.mcu.externaltools.gnu-tools-for-stm32.13.3.rel1.linux64_1.0.0.202410170706/tools/bin/../lib/gcc/arm-none-eabi/13.3.1/thumb/v8-m.main+fp/hard/libgcc.a
LOAD /opt/st/stm32cubeide_1.19.0/plugins/com.st.stm32cube.ide.mcu.externaltools.gnu-tools-for-stm32.13.3.rel1.linux64_1.0.0.202410170706/tools/bin/../lib/gcc/arm-none-eabi/13.3.1/../../../../arm-none-eabi/lib/thumb/v8-m.main+fp/hard/libc_nano.a
END GROUP
START GROUP
LOAD /opt/st/stm32cubeide_1.19.0/plugins/com.st.stm32cube.ide.mcu.externaltools.gnu-tools-for-stm32.13.3.rel1.linux64_1.0.0.202410170706/tools/bin/../lib/gcc/arm-none-eabi/13.3.1/thumb/v8-m.main+fp/hard/libgcc.a
LOAD /opt/st/stm32cubeide_1.19.0/plugins/com.st.stm32cube.ide.mcu.externaltools.gnu-tools-for-stm32.13.3.rel1.linux64_1.0.0.202410170706/tools/bin/../lib/gcc/arm-none-eabi/13.3.1/../../../../arm-none-eabi/lib/thumb/v8-m.main+fp/hard/libc_nano.a
LOAD /opt/st/stm32cubeide_1.19.0/plugins/com.st.stm32cube.ide.mcu.externaltools.gnu-tools-for-stm32.13.3.rel1.linux64_1.0.0.202410170706/tools/bin/../lib/gcc/arm-none-eabi/13.3.1/../../../../arm-none-eabi/lib/thumb/v8-m.main+fp/hard/libnosys.a
END GROUP
START GROUP
LOAD /opt/st/stm32cubeide_1.19.0/plugins/com.st.stm32cube.ide.mcu.externaltools.gnu-tools-for-stm32.13.3.rel1.linux64_1.0.0.202410170706/tools/bin/../lib/gcc/arm-none-eabi/13.3.1/thumb/v8-m.main+fp/hard/libgcc.a
LOAD /opt/st/stm32cubeide_1.19.0/plugins/com.st.stm32cube.ide.mcu.externaltools.gnu-tools-for-stm32.13.3.rel1.linux64_1.0.0.202410170706/tools/bin/../lib/gcc/arm-none-eabi/13.3.1/../../../../arm-none-eabi/lib/thumb/v8-m.main+fp/hard/libc_nano.a
LOAD /opt/st/stm32cubeide_1.19.0/plugins/com.st.stm32cube.ide.mcu.externaltools.gnu-tools-for-stm32.13.3.rel1.linux64_1.0.0.202410170706/tools/bin/../lib/gcc/arm-none-eabi/13.3.1/../../../../arm-none-eabi/lib/thumb/v8-m.main+fp/hard/libnosys.a
END GROUP
LOAD /opt/st/stm32cubeide_1.19.0/plugins/com.st.stm32cube.ide.mcu.externaltools.gnu-tools-for-stm32.13.3.rel1.linux64_1.0.0.202410170706/tools/bin/../lib/gcc/arm-none-eabi/13.3.1/thumb/v8-m.main+fp/hard/crtend.o
LOAD /opt/st/stm32cubeide_1.19.0/plugins/com.st.stm32cube.ide.mcu.externaltools.gnu-tools-for-stm32.13.3.rel1.linux64_1.0.0.202410170706/tools/bin/../lib/gcc/arm-none-eabi/13.3.1/thumb/v8-m.main+fp/hard/crtn.o
                0x20008000                        _estack = (ORIGIN (RAM) + LENGTH (RAM))
                0x00000200                        _Min_Heap_Size = 0x200
                0x00000400                        _Min_Stack_Size = 0x400

.isr_vector     0x08000000      0x258
                0x08000000                        . = ALIGN (0x4)
 *(.isr_vector)
 .isr_vector    0x08000000      0x258 ./Core/Startup/startup_stm32h503cbtx.o
                0x08000000                g_pfnVectors
                0x08000258                        . = ALIGN (0x4)

.text           0x08000258     0x8690
                0x08000258                        . = ALIGN (0x4)
 *(.text)
 .text          0x08000258       0x40 /opt/st/stm32cubeide_1.19.0/plugins/com.st.stm32cube.ide.mcu.externaltools.gnu-tools-for-stm32.13.3.rel1.linux64_1.0.0.202410170706/tools/bin/../lib/gcc/arm-none-eabi/13.3.1/thumb/v8-m.main+fp/hard/crtbegin.o
 .text          0x08000298       0x30 /opt/st/stm32cubeide_1.19.0/plugins/com.st.stm32cube.ide.mcu.externaltools.gnu-tools-for-stm32.13.3.rel1.linux64_1.0.0.202410170706/tools/bin/../lib/gcc/arm-none-eabi/13.3.1/thumb/v8-m.main+fp/hard/libgcc.a(_aeabi_uldivmod.o)
                0x08000298                __aeabi_uldivmod
 .text          0x080002c8      0x348 /opt/st/stm32cubeide_1.19.0/plugins/com.st.stm32cube.ide.mcu.externaltools.gnu-tools-for-stm32.13.3.rel1.linux64_1.0.0.202410170706/tools/bin/../lib/gcc/arm-none-eabi/13.3.1/thumb/v8-m.main+fp/hard/libgcc.a(_udivmoddi4.o)
                0x080002c8                __udivmoddi4
 .text          0x08000610        0x4 /opt/st/stm32cubeide_1.19.0/plugins/com.st.stm32cube.ide.mcu.externaltools.gnu-tools-for-stm32.13.3.rel1.linux64_1.0.0.202410170706/tools/bin/../lib/gcc/arm-none-eabi/13.3.1/thumb/v8-m.main+fp/hard/libgcc.a(_dvmd_tls.o)
                0x08000610                __aeabi_ldiv0
                0x08000610                __aeabi_idiv0
 *(.text*)
 .text.MX_GPDMA1_Init
                0x08000614       0x58 ./Core/Src/gpdma.o
                0x08000614                MX_GPDMA1_Init
 .text.MX_GPIO_Init
                0x0800066c       0xac ./Core/Src/gpio.o
                0x0800066c                MX_GPIO_Init
 .text.SystemClock_Config
                0x08000718       0xa4 ./Core/Src/main.o
                0x08000718                SystemClock_Config
 .text.startup.main
                0x080007bc       0xc0 ./Core/Src/main.o
                0x080007bc                main
 .text.Error_Handler
                0x0800087c        0x4 ./Core/Src/main.o
                0x0800087c                Error_Handler
 .text.MX_SPI1_Init
                0x08000880       0x5c ./Core/Src/spi.o
                0x08000880                MX_SPI1_Init
 .text.HAL_SPI_MspInit
                0x080008dc      0x10c ./Core/Src/spi.o
                0x080008dc                HAL_SPI_MspInit
 .text.HAL_SPI_TxCpltCallback
                0x080009e8       0x1c ./Core/Src/spi.o
                0x080009e8                HAL_SPI_TxCpltCallback
 .text.HAL_MspInit
                0x08000a04        0x2 ./Core/Src/stm32h5xx_hal_msp.o
                0x08000a04                HAL_MspInit
 *fill*         0x08000a06        0x2 
 .text.NMI_Handler
                0x08000a08       0x90 ./Core/Src/stm32h5xx_it.o
                0x08000a08                NMI_Handler
 .text.HardFault_Handler
                0x08000a98       0x10 ./Core/Src/stm32h5xx_it.o
                0x08000a98                HardFault_Handler
 .text.MemManage_Handler
                0x08000aa8        0x2 ./Core/Src/stm32h5xx_it.o
                0x08000aa8                MemManage_Handler
 .text.BusFault_Handler
                0x08000aaa        0x2 ./Core/Src/stm32h5xx_it.o
                0x08000aaa                BusFault_Handler
 .text.UsageFault_Handler
                0x08000aac        0x2 ./Core/Src/stm32h5xx_it.o
                0x08000aac                UsageFault_Handler
 .text.SVC_Handler
                0x08000aae        0x2 ./Core/Src/stm32h5xx_it.o
                0x08000aae                SVC_Handler
 .text.DebugMon_Handler
                0x08000ab0        0x2 ./Core/Src/stm32h5xx_it.o
                0x08000ab0                DebugMon_Handler
 .text.PendSV_Handler
                0x08000ab2        0x2 ./Core/Src/stm32h5xx_it.o
                0x08000ab2                PendSV_Handler
 .text.SysTick_Handler
                0x08000ab4        0x4 ./Core/Src/stm32h5xx_it.o
                0x08000ab4                SysTick_Handler
 .text.GPDMA1_Channel0_IRQHandler
                0x08000ab8        0xc ./Core/Src/stm32h5xx_it.o
                0x08000ab8                GPDMA1_Channel0_IRQHandler
 .text.GPDMA1_Channel1_IRQHandler
                0x08000ac4        0xc ./Core/Src/stm32h5xx_it.o
                0x08000ac4                GPDMA1_Channel1_IRQHandler
 .text.GPDMA1_Channel2_IRQHandler
                0x08000ad0        0xc ./Core/Src/stm32h5xx_it.o
                0x08000ad0                GPDMA1_Channel2_IRQHandler
 .text.SPI1_IRQHandler
                0x08000adc        0xc ./Core/Src/stm32h5xx_it.o
                0x08000adc                SPI1_IRQHandler
 .text.USART1_IRQHandler
                0x08000ae8        0xc ./Core/Src/stm32h5xx_it.o
                0x08000ae8                USART1_IRQHandler
 .text.SystemInit
                0x08000af4       0x8c ./Core/Src/system_stm32h5xx.o
                0x08000af4                SystemInit
 .text.MX_USART1_UART_Init
                0x08000b80       0x68 ./Core/Src/usart.o
                0x08000b80                MX_USART1_UART_Init
 .text.HAL_UART_MspInit
                0x08000be8      0x174 ./Core/Src/usart.o
                0x08000be8                HAL_UART_MspInit
 .text.HAL_UART_MspDeInit
                0x08000d5c       0x48 ./Core/Src/usart.o
                0x08000d5c                HAL_UART_MspDeInit
 .text.HAL_UART_ErrorCallback
                0x08000da4       0x58 ./Core/Src/usart.o
                0x08000da4                HAL_UART_ErrorCallback
 .text.HAL_UARTEx_RxEventCallback
                0x08000dfc       0x34 ./Core/Src/usart.o
                0x08000dfc                HAL_UARTEx_RxEventCallback
 .text.Reset_Handler
                0x08000e30       0x50 ./Core/Startup/startup_stm32h503cbtx.o
                0x08000e30                Reset_Handler
 .text.Default_Handler
                0x08000e80        0x2 ./Core/Startup/startup_stm32h503cbtx.o
                0x08000e80                EXTI2_IRQHandler
                0x08000e80                EXTI5_IRQHandler
                0x08000e80                I3C1_ER_IRQHandler
                0x08000e80                GPDMA2_Channel1_IRQHandler
                0x08000e80                EXTI13_IRQHandler
                0x08000e80                TIM1_CC_IRQHandler
                0x08000e80                GPDMA2_Channel3_IRQHandler
                0x08000e80                TAMP_IRQHandler
                0x08000e80                TIM6_IRQHandler
                0x08000e80                EXTI12_IRQHandler
                0x08000e80                USB_DRD_FS_IRQHandler
                0x08000e80                EXTI3_IRQHandler
                0x08000e80                GPDMA1_Channel5_IRQHandler
                0x08000e80                EXTI8_IRQHandler
                0x08000e80                GPDMA2_Channel5_IRQHandler
                0x08000e80                LPTIM2_IRQHandler
                0x08000e80                GPDMA2_Channel2_IRQHandler
                0x08000e80                EXTI0_IRQHandler
                0x08000e80                I2C2_EV_IRQHandler
                0x08000e80                FPU_IRQHandler
                0x08000e80                GPDMA1_Channel3_IRQHandler
                0x08000e80                GPDMA1_Channel7_IRQHandler
                0x08000e80                FDCAN1_IT1_IRQHandler
                0x08000e80                RAMCFG_IRQHandler
                0x08000e80                ADC1_IRQHandler
                0x08000e80                I3C2_ER_IRQHandler
                0x08000e80                EXTI15_IRQHandler
                0x08000e80                USART3_IRQHandler
                0x08000e80                RTC_IRQHandler
                0x08000e80                EXTI9_IRQHandler
                0x08000e80                I3C2_EV_IRQHandler
                0x08000e80                I2C1_EV_IRQHandler
                0x08000e80                TIM3_IRQHandler
                0x08000e80                RCC_IRQHandler
                0x08000e80                TIM1_TRG_COM_IRQHandler
                0x08000e80                Default_Handler
                0x08000e80                GPDMA2_Channel4_IRQHandler
                0x08000e80                TIM7_IRQHandler
                0x08000e80                I3C1_EV_IRQHandler
                0x08000e80                PVD_AVD_IRQHandler
                0x08000e80                SPI2_IRQHandler
                0x08000e80                EXTI14_IRQHandler
                0x08000e80                EXTI11_IRQHandler
                0x08000e80                CRS_IRQHandler
                0x08000e80                EXTI4_IRQHandler
                0x08000e80                GPDMA2_Channel0_IRQHandler
                0x08000e80                RNG_IRQHandler
                0x08000e80                GPDMA2_Channel6_IRQHandler
                0x08000e80                TIM1_UP_IRQHandler
                0x08000e80                WWDG_IRQHandler
                0x08000e80                IWDG_IRQHandler
                0x08000e80                LPUART1_IRQHandler
                0x08000e80                FDCAN1_IT0_IRQHandler
                0x08000e80                TIM2_IRQHandler
                0x08000e80                GPDMA1_Channel4_IRQHandler
                0x08000e80                EXTI7_IRQHandler
                0x08000e80                TIM1_BRK_IRQHandler
                0x08000e80                EXTI1_IRQHandler
                0x08000e80                DAC1_IRQHandler
                0x08000e80                DTS_IRQHandler
                0x08000e80                GTZC_IRQHandler
                0x08000e80                USART2_IRQHandler
                0x08000e80                GPDMA1_Channel6_IRQHandler
                0x08000e80                GPDMA2_Channel7_IRQHandler
                0x08000e80                I2C2_ER_IRQHandler
                0x08000e80                FLASH_IRQHandler
                0x08000e80                EXTI10_IRQHandler
                0x08000e80                SPI3_IRQHandler
                0x08000e80                I2C1_ER_IRQHandler
                0x08000e80                EXTI6_IRQHandler
                0x08000e80                COMP1_IRQHandler
                0x08000e80                LPTIM1_IRQHandler
                0x08000e80                ICACHE_IRQHandler
                0x08000e80                HASH_IRQHandler
 .text.HAL_MspDeInit
                0x08000e82        0x2 ./Drivers/STM32H5xx_HAL_Driver/Src/stm32h5xx_hal.o
                0x08000e82                HAL_MspDeInit
 .text.HAL_DeInit
                0x08000e84       0x54 ./Drivers/STM32H5xx_HAL_Driver/Src/stm32h5xx_hal.o
                0x08000e84                HAL_DeInit
 .text.HAL_InitTick
                0x08000ed8       0x90 ./Drivers/STM32H5xx_HAL_Driver/Src/stm32h5xx_hal.o
                0x08000ed8                HAL_InitTick
 .text.HAL_Init
                0x08000f68       0x48 ./Drivers/STM32H5xx_HAL_Driver/Src/stm32h5xx_hal.o
                0x08000f68                HAL_Init
 .text.HAL_IncTick
                0x08000fb0       0x18 ./Drivers/STM32H5xx_HAL_Driver/Src/stm32h5xx_hal.o
                0x08000fb0                HAL_IncTick
 .text.HAL_GetTick
                0x08000fc8        0xc ./Drivers/STM32H5xx_HAL_Driver/Src/stm32h5xx_hal.o
                0x08000fc8                HAL_GetTick
 .text.HAL_Delay
                0x08000fd4       0x24 ./Drivers/STM32H5xx_HAL_Driver/Src/stm32h5xx_hal.o
                0x08000fd4                HAL_Delay
 .text.HAL_NVIC_SetPriorityGrouping
                0x08000ff8       0x24 ./Drivers/STM32H5xx_HAL_Driver/Src/stm32h5xx_hal_cortex.o
                0x08000ff8                HAL_NVIC_SetPriorityGrouping
 .text.HAL_NVIC_SetPriority
                0x0800101c       0x60 ./Drivers/STM32H5xx_HAL_Driver/Src/stm32h5xx_hal_cortex.o
                0x0800101c                HAL_NVIC_SetPriority
 .text.HAL_NVIC_EnableIRQ
                0x0800107c       0x1c ./Drivers/STM32H5xx_HAL_Driver/Src/stm32h5xx_hal_cortex.o
                0x0800107c                HAL_NVIC_EnableIRQ
 .text.HAL_NVIC_DisableIRQ
                0x08001098       0x24 ./Drivers/STM32H5xx_HAL_Driver/Src/stm32h5xx_hal_cortex.o
                0x08001098                HAL_NVIC_DisableIRQ
 .text.HAL_SYSTICK_Config
                0x080010bc       0x20 ./Drivers/STM32H5xx_HAL_Driver/Src/stm32h5xx_hal_cortex.o
                0x080010bc                HAL_SYSTICK_Config
 .text.HAL_SYSTICK_CLKSourceConfig
                0x080010dc       0x74 ./Drivers/STM32H5xx_HAL_Driver/Src/stm32h5xx_hal_cortex.o
                0x080010dc                HAL_SYSTICK_CLKSourceConfig
 .text.HAL_SYSTICK_GetCLKSourceConfig
                0x08001150       0x30 ./Drivers/STM32H5xx_HAL_Driver/Src/stm32h5xx_hal_cortex.o
                0x08001150                HAL_SYSTICK_GetCLKSourceConfig
 .text.HAL_DMA_Init
                0x08001180      0x1dc ./Drivers/STM32H5xx_HAL_Driver/Src/stm32h5xx_hal_dma.o
                0x08001180                HAL_DMA_Init
 .text.HAL_DMA_DeInit
                0x0800135c       0xb4 ./Drivers/STM32H5xx_HAL_Driver/Src/stm32h5xx_hal_dma.o
                0x0800135c                HAL_DMA_DeInit
 .text.HAL_DMA_Start_IT
                0x08001410       0x7a ./Drivers/STM32H5xx_HAL_Driver/Src/stm32h5xx_hal_dma.o
                0x08001410                HAL_DMA_Start_IT
 .text.HAL_DMA_Abort
                0x0800148a       0x94 ./Drivers/STM32H5xx_HAL_Driver/Src/stm32h5xx_hal_dma.o
                0x0800148a                HAL_DMA_Abort
 .text.HAL_DMA_Abort_IT
                0x0800151e       0x2a ./Drivers/STM32H5xx_HAL_Driver/Src/stm32h5xx_hal_dma.o
                0x0800151e                HAL_DMA_Abort_IT
 .text.HAL_DMA_IRQHandler
                0x08001548      0x17e ./Drivers/STM32H5xx_HAL_Driver/Src/stm32h5xx_hal_dma.o
                0x08001548                HAL_DMA_IRQHandler
 .text.HAL_DMA_GetError
                0x080016c6        0x4 ./Drivers/STM32H5xx_HAL_Driver/Src/stm32h5xx_hal_dma.o
                0x080016c6                HAL_DMA_GetError
 .text.HAL_DMA_ConfigChannelAttributes
                0x080016ca       0x3c ./Drivers/STM32H5xx_HAL_Driver/Src/stm32h5xx_hal_dma.o
                0x080016ca                HAL_DMA_ConfigChannelAttributes
 *fill*         0x08001706        0x2 
 .text.DMA_List_GetCLLRNodeInfo.isra.0
                0x08001708       0x28 ./Drivers/STM32H5xx_HAL_Driver/Src/stm32h5xx_hal_dma_ex.o
 .text.HAL_DMAEx_List_Start_IT
                0x08001730       0xa8 ./Drivers/STM32H5xx_HAL_Driver/Src/stm32h5xx_hal_dma_ex.o
                0x08001730                HAL_DMAEx_List_Start_IT
 .text.FLASH_Program_QuadWord
                0x080017d8       0x28 ./Drivers/STM32H5xx_HAL_Driver/Src/stm32h5xx_hal_flash.o
 .text.HAL_FLASH_Unlock
                0x08001800       0x24 ./Drivers/STM32H5xx_HAL_Driver/Src/stm32h5xx_hal_flash.o
                0x08001800                HAL_FLASH_Unlock
 .text.HAL_FLASH_Lock
                0x08001824       0x18 ./Drivers/STM32H5xx_HAL_Driver/Src/stm32h5xx_hal_flash.o
                0x08001824                HAL_FLASH_Lock
 .text.FLASH_WaitForLastOperation
                0x0800183c       0x58 ./Drivers/STM32H5xx_HAL_Driver/Src/stm32h5xx_hal_flash.o
                0x0800183c                FLASH_WaitForLastOperation
 .text.HAL_FLASH_Program
                0x08001894       0x5c ./Drivers/STM32H5xx_HAL_Driver/Src/stm32h5xx_hal_flash.o
                0x08001894                HAL_FLASH_Program
 .text.FLASH_MassErase
                0x080018f0       0x44 ./Drivers/STM32H5xx_HAL_Driver/Src/stm32h5xx_hal_flash_ex.o
 .text.FLASH_Erase_Sector
                0x08001934       0x38 ./Drivers/STM32H5xx_HAL_Driver/Src/stm32h5xx_hal_flash_ex.o
                0x08001934                FLASH_Erase_Sector
 .text.HAL_FLASHEx_Erase
                0x0800196c       0x9c ./Drivers/STM32H5xx_HAL_Driver/Src/stm32h5xx_hal_flash_ex.o
                0x0800196c                HAL_FLASHEx_Erase
 .text.HAL_GPIO_Init
                0x08001a08      0x150 ./Drivers/STM32H5xx_HAL_Driver/Src/stm32h5xx_hal_gpio.o
                0x08001a08                HAL_GPIO_Init
 .text.HAL_GPIO_DeInit
                0x08001b58       0xd0 ./Drivers/STM32H5xx_HAL_Driver/Src/stm32h5xx_hal_gpio.o
                0x08001b58                HAL_GPIO_DeInit
 .text.HAL_GPIO_WritePin
                0x08001c28        0xa ./Drivers/STM32H5xx_HAL_Driver/Src/stm32h5xx_hal_gpio.o
                0x08001c28                HAL_GPIO_WritePin
 *fill*         0x08001c32        0x2 
 .text.HAL_RCC_GetSysClockFreq
                0x08001c34      0x158 ./Drivers/STM32H5xx_HAL_Driver/Src/stm32h5xx_hal_rcc.o
                0x08001c34                HAL_RCC_GetSysClockFreq
 .text.HAL_RCC_ClockConfig
                0x08001d8c      0x240 ./Drivers/STM32H5xx_HAL_Driver/Src/stm32h5xx_hal_rcc.o
                0x08001d8c                HAL_RCC_ClockConfig
 .text.HAL_RCC_GetHCLKFreq
                0x08001fcc       0x2c ./Drivers/STM32H5xx_HAL_Driver/Src/stm32h5xx_hal_rcc.o
                0x08001fcc                HAL_RCC_GetHCLKFreq
 .text.HAL_RCC_OscConfig
                0x08001ff8      0x568 ./Drivers/STM32H5xx_HAL_Driver/Src/stm32h5xx_hal_rcc.o
                0x08001ff8                HAL_RCC_OscConfig
 .text.HAL_RCC_GetPCLK1Freq
                0x08002560       0x24 ./Drivers/STM32H5xx_HAL_Driver/Src/stm32h5xx_hal_rcc.o
                0x08002560                HAL_RCC_GetPCLK1Freq
 .text.HAL_RCC_GetPCLK2Freq
                0x08002584       0x24 ./Drivers/STM32H5xx_HAL_Driver/Src/stm32h5xx_hal_rcc.o
                0x08002584                HAL_RCC_GetPCLK2Freq
 .text.HAL_RCC_GetPCLK3Freq
                0x080025a8       0x24 ./Drivers/STM32H5xx_HAL_Driver/Src/stm32h5xx_hal_rcc.o
                0x080025a8                HAL_RCC_GetPCLK3Freq
 .text.RCCEx_PLL2_Config
                0x080025cc       0xd4 ./Drivers/STM32H5xx_HAL_Driver/Src/stm32h5xx_hal_rcc_ex.o
 .text.HAL_RCCEx_PeriphCLKConfig
                0x080026a0      0x668 ./Drivers/STM32H5xx_HAL_Driver/Src/stm32h5xx_hal_rcc_ex.o
                0x080026a0                HAL_RCCEx_PeriphCLKConfig
 .text.HAL_RCCEx_GetPLL1ClockFreq
                0x08002d08      0x13c ./Drivers/STM32H5xx_HAL_Driver/Src/stm32h5xx_hal_rcc_ex.o
                0x08002d08                HAL_RCCEx_GetPLL1ClockFreq
 .text.HAL_RCCEx_GetPLL2ClockFreq
                0x08002e44      0x13c ./Drivers/STM32H5xx_HAL_Driver/Src/stm32h5xx_hal_rcc_ex.o
                0x08002e44                HAL_RCCEx_GetPLL2ClockFreq
 .text.HAL_RCCEx_GetPeriphCLKFreq
                0x08002f80      0x600 ./Drivers/STM32H5xx_HAL_Driver/Src/stm32h5xx_hal_rcc_ex.o
                0x08002f80                HAL_RCCEx_GetPeriphCLKFreq
 .text.SPI_CloseTransfer
                0x08003580       0xac ./Drivers/STM32H5xx_HAL_Driver/Src/stm32h5xx_hal_spi.o
 .text.HAL_SPI_Init
                0x0800362c      0x130 ./Drivers/STM32H5xx_HAL_Driver/Src/stm32h5xx_hal_spi.o
                0x0800362c                HAL_SPI_Init
 .text.HAL_SPI_Transmit_DMA
                0x0800375c      0x1ac ./Drivers/STM32H5xx_HAL_Driver/Src/stm32h5xx_hal_spi.o
                0x0800375c                HAL_SPI_Transmit_DMA
 .text.SPI_DMATransmitCplt
                0x08003908       0x28 ./Drivers/STM32H5xx_HAL_Driver/Src/stm32h5xx_hal_spi.o
 .text.HAL_SPI_RxCpltCallback
                0x08003930        0x2 ./Drivers/STM32H5xx_HAL_Driver/Src/stm32h5xx_hal_spi.o
                0x08003930                HAL_SPI_RxCpltCallback
 .text.HAL_SPI_TxRxCpltCallback
                0x08003932        0x2 ./Drivers/STM32H5xx_HAL_Driver/Src/stm32h5xx_hal_spi.o
                0x08003932                HAL_SPI_TxRxCpltCallback
 .text.HAL_SPI_TxHalfCpltCallback
                0x08003934        0x2 ./Drivers/STM32H5xx_HAL_Driver/Src/stm32h5xx_hal_spi.o
                0x08003934                HAL_SPI_TxHalfCpltCallback
 .text.SPI_DMAHalfTransmitCplt
                0x08003936        0xa ./Drivers/STM32H5xx_HAL_Driver/Src/stm32h5xx_hal_spi.o
 .text.HAL_SPI_ErrorCallback
                0x08003940        0x2 ./Drivers/STM32H5xx_HAL_Driver/Src/stm32h5xx_hal_spi.o
                0x08003940                HAL_SPI_ErrorCallback
 .text.SPI_DMAError
                0x08003942       0x28 ./Drivers/STM32H5xx_HAL_Driver/Src/stm32h5xx_hal_spi.o
 .text.SPI_DMAAbortOnError
                0x0800396a       0x1a ./Drivers/STM32H5xx_HAL_Driver/Src/stm32h5xx_hal_spi.o
 .text.HAL_SPI_SuspendCallback
                0x08003984        0x2 ./Drivers/STM32H5xx_HAL_Driver/Src/stm32h5xx_hal_spi.o
                0x08003984                HAL_SPI_SuspendCallback
 *fill*         0x08003986        0x2 
 .text.HAL_SPI_IRQHandler
                0x08003988      0x20c ./Drivers/STM32H5xx_HAL_Driver/Src/stm32h5xx_hal_spi.o
                0x08003988                HAL_SPI_IRQHandler
 .text.HAL_SPI_GetState
                0x08003b94        0x6 ./Drivers/STM32H5xx_HAL_Driver/Src/stm32h5xx_hal_spi.o
                0x08003b94                HAL_SPI_GetState
 .text.UART_EndTxTransfer
                0x08003b9a       0x34 ./Drivers/STM32H5xx_HAL_Driver/Src/stm32h5xx_hal_uart.o
 *fill*         0x08003bce        0x2 
 .text.UART_EndRxTransfer
                0x08003bd0       0x58 ./Drivers/STM32H5xx_HAL_Driver/Src/stm32h5xx_hal_uart.o
 .text.HAL_UART_Abort
                0x08003c28       0xd0 ./Drivers/STM32H5xx_HAL_Driver/Src/stm32h5xx_hal_uart.o
                0x08003c28                HAL_UART_Abort
 .text.HAL_UART_AbortReceive
                0x08003cf8       0x94 ./Drivers/STM32H5xx_HAL_Driver/Src/stm32h5xx_hal_uart.o
                0x08003cf8                HAL_UART_AbortReceive
 .text.HAL_UART_TxCpltCallback
                0x08003d8c        0x2 ./Drivers/STM32H5xx_HAL_Driver/Src/stm32h5xx_hal_uart.o
                0x08003d8c                HAL_UART_TxCpltCallback
 .text.HAL_UART_RxCpltCallback
                0x08003d8e        0x2 ./Drivers/STM32H5xx_HAL_Driver/Src/stm32h5xx_hal_uart.o
                0x08003d8e                HAL_UART_RxCpltCallback
 .text.HAL_UART_RxHalfCpltCallback
                0x08003d90        0x2 ./Drivers/STM32H5xx_HAL_Driver/Src/stm32h5xx_hal_uart.o
                0x08003d90                HAL_UART_RxHalfCpltCallback
 .text.UART_DMAError
                0x08003d92       0x48 ./Drivers/STM32H5xx_HAL_Driver/Src/stm32h5xx_hal_uart.o
 .text.UART_DMAAbortOnError
                0x08003dda       0x10 ./Drivers/STM32H5xx_HAL_Driver/Src/stm32h5xx_hal_uart.o
 .text.HAL_UART_AbortReceiveCpltCallback
                0x08003dea        0x2 ./Drivers/STM32H5xx_HAL_Driver/Src/stm32h5xx_hal_uart.o
                0x08003dea                HAL_UART_AbortReceiveCpltCallback
 .text.HAL_UART_AbortReceive_IT
                0x08003dec       0xa8 ./Drivers/STM32H5xx_HAL_Driver/Src/stm32h5xx_hal_uart.o
                0x08003dec                HAL_UART_AbortReceive_IT
 .text.UART_DMARxOnlyAbortCallback
                0x08003e94       0x26 ./Drivers/STM32H5xx_HAL_Driver/Src/stm32h5xx_hal_uart.o
 *fill*         0x08003eba        0x2 
 .text.HAL_UART_IRQHandler
                0x08003ebc      0x2c4 ./Drivers/STM32H5xx_HAL_Driver/Src/stm32h5xx_hal_uart.o
                0x08003ebc                HAL_UART_IRQHandler
 .text.UART_DMARxHalfCplt
                0x08004180       0x3c ./Drivers/STM32H5xx_HAL_Driver/Src/stm32h5xx_hal_uart.o
 .text.UART_DMAReceiveCplt
                0x080041bc       0x8e ./Drivers/STM32H5xx_HAL_Driver/Src/stm32h5xx_hal_uart.o
 *fill*         0x0800424a        0x2 
 .text.UART_SetConfig
                0x0800424c      0x174 ./Drivers/STM32H5xx_HAL_Driver/Src/stm32h5xx_hal_uart.o
                0x0800424c                UART_SetConfig
 .text.UART_AdvFeatureConfig
                0x080043c0       0xaa ./Drivers/STM32H5xx_HAL_Driver/Src/stm32h5xx_hal_uart.o
                0x080043c0                UART_AdvFeatureConfig
 .text.UART_WaitOnFlagUntilTimeout
                0x0800446a       0x90 ./Drivers/STM32H5xx_HAL_Driver/Src/stm32h5xx_hal_uart.o
                0x0800446a                UART_WaitOnFlagUntilTimeout
 .text.HAL_UART_Transmit
                0x080044fa       0xba ./Drivers/STM32H5xx_HAL_Driver/Src/stm32h5xx_hal_uart.o
                0x080044fa                HAL_UART_Transmit
 .text.UART_CheckIdleState
                0x080045b4       0xb6 ./Drivers/STM32H5xx_HAL_Driver/Src/stm32h5xx_hal_uart.o
                0x080045b4                UART_CheckIdleState
 .text.HAL_UART_Init
                0x0800466a       0x60 ./Drivers/STM32H5xx_HAL_Driver/Src/stm32h5xx_hal_uart.o
                0x0800466a                HAL_UART_Init
 *fill*         0x080046ca        0x2 
 .text.UART_Start_Receive_DMA
                0x080046cc       0xd0 ./Drivers/STM32H5xx_HAL_Driver/Src/stm32h5xx_hal_uart.o
                0x080046cc                UART_Start_Receive_DMA
 .text.UARTEx_SetNbDataToProcess
                0x0800479c       0x44 ./Drivers/STM32H5xx_HAL_Driver/Src/stm32h5xx_hal_uart_ex.o
 .text.HAL_UARTEx_WakeupCallback
                0x080047e0        0x2 ./Drivers/STM32H5xx_HAL_Driver/Src/stm32h5xx_hal_uart_ex.o
                0x080047e0                HAL_UARTEx_WakeupCallback
 .text.HAL_UARTEx_RxFifoFullCallback
                0x080047e2        0x2 ./Drivers/STM32H5xx_HAL_Driver/Src/stm32h5xx_hal_uart_ex.o
                0x080047e2                HAL_UARTEx_RxFifoFullCallback
 .text.HAL_UARTEx_TxFifoEmptyCallback
                0x080047e4        0x2 ./Drivers/STM32H5xx_HAL_Driver/Src/stm32h5xx_hal_uart_ex.o
                0x080047e4                HAL_UARTEx_TxFifoEmptyCallback
 .text.HAL_UARTEx_EnableFifoMode
                0x080047e6       0x40 ./Drivers/STM32H5xx_HAL_Driver/Src/stm32h5xx_hal_uart_ex.o
                0x080047e6                HAL_UARTEx_EnableFifoMode
 .text.HAL_UARTEx_SetTxFifoThreshold
                0x08004826       0x40 ./Drivers/STM32H5xx_HAL_Driver/Src/stm32h5xx_hal_uart_ex.o
                0x08004826                HAL_UARTEx_SetTxFifoThreshold
 .text.HAL_UARTEx_SetRxFifoThreshold
                0x08004866       0x40 ./Drivers/STM32H5xx_HAL_Driver/Src/stm32h5xx_hal_uart_ex.o
                0x08004866                HAL_UARTEx_SetRxFifoThreshold
 .text.HAL_UARTEx_ReceiveToIdle_DMA
                0x080048a6       0x4a ./Drivers/STM32H5xx_HAL_Driver/Src/stm32h5xx_hal_uart_ex.o
                0x080048a6                HAL_UARTEx_ReceiveToIdle_DMA
 .text.LCD_ShowStringDMA.part.0
                0x080048f0       0xa8 ./HARDWARE/LCD/Src/lcd_boot.o
 .text.app_upgrade_start
                0x08004998       0x5c ./HARDWARE/LCD/Src/lcd_boot.o
                0x08004998                app_upgrade_start
 .text.app_upgrade_progress_tick
                0x080049f4       0x44 ./HARDWARE/LCD/Src/lcd_boot.o
                0x080049f4                app_upgrade_progress_tick
 .text.LCD_Address_Set
                0x08004a38       0x5c ./HARDWARE/LCD/Src/lcd_init.o
                0x08004a38                LCD_Address_Set
 .text.LCD_Fill
                0x08004a94       0x68 ./HARDWARE/LCD/Src/lcd_init.o
                0x08004a94                LCD_Fill
 .text.LCD_Init
                0x08004afc     0x3274 ./HARDWARE/LCD/Src/lcd_init.o
                0x08004afc                LCD_Init
 .text.LCD_GPIOInit
                0x08007d70       0x68 ./HARDWARE/LCD/Src/spi_func.o
                0x08007d70                LCD_GPIOInit
 .text.LCD_WR_Bus
                0x08007dd8       0x1c ./HARDWARE/LCD/Src/spi_func.o
                0x08007dd8                LCD_WR_Bus
 .text.LCD_WR_REG
                0x08007df4       0x1c ./HARDWARE/LCD/Src/spi_func.o
                0x08007df4                LCD_WR_REG
 .text.LCD_WR_DATA8
                0x08007e10       0x1c ./HARDWARE/LCD/Src/spi_func.o
                0x08007e10                LCD_WR_DATA8
 .text.LCD_WR_Busbuf
                0x08007e2c       0x34 ./HARDWARE/LCD/Src/spi_func.o
                0x08007e2c                LCD_WR_Busbuf
 .text.IAP_Init
                0x08007e60       0x20 ./IAP/src/iap.o
                0x08007e60                IAP_Init
 .text.IAP_RunApp
                0x08007e80       0x84 ./IAP/src/iap.o
                0x08007e80                IAP_RunApp
 .text.IAP_Update
                0x08007f04      0x170 ./IAP/src/iap.o
                0x08007f04                IAP_Update
 .text.Config_Read
                0x08008074       0x2c ./IAP/src/iap_image.o
                0x08008074                Config_Read
 .text.Config_Write
                0x080080a0       0x9c ./IAP/src/iap_image.o
                0x080080a0                Config_Write
 .text.Config_Init
                0x0800813c       0x6c ./IAP/src/iap_image.o
                0x0800813c                Config_Init
 .text.Calculate_Image_CRC
                0x080081a8       0x10 ./IAP/src/iap_image.o
                0x080081a8                Calculate_Image_CRC
 .text.Erase_Image
                0x080081b8       0x52 ./IAP/src/iap_image.o
                0x080081b8                Erase_Image
 *fill*         0x0800820a        0x2 
 .text.crc32_calc
                0x0800820c       0x28 ./IAP/src/protocol.o
                0x0800820c                crc32_calc
 .text.crc32_c  0x08008234        0xe ./IAP/src/protocol.o
                0x08008234                crc32_c
 .text.decode_escape
                0x08008242       0x3e ./IAP/src/protocol.o
                0x08008242                decode_escape
 .text.encode_escape
                0x08008280       0x44 ./IAP/src/protocol.o
                0x08008280                encode_escape
 .text.Protocol_IAP_Init
                0x080082c4       0xac ./IAP/src/protocol.o
                0x080082c4                Protocol_IAP_Init
 .text.Protocol_IAP_GetProgress
                0x08008370        0xc ./IAP/src/protocol.o
                0x08008370                Protocol_IAP_GetProgress
 .text.Protocol_IAP_GetCurrentPageIndex
                0x0800837c        0xc ./IAP/src/protocol.o
                0x0800837c                Protocol_IAP_GetCurrentPageIndex
 .text.send_protocol_frame
                0x08008388       0xc4 ./IAP/src/protocol.o
                0x08008388                send_protocol_frame
 .text.parse_byte
                0x0800844c      0x1b0 ./IAP/src/protocol.o
                0x0800844c                parse_byte
 .text.Protocol_Receive
                0x080085fc       0x94 ./IAP/src/protocol.o
                0x080085fc                Protocol_Receive
 .text.STMFLASH_Write_NoCheck.part.0
                0x08008690       0x84 ./IAP/src/stmflash.o
 .text.STMFLASH_Read
                0x08008714       0x14 ./IAP/src/stmflash.o
                0x08008714                STMFLASH_Read
 .text.STMFLASH_Write
                0x08008728      0x134 ./IAP/src/stmflash.o
                0x08008728                STMFLASH_Write
 .text.memset   0x0800885c       0x10 /opt/st/stm32cubeide_1.19.0/plugins/com.st.stm32cube.ide.mcu.externaltools.gnu-tools-for-stm32.13.3.rel1.linux64_1.0.0.202410170706/tools/bin/../lib/gcc/arm-none-eabi/13.3.1/../../../../arm-none-eabi/lib/thumb/v8-m.main+fp/hard/libc_nano.a(libc_a-memset.o)
                0x0800885c                memset
 .text.__libc_init_array
                0x0800886c       0x48 /opt/st/stm32cubeide_1.19.0/plugins/com.st.stm32cube.ide.mcu.externaltools.gnu-tools-for-stm32.13.3.rel1.linux64_1.0.0.202410170706/tools/bin/../lib/gcc/arm-none-eabi/13.3.1/../../../../arm-none-eabi/lib/thumb/v8-m.main+fp/hard/libc_nano.a(libc_a-init.o)
                0x0800886c                __libc_init_array
 .text.memcpy   0x080088b4       0x1a /opt/st/stm32cubeide_1.19.0/plugins/com.st.stm32cube.ide.mcu.externaltools.gnu-tools-for-stm32.13.3.rel1.linux64_1.0.0.202410170706/tools/bin/../lib/gcc/arm-none-eabi/13.3.1/../../../../arm-none-eabi/lib/thumb/v8-m.main+fp/hard/libc_nano.a(libc_a-memcpy-stub.o)
                0x080088b4                memcpy
 *(.glue_7)
 .glue_7        0x080088ce        0x0 linker stubs
 *(.glue_7t)
 .glue_7t       0x080088ce        0x0 linker stubs
 *(.eh_frame)
 *fill*         0x080088ce        0x2 
 .eh_frame      0x080088d0        0x0 /opt/st/stm32cubeide_1.19.0/plugins/com.st.stm32cube.ide.mcu.externaltools.gnu-tools-for-stm32.13.3.rel1.linux64_1.0.0.202410170706/tools/bin/../lib/gcc/arm-none-eabi/13.3.1/thumb/v8-m.main+fp/hard/crtbegin.o
 *(.init)
 .init          0x080088d0        0x4 /opt/st/stm32cubeide_1.19.0/plugins/com.st.stm32cube.ide.mcu.externaltools.gnu-tools-for-stm32.13.3.rel1.linux64_1.0.0.202410170706/tools/bin/../lib/gcc/arm-none-eabi/13.3.1/thumb/v8-m.main+fp/hard/crti.o
                0x080088d0                _init
 .init          0x080088d4        0x8 /opt/st/stm32cubeide_1.19.0/plugins/com.st.stm32cube.ide.mcu.externaltools.gnu-tools-for-stm32.13.3.rel1.linux64_1.0.0.202410170706/tools/bin/../lib/gcc/arm-none-eabi/13.3.1/thumb/v8-m.main+fp/hard/crtn.o
 *(.fini)
 .fini          0x080088dc        0x4 /opt/st/stm32cubeide_1.19.0/plugins/com.st.stm32cube.ide.mcu.externaltools.gnu-tools-for-stm32.13.3.rel1.linux64_1.0.0.202410170706/tools/bin/../lib/gcc/arm-none-eabi/13.3.1/thumb/v8-m.main+fp/hard/crti.o
                0x080088dc                _fini
 .fini          0x080088e0        0x8 /opt/st/stm32cubeide_1.19.0/plugins/com.st.stm32cube.ide.mcu.externaltools.gnu-tools-for-stm32.13.3.rel1.linux64_1.0.0.202410170706/tools/bin/../lib/gcc/arm-none-eabi/13.3.1/thumb/v8-m.main+fp/hard/crtn.o
                0x080088e8                        . = ALIGN (0x4)
                0x080088e8                        _etext = .

.vfp11_veneer   0x080088e8        0x0
 .vfp11_veneer  0x080088e8        0x0 linker stubs

.v4_bx          0x080088e8        0x0
 .v4_bx         0x080088e8        0x0 linker stubs

.iplt           0x080088e8        0x0
 .iplt          0x080088e8        0x0 /opt/st/stm32cubeide_1.19.0/plugins/com.st.stm32cube.ide.mcu.externaltools.gnu-tools-for-stm32.13.3.rel1.linux64_1.0.0.202410170706/tools/bin/../lib/gcc/arm-none-eabi/13.3.1/thumb/v8-m.main+fp/hard/crtbegin.o

.rodata         0x080088e8     0x1c38
                0x080088e8                        . = ALIGN (0x4)
 *(.rodata)
 *(.rodata*)
 .rodata.main.str1.1
                0x080088e8       0x27 ./Core/Src/main.o
                                 0x17 (size before relaxing)
 .rodata.APBPrescTable
                0x0800890f        0x8 ./Core/Src/system_stm32h5xx.o
                0x0800890f                APBPrescTable
 .rodata.AHBPrescTable
                0x08008917       0x10 ./Core/Src/system_stm32h5xx.o
                0x08008917                AHBPrescTable
 *fill*         0x08008927        0x1 
 .rodata.UARTPrescTable
                0x08008928       0x18 ./Drivers/STM32H5xx_HAL_Driver/Src/stm32h5xx_hal_uart.o
                0x08008928                UARTPrescTable
 .rodata.denominator.0
                0x08008940        0x8 ./Drivers/STM32H5xx_HAL_Driver/Src/stm32h5xx_hal_uart_ex.o
 .rodata.numerator.1
                0x08008948        0x8 ./Drivers/STM32H5xx_HAL_Driver/Src/stm32h5xx_hal_uart_ex.o
 .rodata.app_upgrade_start.str1.1
                0x08008950        0xc ./HARDWARE/LCD/Src/lcd_boot.o
 .rodata.str1.1
                0x08008950        0xa ./HARDWARE/LCD/Src/lcd_boot.o
 .rodata.k_dot_str
                0x08008950       0x10 ./HARDWARE/LCD/Src/lcd_boot.o
 .rodata.ascii_3216
                0x08008960     0x17c0 ./HARDWARE/LCD/Src/lcdfont.o
                0x08008960                ascii_3216
 .rodata.crc32_table
                0x0800a120      0x400 ./IAP/src/protocol.o
                0x0800a120                crc32_table
                0x0800a520                        . = ALIGN (0x4)

.ARM.extab      0x0800a520        0x0
                0x0800a520                        . = ALIGN (0x4)
 *(.ARM.extab* .gnu.linkonce.armextab.*)
                0x0800a520                        . = ALIGN (0x4)

.ARM            0x0800a520        0x8
                0x0800a520                        . = ALIGN (0x4)
                0x0800a520                        __exidx_start = .
 *(.ARM.exidx*)
 .ARM.exidx     0x0800a520        0x8 /opt/st/stm32cubeide_1.19.0/plugins/com.st.stm32cube.ide.mcu.externaltools.gnu-tools-for-stm32.13.3.rel1.linux64_1.0.0.202410170706/tools/bin/../lib/gcc/arm-none-eabi/13.3.1/thumb/v8-m.main+fp/hard/libgcc.a(_udivmoddi4.o)
                0x0800a528                        __exidx_end = .
                0x0800a528                        . = ALIGN (0x4)

.preinit_array  0x0800a528        0x0
                0x0800a528                        . = ALIGN (0x4)
                0x0800a528                        PROVIDE (__preinit_array_start = .)
 *(.preinit_array*)
                0x0800a528                        PROVIDE (__preinit_array_end = .)
                0x0800a528                        . = ALIGN (0x4)

.init_array     0x0800a528        0x4
                0x0800a528                        . = ALIGN (0x4)
                0x0800a528                        PROVIDE (__init_array_start = .)
 *(SORT_BY_NAME(.init_array.*))
 *(.init_array*)
 .init_array    0x0800a528        0x4 /opt/st/stm32cubeide_1.19.0/plugins/com.st.stm32cube.ide.mcu.externaltools.gnu-tools-for-stm32.13.3.rel1.linux64_1.0.0.202410170706/tools/bin/../lib/gcc/arm-none-eabi/13.3.1/thumb/v8-m.main+fp/hard/crtbegin.o
                0x0800a52c                        PROVIDE (__init_array_end = .)
                0x0800a52c                        . = ALIGN (0x4)

.fini_array     0x0800a52c        0x4
                0x0800a52c                        . = ALIGN (0x4)
                [!provide]                        PROVIDE (__fini_array_start = .)
 *(SORT_BY_NAME(.fini_array.*))
 *(.fini_array*)
 .fini_array    0x0800a52c        0x4 /opt/st/stm32cubeide_1.19.0/plugins/com.st.stm32cube.ide.mcu.externaltools.gnu-tools-for-stm32.13.3.rel1.linux64_1.0.0.202410170706/tools/bin/../lib/gcc/arm-none-eabi/13.3.1/thumb/v8-m.main+fp/hard/crtbegin.o
                [!provide]                        PROVIDE (__fini_array_end = .)
                0x0800a530                        . = ALIGN (0x4)
                0x0800a530                        _sidata = LOADADDR (.data)

.rel.dyn        0x0800a530        0x0
 .rel.iplt      0x0800a530        0x0 /opt/st/stm32cubeide_1.19.0/plugins/com.st.stm32cube.ide.mcu.externaltools.gnu-tools-for-stm32.13.3.rel1.linux64_1.0.0.202410170706/tools/bin/../lib/gcc/arm-none-eabi/13.3.1/thumb/v8-m.main+fp/hard/crtbegin.o

.data           0x20000000       0x2c load address 0x0800a530
                0x20000000                        . = ALIGN (0x4)
                0x20000000                        _sdata = .
 *(.data)
 *(.data*)
 .data.SystemCoreClock
                0x20000000        0x4 ./Core/Src/system_stm32h5xx.o
                0x20000000                SystemCoreClock
 .data.uwTickFreq
                0x20000004        0x1 ./Drivers/STM32H5xx_HAL_Driver/Src/stm32h5xx_hal.o
                0x20000004                uwTickFreq
 *fill*         0x20000005        0x3 
 .data.uwTickPrio
                0x20000008        0x4 ./Drivers/STM32H5xx_HAL_Driver/Src/stm32h5xx_hal.o
                0x20000008                uwTickPrio
 .data.pFlash   0x2000000c       0x1c ./Drivers/STM32H5xx_HAL_Driver/Src/stm32h5xx_hal_flash.o
                0x2000000c                pFlash
 .data.g_update_target_addr
                0x20000028        0x4 ./IAP/src/iap.o
                0x20000028                g_update_target_addr
 *(.RamFunc)
 *(.RamFunc*)
                0x2000002c                        . = ALIGN (0x4)
                0x2000002c                        _edata = .

.igot.plt       0x2000002c        0x0 load address 0x0800a55c
 .igot.plt      0x2000002c        0x0 /opt/st/stm32cubeide_1.19.0/plugins/com.st.stm32cube.ide.mcu.externaltools.gnu-tools-for-stm32.13.3.rel1.linux64_1.0.0.202410170706/tools/bin/../lib/gcc/arm-none-eabi/13.3.1/thumb/v8-m.main+fp/hard/crtbegin.o
                0x2000002c                        . = ALIGN (0x4)

.bss            0x20000040     0x7880 load address 0x0800a55c
                0x20000040                        _sbss = .
                0x20000040                        __bss_start__ = _sbss
 *(.bss)
 .bss           0x20000040       0x1c /opt/st/stm32cubeide_1.19.0/plugins/com.st.stm32cube.ide.mcu.externaltools.gnu-tools-for-stm32.13.3.rel1.linux64_1.0.0.202410170706/tools/bin/../lib/gcc/arm-none-eabi/13.3.1/thumb/v8-m.main+fp/hard/crtbegin.o
 *(.bss*)
 .bss.handle_GPDMA1_Channel0
                0x2000005c       0x78 ./Core/Src/spi.o
                0x2000005c                handle_GPDMA1_Channel0
 .bss.hspi1     0x200000d4       0x90 ./Core/Src/spi.o
                0x200000d4                hspi1
 .bss.rx_len    0x20000164        0x2 ./Core/Src/usart.o
                0x20000164                rx_len
 .bss.UART1_Complete_flag
                0x20000166        0x1 ./Core/Src/usart.o
                0x20000166                UART1_Complete_flag
 .bss.UART1_in_update_mode
                0x20000167        0x1 ./Core/Src/usart.o
                0x20000167                UART1_in_update_mode
 .bss.handle_GPDMA1_Channel1
                0x20000168       0x78 ./Core/Src/usart.o
                0x20000168                handle_GPDMA1_Channel1
 .bss.handle_GPDMA1_Channel2
                0x200001e0       0x78 ./Core/Src/usart.o
                0x200001e0                handle_GPDMA1_Channel2
 .bss.huart1    0x20000258       0x94 ./Core/Src/usart.o
                0x20000258                huart1
 .bss.uwTick    0x200002ec        0x4 ./Drivers/STM32H5xx_HAL_Driver/Src/stm32h5xx_hal.o
                0x200002ec                uwTick
 .bss.s_dot_phase
                0x200002f0        0x1 ./HARDWARE/LCD/Src/lcd_boot.o
 *fill*         0x200002f1        0xf 
 .bss.lcd_char_buf
                0x20000300      0x400 ./HARDWARE/LCD/Src/lcd_boot.o
 .bss.screen_fill
                0x20000700       0xf0 ./HARDWARE/LCD/Src/lcd_init.o
                0x20000700                screen_fill
 .bss.g_expected_page_count
                0x200007f0        0x2 ./IAP/src/iap.o
                0x200007f0                g_expected_page_count
 *fill*         0x200007f2        0x2 
 .bss.g_config  0x200007f4        0xc ./IAP/src/iap.o
 .bss.JumpAddress
                0x20000800        0x4 ./IAP/src/iap.o
                0x20000800                JumpAddress
 .bss.Jump_To_Application
                0x20000804        0x4 ./IAP/src/iap.o
                0x20000804                Jump_To_Application
 .bss.escaped_buf
                0x20000808       0x28 ./IAP/src/protocol.o
                0x20000808                escaped_buf
 .bss.raw_frame
                0x20000830       0x15 ./IAP/src/protocol.o
                0x20000830                raw_frame
 .bss.crc_input_send
                0x20000845       0x13 ./IAP/src/protocol.o
                0x20000845                crc_input_send
 .bss.body      0x20000858        0xf ./IAP/src/protocol.o
                0x20000858                body
 .bss.boot_to_FPGA_UL1
                0x20000867        0x8 ./IAP/src/protocol.o
                0x20000867                boot_to_FPGA_UL1
 .bss.crc_bytes
                0x2000086f        0x4 ./IAP/src/protocol.o
 *fill*         0x20000873        0x1 
 .bss.current_page_index
                0x20000874        0x2 ./IAP/src/protocol.o
 *fill*         0x20000876        0x2 
 .bss.iap_total_received
                0x20000878        0x4 ./IAP/src/protocol.o
 .bss.iap_buf_idx
                0x2000087c        0x2 ./IAP/src/protocol.o
 *fill*         0x2000087e        0x2 
 .bss.iap_write_addr
                0x20000880        0x4 ./IAP/src/protocol.o
 .bss.in_frame  0x20000884        0x1 ./IAP/src/protocol.o
 *fill*         0x20000885        0x3 
 .bss.frame_pos
                0x20000888        0x4 ./IAP/src/protocol.o
 .bss.rx_buffer
                0x2000088c     0x2800 ./IAP/src/protocol.o
                0x2000088c                rx_buffer
 .bss.frame_buf
                0x2000308c     0x2800 ./IAP/src/protocol.o
 .bss.recv_crc  0x2000588c        0x4 ./IAP/src/protocol.o
 .bss.recv_count
                0x20005890        0x4 ./IAP/src/protocol.o
 .bss.body_offset
                0x20005894        0x4 ./IAP/src/protocol.o
 .bss.body_len  0x20005898        0x4 ./IAP/src/protocol.o
 .bss.state     0x2000589c        0x1 ./IAP/src/protocol.o
 *fill*         0x2000589d        0x1 
 .bss.STMFLASH_BUF
                0x2000589e     0x2000 ./IAP/src/stmflash.o
                0x2000589e                STMFLASH_BUF
 .bss.temp_static
                0x2000789e       0x10 ./IAP/src/stmflash.o
 *fill*         0x200078ae        0x2 
 .bss.qw_data_static
                0x200078b0       0x10 ./IAP/src/stmflash.o
 *(COMMON)
                0x200078c0                        . = ALIGN (0x4)
                0x200078c0                        _ebss = .
                0x200078c0                        __bss_end__ = _ebss

._user_heap_stack
                0x200078c0      0x600 load address 0x0800a55c
                0x200078c0                        . = ALIGN (0x8)
                [!provide]                        PROVIDE (end = .)
                0x200078c0                        PROVIDE (_end = .)
                0x20007ac0                        . = (. + _Min_Heap_Size)
 *fill*         0x200078c0      0x200 
                0x20007ec0                        . = (. + _Min_Stack_Size)
 *fill*         0x20007ac0      0x400 
                0x20007ec0                        . = ALIGN (0x8)

/DISCARD/
 libc.a(*)
 libm.a(*)
 libgcc.a(*)

.ARM.attributes
                0x00000000       0x36
 *(.ARM.attributes)
 .ARM.attributes
                0x00000000       0x26 /opt/st/stm32cubeide_1.19.0/plugins/com.st.stm32cube.ide.mcu.externaltools.gnu-tools-for-stm32.13.3.rel1.linux64_1.0.0.202410170706/tools/bin/../lib/gcc/arm-none-eabi/13.3.1/thumb/v8-m.main+fp/hard/crti.o
 .ARM.attributes
                0x00000026       0x38 /opt/st/stm32cubeide_1.19.0/plugins/com.st.stm32cube.ide.mcu.externaltools.gnu-tools-for-stm32.13.3.rel1.linux64_1.0.0.202410170706/tools/bin/../lib/gcc/arm-none-eabi/13.3.1/thumb/v8-m.main+fp/hard/crtbegin.o
 .ARM.attributes
                0x0000005e       0x3a ./Core/Src/gpdma.o
 .ARM.attributes
                0x00000098       0x3a ./Core/Src/gpio.o
 .ARM.attributes
                0x000000d2       0x3a ./Core/Src/main.o
 .ARM.attributes
                0x0000010c       0x3a ./Core/Src/spi.o
 .ARM.attributes
                0x00000146       0x3a ./Core/Src/stm32h5xx_hal_msp.o
 .ARM.attributes
                0x00000180       0x3a ./Core/Src/stm32h5xx_it.o
 .ARM.attributes
                0x000001ba       0x3a ./Core/Src/system_stm32h5xx.o
 .ARM.attributes
                0x000001f4       0x3a ./Core/Src/usart.o
 .ARM.attributes
                0x0000022e       0x24 ./Core/Startup/startup_stm32h503cbtx.o
 .ARM.attributes
                0x00000252       0x3a ./Drivers/STM32H5xx_HAL_Driver/Src/stm32h5xx_hal.o
 .ARM.attributes
                0x0000028c       0x3a ./Drivers/STM32H5xx_HAL_Driver/Src/stm32h5xx_hal_cortex.o
 .ARM.attributes
                0x000002c6       0x3a ./Drivers/STM32H5xx_HAL_Driver/Src/stm32h5xx_hal_dma.o
 .ARM.attributes
                0x00000300       0x3a ./Drivers/STM32H5xx_HAL_Driver/Src/stm32h5xx_hal_dma_ex.o
 .ARM.attributes
                0x0000033a       0x3a ./Drivers/STM32H5xx_HAL_Driver/Src/stm32h5xx_hal_flash.o
 .ARM.attributes
                0x00000374       0x3a ./Drivers/STM32H5xx_HAL_Driver/Src/stm32h5xx_hal_flash_ex.o
 .ARM.attributes
                0x000003ae       0x3a ./Drivers/STM32H5xx_HAL_Driver/Src/stm32h5xx_hal_gpio.o
 .ARM.attributes
                0x000003e8       0x3a ./Drivers/STM32H5xx_HAL_Driver/Src/stm32h5xx_hal_rcc.o
 .ARM.attributes
                0x00000422       0x3a ./Drivers/STM32H5xx_HAL_Driver/Src/stm32h5xx_hal_rcc_ex.o
 .ARM.attributes
                0x0000045c       0x3a ./Drivers/STM32H5xx_HAL_Driver/Src/stm32h5xx_hal_spi.o
 .ARM.attributes
                0x00000496       0x3a ./Drivers/STM32H5xx_HAL_Driver/Src/stm32h5xx_hal_uart.o
 .ARM.attributes
                0x000004d0       0x3a ./Drivers/STM32H5xx_HAL_Driver/Src/stm32h5xx_hal_uart_ex.o
 .ARM.attributes
                0x0000050a       0x3a ./HARDWARE/LCD/Src/lcd_boot.o
 .ARM.attributes
                0x00000544       0x3a ./HARDWARE/LCD/Src/lcd_init.o
 .ARM.attributes
                0x0000057e       0x3a ./HARDWARE/LCD/Src/lcdfont.o
 .ARM.attributes
                0x000005b8       0x3a ./HARDWARE/LCD/Src/spi_func.o
 .ARM.attributes
                0x000005f2       0x3a ./IAP/src/iap.o
 .ARM.attributes
                0x0000062c       0x3a ./IAP/src/iap_image.o
 .ARM.attributes
                0x00000666       0x3a ./IAP/src/protocol.o
 .ARM.attributes
                0x000006a0       0x3a ./IAP/src/stmflash.o
 .ARM.attributes
                0x000006da       0x38 /opt/st/stm32cubeide_1.19.0/plugins/com.st.stm32cube.ide.mcu.externaltools.gnu-tools-for-stm32.13.3.rel1.linux64_1.0.0.202410170706/tools/bin/../lib/gcc/arm-none-eabi/13.3.1/../../../../arm-none-eabi/lib/thumb/v8-m.main+fp/hard/libc_nano.a(libc_a-memset.o)
 .ARM.attributes
                0x00000712       0x38 /opt/st/stm32cubeide_1.19.0/plugins/com.st.stm32cube.ide.mcu.externaltools.gnu-tools-for-stm32.13.3.rel1.linux64_1.0.0.202410170706/tools/bin/../lib/gcc/arm-none-eabi/13.3.1/../../../../arm-none-eabi/lib/thumb/v8-m.main+fp/hard/libc_nano.a(libc_a-init.o)
 .ARM.attributes
                0x0000074a       0x38 /opt/st/stm32cubeide_1.19.0/plugins/com.st.stm32cube.ide.mcu.externaltools.gnu-tools-for-stm32.13.3.rel1.linux64_1.0.0.202410170706/tools/bin/../lib/gcc/arm-none-eabi/13.3.1/../../../../arm-none-eabi/lib/thumb/v8-m.main+fp/hard/libc_nano.a(libc_a-memcpy-stub.o)
 .ARM.attributes
                0x00000782       0x26 /opt/st/stm32cubeide_1.19.0/plugins/com.st.stm32cube.ide.mcu.externaltools.gnu-tools-for-stm32.13.3.rel1.linux64_1.0.0.202410170706/tools/bin/../lib/gcc/arm-none-eabi/13.3.1/thumb/v8-m.main+fp/hard/libgcc.a(_aeabi_uldivmod.o)
 .ARM.attributes
                0x000007a8       0x38 /opt/st/stm32cubeide_1.19.0/plugins/com.st.stm32cube.ide.mcu.externaltools.gnu-tools-for-stm32.13.3.rel1.linux64_1.0.0.202410170706/tools/bin/../lib/gcc/arm-none-eabi/13.3.1/thumb/v8-m.main+fp/hard/libgcc.a(_udivmoddi4.o)
 .ARM.attributes
                0x000007e0       0x26 /opt/st/stm32cubeide_1.19.0/plugins/com.st.stm32cube.ide.mcu.externaltools.gnu-tools-for-stm32.13.3.rel1.linux64_1.0.0.202410170706/tools/bin/../lib/gcc/arm-none-eabi/13.3.1/thumb/v8-m.main+fp/hard/libgcc.a(_dvmd_tls.o)
 .ARM.attributes
                0x00000806       0x26 /opt/st/stm32cubeide_1.19.0/plugins/com.st.stm32cube.ide.mcu.externaltools.gnu-tools-for-stm32.13.3.rel1.linux64_1.0.0.202410170706/tools/bin/../lib/gcc/arm-none-eabi/13.3.1/thumb/v8-m.main+fp/hard/crtn.o
OUTPUT(bootloader.elf elf32-littlearm)
LOAD linker stubs
LOAD /opt/st/stm32cubeide_1.19.0/plugins/com.st.stm32cube.ide.mcu.externaltools.gnu-tools-for-stm32.13.3.rel1.linux64_1.0.0.202410170706/tools/bin/../lib/gcc/arm-none-eabi/13.3.1/../../../../arm-none-eabi/lib/thumb/v8-m.main+fp/hard/libc.a
LOAD /opt/st/stm32cubeide_1.19.0/plugins/com.st.stm32cube.ide.mcu.externaltools.gnu-tools-for-stm32.13.3.rel1.linux64_1.0.0.202410170706/tools/bin/../lib/gcc/arm-none-eabi/13.3.1/../../../../arm-none-eabi/lib/thumb/v8-m.main+fp/hard/libm.a
LOAD /opt/st/stm32cubeide_1.19.0/plugins/com.st.stm32cube.ide.mcu.externaltools.gnu-tools-for-stm32.13.3.rel1.linux64_1.0.0.202410170706/tools/bin/../lib/gcc/arm-none-eabi/13.3.1/thumb/v8-m.main+fp/hard/libgcc.a

.comment        0x00000000       0x43
 .comment       0x00000000       0x43 ./Core/Src/gpdma.o
                                 0x44 (size before relaxing)
 .comment       0x00000043       0x44 ./Core/Src/gpio.o
 .comment       0x00000043       0x44 ./Core/Src/main.o
 .comment       0x00000043       0x44 ./Core/Src/spi.o
 .comment       0x00000043       0x44 ./Core/Src/stm32h5xx_hal_msp.o
 .comment       0x00000043       0x44 ./Core/Src/stm32h5xx_it.o
 .comment       0x00000043       0x44 ./Core/Src/system_stm32h5xx.o
 .comment       0x00000043       0x44 ./Core/Src/usart.o
 .comment       0x00000043       0x44 ./Drivers/STM32H5xx_HAL_Driver/Src/stm32h5xx_hal.o
 .comment       0x00000043       0x44 ./Drivers/STM32H5xx_HAL_Driver/Src/stm32h5xx_hal_cortex.o
 .comment       0x00000043       0x44 ./Drivers/STM32H5xx_HAL_Driver/Src/stm32h5xx_hal_dma.o
 .comment       0x00000043       0x44 ./Drivers/STM32H5xx_HAL_Driver/Src/stm32h5xx_hal_dma_ex.o
 .comment       0x00000043       0x44 ./Drivers/STM32H5xx_HAL_Driver/Src/stm32h5xx_hal_flash.o
 .comment       0x00000043       0x44 ./Drivers/STM32H5xx_HAL_Driver/Src/stm32h5xx_hal_flash_ex.o
 .comment       0x00000043       0x44 ./Drivers/STM32H5xx_HAL_Driver/Src/stm32h5xx_hal_gpio.o
 .comment       0x00000043       0x44 ./Drivers/STM32H5xx_HAL_Driver/Src/stm32h5xx_hal_rcc.o
 .comment       0x00000043       0x44 ./Drivers/STM32H5xx_HAL_Driver/Src/stm32h5xx_hal_rcc_ex.o
 .comment       0x00000043       0x44 ./Drivers/STM32H5xx_HAL_Driver/Src/stm32h5xx_hal_spi.o
 .comment       0x00000043       0x44 ./Drivers/STM32H5xx_HAL_Driver/Src/stm32h5xx_hal_uart.o
 .comment       0x00000043       0x44 ./Drivers/STM32H5xx_HAL_Driver/Src/stm32h5xx_hal_uart_ex.o
 .comment       0x00000043       0x44 ./HARDWARE/LCD/Src/lcd_boot.o
 .comment       0x00000043       0x44 ./HARDWARE/LCD/Src/lcd_init.o
 .comment       0x00000043       0x44 ./HARDWARE/LCD/Src/lcdfont.o
 .comment       0x00000043       0x44 ./HARDWARE/LCD/Src/spi_func.o
 .comment       0x00000043       0x44 ./IAP/src/iap.o
 .comment       0x00000043       0x44 ./IAP/src/iap_image.o
 .comment       0x00000043       0x44 ./IAP/src/protocol.o
 .comment       0x00000043       0x44 ./IAP/src/stmflash.o

.debug_frame    0x00000000       0xd8
 .debug_frame   0x00000000       0x20 /opt/st/stm32cubeide_1.19.0/plugins/com.st.stm32cube.ide.mcu.externaltools.gnu-tools-for-stm32.13.3.rel1.linux64_1.0.0.202410170706/tools/bin/../lib/gcc/arm-none-eabi/13.3.1/../../../../arm-none-eabi/lib/thumb/v8-m.main+fp/hard/libc_nano.a(libc_a-memset.o)
 .debug_frame   0x00000020       0x2c /opt/st/stm32cubeide_1.19.0/plugins/com.st.stm32cube.ide.mcu.externaltools.gnu-tools-for-stm32.13.3.rel1.linux64_1.0.0.202410170706/tools/bin/../lib/gcc/arm-none-eabi/13.3.1/../../../../arm-none-eabi/lib/thumb/v8-m.main+fp/hard/libc_nano.a(libc_a-init.o)
 .debug_frame   0x0000004c       0x28 /opt/st/stm32cubeide_1.19.0/plugins/com.st.stm32cube.ide.mcu.externaltools.gnu-tools-for-stm32.13.3.rel1.linux64_1.0.0.202410170706/tools/bin/../lib/gcc/arm-none-eabi/13.3.1/../../../../arm-none-eabi/lib/thumb/v8-m.main+fp/hard/libc_nano.a(libc_a-memcpy-stub.o)
 .debug_frame   0x00000074       0x2c /opt/st/stm32cubeide_1.19.0/plugins/com.st.stm32cube.ide.mcu.externaltools.gnu-tools-for-stm32.13.3.rel1.linux64_1.0.0.202410170706/tools/bin/../lib/gcc/arm-none-eabi/13.3.1/thumb/v8-m.main+fp/hard/libgcc.a(_aeabi_uldivmod.o)
 .debug_frame   0x000000a0       0x38 /opt/st/stm32cubeide_1.19.0/plugins/com.st.stm32cube.ide.mcu.externaltools.gnu-tools-for-stm32.13.3.rel1.linux64_1.0.0.202410170706/tools/bin/../lib/gcc/arm-none-eabi/13.3.1/thumb/v8-m.main+fp/hard/libgcc.a(_udivmoddi4.o)
