../IAP/src/iap.c:16:13:FLASH_DisableWriteProtectionPages	8	static
../IAP/src/iap.c:23:6:IAP_WriteFlag	16	static
../IAP/src/iap.c:34:10:IAP_ReadFlag	8	static
../IAP/src/iap.c:46:6:IAP_UART_Init	4	static
../IAP/src/iap.c:51:6:IAP_Init	8	static
../IAP/src/iap.c:60:8:IAP_RunApp	24	static,ignoring_inline_asm
../IAP/src/iap.c:127:6:IAP_Main_Menu	8	static
../IAP/src/iap.c:196:8:IAP_Update	600	static
../IAP/src/iap.c:315:8:IAP_Update_Ymodem	24	static
../IAP/src/iap.c:355:8:IAP_Upload	16	static
../IAP/src/iap.c:382:8:IAP_Erase	16	static
