../IAP/src/iap_image.c:23:8:Config_Read	8	static
../IAP/src/iap_image.c:35:8:Config_Write	64	static
../IAP/src/iap_image.c:122:8:Config_Init	32	static
../IAP/src/iap_image.c:159:10:Calculate_Image_CRC	0	static
../IAP/src/iap_image.c:171:8:Verify_Image	8	static
../IAP/src/iap_image.c:196:10:Select_Boot_Image	24	static
../IAP/src/iap_image.c:242:9:Select_Update_Target	0	static
../IAP/src/iap_image.c:252:10:Get_Update_Address	0	static
../IAP/src/iap_image.c:262:6:Update_Start	0	static
../IAP/src/iap_image.c:284:6:Update_Complete	0	static
../IAP/src/iap_image.c:300:6:Update_Failed	0	static
../IAP/src/iap_image.c:310:6:Confirm_Boot_Success	0	static
../IAP/src/iap_image.c:327:9:Erase_Image	40	static
